Archive member included to satisfy reference by file (symbol)

/Users/rasil/Library/Application Support/Code/User/globalStorage/bmd.stm32-for-vscode/@xpack-dev-tools/arm-none-eabi-gcc/14.2.1-1.1.1/.content/bin/../lib/gcc/arm-none-eabi/14.2.1/../../../../arm-none-eabi/lib/thumb/v7e-m+dp/hard/libc_nano.a(libc_a-atexit.o)
                              /Users/rasil/Library/Application Support/Code/User/globalStorage/bmd.stm32-for-vscode/@xpack-dev-tools/arm-none-eabi-gcc/14.2.1-1.1.1/.content/bin/../lib/gcc/arm-none-eabi/14.2.1/../../../../arm-none-eabi/lib/thumb/v7e-m+dp/hard/crt0.o (atexit)
/Users/rasil/Library/Application Support/Code/User/globalStorage/bmd.stm32-for-vscode/@xpack-dev-tools/arm-none-eabi-gcc/14.2.1-1.1.1/.content/bin/../lib/gcc/arm-none-eabi/14.2.1/../../../../arm-none-eabi/lib/thumb/v7e-m+dp/hard/libc_nano.a(libc_a-exit.o)
                              /Users/rasil/Library/Application Support/Code/User/globalStorage/bmd.stm32-for-vscode/@xpack-dev-tools/arm-none-eabi-gcc/14.2.1-1.1.1/.content/bin/../lib/gcc/arm-none-eabi/14.2.1/../../../../arm-none-eabi/lib/thumb/v7e-m+dp/hard/crt0.o (exit)
/Users/rasil/Library/Application Support/Code/User/globalStorage/bmd.stm32-for-vscode/@xpack-dev-tools/arm-none-eabi-gcc/14.2.1-1.1.1/.content/bin/../lib/gcc/arm-none-eabi/14.2.1/../../../../arm-none-eabi/lib/thumb/v7e-m+dp/hard/libc_nano.a(libc_a-findfp.o)
                              /Users/rasil/Library/Application Support/Code/User/globalStorage/bmd.stm32-for-vscode/@xpack-dev-tools/arm-none-eabi-gcc/14.2.1-1.1.1/.content/bin/../lib/gcc/arm-none-eabi/14.2.1/../../../../arm-none-eabi/lib/thumb/v7e-m+dp/hard/libc_nano.a(libc_a-exit.o) (__stdio_exit_handler)
/Users/rasil/Library/Application Support/Code/User/globalStorage/bmd.stm32-for-vscode/@xpack-dev-tools/arm-none-eabi-gcc/14.2.1-1.1.1/.content/bin/../lib/gcc/arm-none-eabi/14.2.1/../../../../arm-none-eabi/lib/thumb/v7e-m+dp/hard/libc_nano.a(libc_a-fwalk.o)
                              /Users/rasil/Library/Application Support/Code/User/globalStorage/bmd.stm32-for-vscode/@xpack-dev-tools/arm-none-eabi-gcc/14.2.1-1.1.1/.content/bin/../lib/gcc/arm-none-eabi/14.2.1/../../../../arm-none-eabi/lib/thumb/v7e-m+dp/hard/libc_nano.a(libc_a-findfp.o) (_fwalk_sglue)
/Users/rasil/Library/Application Support/Code/User/globalStorage/bmd.stm32-for-vscode/@xpack-dev-tools/arm-none-eabi-gcc/14.2.1-1.1.1/.content/bin/../lib/gcc/arm-none-eabi/14.2.1/../../../../arm-none-eabi/lib/thumb/v7e-m+dp/hard/libc_nano.a(libc_a-memset.o)
                              /Users/rasil/Library/Application Support/Code/User/globalStorage/bmd.stm32-for-vscode/@xpack-dev-tools/arm-none-eabi-gcc/14.2.1-1.1.1/.content/bin/../lib/gcc/arm-none-eabi/14.2.1/../../../../arm-none-eabi/lib/thumb/v7e-m+dp/hard/crt0.o (memset)
/Users/rasil/Library/Application Support/Code/User/globalStorage/bmd.stm32-for-vscode/@xpack-dev-tools/arm-none-eabi-gcc/14.2.1-1.1.1/.content/bin/../lib/gcc/arm-none-eabi/14.2.1/../../../../arm-none-eabi/lib/thumb/v7e-m+dp/hard/libc_nano.a(libc_a-strncmp.o)
                              build/debug/uart.o (strncmp)
/Users/rasil/Library/Application Support/Code/User/globalStorage/bmd.stm32-for-vscode/@xpack-dev-tools/arm-none-eabi-gcc/14.2.1-1.1.1/.content/bin/../lib/gcc/arm-none-eabi/14.2.1/../../../../arm-none-eabi/lib/thumb/v7e-m+dp/hard/libc_nano.a(libc_a-errno.o)
                              build/debug/syscalls.o (__errno)
/Users/rasil/Library/Application Support/Code/User/globalStorage/bmd.stm32-for-vscode/@xpack-dev-tools/arm-none-eabi-gcc/14.2.1-1.1.1/.content/bin/../lib/gcc/arm-none-eabi/14.2.1/../../../../arm-none-eabi/lib/thumb/v7e-m+dp/hard/libc_nano.a(libc_a-init.o)
                              /Users/rasil/Library/Application Support/Code/User/globalStorage/bmd.stm32-for-vscode/@xpack-dev-tools/arm-none-eabi-gcc/14.2.1-1.1.1/.content/bin/../lib/gcc/arm-none-eabi/14.2.1/../../../../arm-none-eabi/lib/thumb/v7e-m+dp/hard/crt0.o (__libc_init_array)
/Users/rasil/Library/Application Support/Code/User/globalStorage/bmd.stm32-for-vscode/@xpack-dev-tools/arm-none-eabi-gcc/14.2.1-1.1.1/.content/bin/../lib/gcc/arm-none-eabi/14.2.1/../../../../arm-none-eabi/lib/thumb/v7e-m+dp/hard/libc_nano.a(libc_a-fini.o)
                              /Users/rasil/Library/Application Support/Code/User/globalStorage/bmd.stm32-for-vscode/@xpack-dev-tools/arm-none-eabi-gcc/14.2.1-1.1.1/.content/bin/../lib/gcc/arm-none-eabi/14.2.1/../../../../arm-none-eabi/lib/thumb/v7e-m+dp/hard/crt0.o (__libc_fini_array)
/Users/rasil/Library/Application Support/Code/User/globalStorage/bmd.stm32-for-vscode/@xpack-dev-tools/arm-none-eabi-gcc/14.2.1-1.1.1/.content/bin/../lib/gcc/arm-none-eabi/14.2.1/../../../../arm-none-eabi/lib/thumb/v7e-m+dp/hard/libc_nano.a(libc_a-lock.o)
[...]
Memory Configuration

Name             Origin             Length             Attributes
DTCMRAM          0x20000000         0x00020000         xrw
RAM              0x24000000         0x00080000         xrw
RAM_D2           0x30000000         0x00048000         xrw
RAM_D3           0x38000000         0x00010000         xrw
ITCMRAM          0x00000000         0x00010000         xrw
FLASH            0x08000000         0x00200000         xr
*default*        0x00000000         0xffffffff

Linker script and memory map

LOAD /Users/rasil/Library/Application Support/Code/User/globalStorage/bmd.stm32-for-vscode/@xpack-dev-tools/arm-none-eabi-gcc/14.2.1-1.1.1/.content/bin/../lib/gcc/arm-none-eabi/14.2.1/thumb/v7e-m+dp/hard/crti.o
LOAD /Users/rasil/Library/Application Support/Code/User/globalStorage/bmd.stm32-for-vscode/@xpack-dev-tools/arm-none-eabi-gcc/14.2.1-1.1.1/.content/bin/../lib/gcc/arm-none-eabi/14.2.1/thumb/v7e-m+dp/hard/crtbegin.o
LOAD /Users/rasil/Library/Application Support/Code/User/globalStorage/bmd.stm32-for-vscode/@xpack-dev-tools/arm-none-eabi-gcc/14.2.1-1.1.1/.content/bin/../lib/gcc/arm-none-eabi/14.2.1/../../../../arm-none-eabi/lib/thumb/v7e-m+dp/hard/crt0.o
LOAD build/debug/ltdc_drive.o
LOAD build/debug/main.o
LOAD build/debug/stm32h7xx_hal.o
LOAD build/debug/stm32h7xx_hal_cortex.o
LOAD build/debug/stm32h7xx_hal_dma.o
LOAD build/debug/stm32h7xx_hal_dma_ex.o
LOAD build/debug/stm32h7xx_hal_exti.o
LOAD build/debug/stm32h7xx_hal_flash.o
LOAD build/debug/stm32h7xx_hal_flash_ex.o
LOAD build/debug/stm32h7xx_hal_gpio.o
LOAD build/debug/stm32h7xx_hal_hsem.o
LOAD build/debug/stm32h7xx_hal_i2c.o
LOAD build/debug/stm32h7xx_hal_i2c_ex.o
LOAD build/debug/stm32h7xx_hal_ltdc.o
LOAD build/debug/stm32h7xx_hal_ltdc_ex.o
LOAD build/debug/stm32h7xx_hal_mdma.o
LOAD build/debug/stm32h7xx_hal_msp.o
LOAD build/debug/stm32h7xx_hal_pwr.o
LOAD build/debug/stm32h7xx_hal_pwr_ex.o
LOAD build/debug/stm32h7xx_hal_rcc.o
LOAD build/debug/stm32h7xx_hal_rcc_ex.o
LOAD build/debug/stm32h7xx_hal_uart.o
LOAD build/debug/stm32h7xx_hal_uart_ex.o
LOAD build/debug/stm32h7xx_it.o
LOAD build/debug/syscalls.o
LOAD build/debug/sysmem.o
LOAD build/debug/system_stm32h7xx.o
LOAD build/debug/uart.o
LOAD build/debug/startup_stm32h743xx.o
LOAD /Users/rasil/Library/Application Support/Code/User/globalStorage/bmd.stm32-for-vscode/@xpack-dev-tools/arm-none-eabi-gcc/14.2.1-1.1.1/.content/bin/../lib/gcc/arm-none-eabi/14.2.1/../../../../arm-none-eabi/lib/thumb/v7e-m+dp/hard/libc_nano.a
LOAD /Users/rasil/Library/Application Support/Code/User/globalStorage/bmd.stm32-for-vscode/@xpack-dev-tools/arm-none-eabi-gcc/14.2.1-1.1.1/.content/bin/../lib/gcc/arm-none-eabi/14.2.1/../../../../arm-none-eabi/lib/thumb/v7e-m+dp/hard/libm.a
LOAD /Users/rasil/Library/Application Support/Code/User/globalStorage/bmd.stm32-for-vscode/@xpack-dev-tools/arm-none-eabi-gcc/14.2.1-1.1.1/.content/bin/../lib/gcc/arm-none-eabi/14.2.1/../../../../arm-none-eabi/lib/thumb/v7e-m+dp/hard/libnosys.a
START GROUP
LOAD /Users/rasil/Library/Application Support/Code/User/globalStorage/bmd.stm32-for-vscode/@xpack-dev-tools/arm-none-eabi-gcc/14.2.1-1.1.1/.content/bin/../lib/gcc/arm-none-eabi/14.2.1/thumb/v7e-m+dp/hard/libgcc.a
LOAD /Users/rasil/Library/Application Support/Code/User/globalStorage/bmd.stm32-for-vscode/@xpack-dev-tools/arm-none-eabi-gcc/14.2.1-1.1.1/.content/bin/../lib/gcc/arm-none-eabi/14.2.1/../../../../arm-none-eabi/lib/thumb/v7e-m+dp/hard/libc_nano.a
END GROUP
START GROUP
LOAD /Users/rasil/Library/Application Support/Code/User/globalStorage/bmd.stm32-for-vscode/@xpack-dev-tools/arm-none-eabi-gcc/14.2.1-1.1.1/.content/bin/../lib/gcc/arm-none-eabi/14.2.1/thumb/v7e-m+dp/hard/libgcc.a
LOAD /Users/rasil/Library/Application Support/Code/User/globalStorage/bmd.stm32-for-vscode/@xpack-dev-tools/arm-none-eabi-gcc/14.2.1-1.1.1/.content/bin/../lib/gcc/arm-none-eabi/14.2.1/../../../../arm-none-eabi/lib/thumb/v7e-m+dp/hard/libc_nano.a
END GROUP
LOAD /Users/rasil/Library/Application Support/Code/User/globalStorage/bmd.stm32-for-vscode/@xpack-dev-tools/arm-none-eabi-gcc/14.2.1-1.1.1/.content/bin/../lib/gcc/arm-none-eabi/14.2.1/thumb/v7e-m+dp/hard/crtend.o
LOAD /Users/rasil/Library/Application Support/Code/User/globalStorage/bmd.stm32-for-vscode/@xpack-dev-tools/arm-none-eabi-gcc/14.2.1-1.1.1/.content/bin/../lib/gcc/arm-none-eabi/14.2.1/thumb/v7e-m+dp/hard/crtn.o
                0x20020000                        _estack = (ORIGIN (DTCMRAM) + LENGTH (DTCMRAM))
                0x00000200                        _Min_Heap_Size = 0x200
                0x00000400                        _Min_Stack_Size = 0x400

.isr_vector     0x08000000      0x298
                0x08000000                        . = ALIGN (0x4)
 *(.isr_vector)
 .isr_vector    0x08000000      0x298 build/debug/startup_stm32h743xx.o
                0x08000000                g_pfnVectors
                0x08000298                        . = ALIGN (0x4)

.text           0x08000298     0x3af4
                0x08000298                        . = ALIGN (0x4)
 *(.text)
 .text          0x08000298       0x30 /Users/rasil/Library/Application Support/Code/User/globalStorage/bmd.stm32-for-vscode/@xpack-dev-tools/arm-none-eabi-gcc/14.2.1-1.1.1/.content/bin/../lib/gcc/arm-none-eabi/14.2.1/thumb/v7e-m+dp/hard/libgcc.a(_aeabi_uldivmod.o)
                0x08000298                __aeabi_uldivmod
 .text          0x080002c8        0x4 /Users/rasil/Library/Application Support/Code/User/globalStorage/bmd.stm32-for-vscode/@xpack-dev-tools/arm-none-eabi-gcc/14.2.1-1.1.1/.content/bin/../lib/gcc/arm-none-eabi/14.2.1/thumb/v7e-m+dp/hard/libgcc.a(_dvmd_tls.o)
                0x080002c8                __aeabi_ldiv0
                0x080002c8                __aeabi_idiv0
 *(.text*)
 .text.__do_global_dtors_aux
                0x080002cc       0x24 /Users/rasil/Library/Application Support/Code/User/globalStorage/bmd.stm32-for-vscode/@xpack-dev-tools/arm-none-eabi-gcc/14.2.1-1.1.1/.content/bin/../lib/gcc/arm-none-eabi/14.2.1/thumb/v7e-m+dp/hard/crtbegin.o
 .text.frame_dummy
                0x080002f0       0x1c /Users/rasil/Library/Application Support/Code/User/globalStorage/bmd.stm32-for-vscode/@xpack-dev-tools/arm-none-eabi-gcc/14.2.1-1.1.1/.content/bin/../lib/gcc/arm-none-eabi/14.2.1/thumb/v7e-m+dp/hard/crtbegin.o
 .text.LTDC_Init
                0x0800030c       0xc0 build/debug/ltdc_drive.o
                0x0800030c                LTDC_Init
 .text.FillFrameBuffer
                0x080003cc       0x12 build/debug/ltdc_drive.o
                0x080003cc                FillFrameBuffer
 *fill*         0x080003de        0x2 
 .text.LTDC_IRQHandler
                0x080003e0       0x1c build/debug/ltdc_drive.o
                0x080003e0                LTDC_IRQHandler
 .text.MX_GPIO_Init
                0x080003fc       0xb4 build/debug/main.o
 .text.MPU_Config
                0x080004b0       0x52 build/debug/main.o
 *fill*         0x08000502        0x2 
 .text.LTDC_FSM_Handle
                0x08000504       0x64 build/debug/main.o
                0x08000504                LTDC_FSM_Handle
 .text.Error_Handler
                0x08000568        0x4 build/debug/main.o
                0x08000568                Error_Handler
 .text.SystemClock_Config
                0x0800056c      0x100 build/debug/main.o
                0x0800056c                SystemClock_Config
 .text.main     0x0800066c       0x58 build/debug/main.o
                0x0800066c                main
 .text.HAL_InitTick
                0x080006c4       0x50 build/debug/stm32h7xx_hal.o
                0x080006c4                HAL_InitTick
 .text.HAL_Init
                0x08000714       0x5c build/debug/stm32h7xx_hal.o
                0x08000714                HAL_Init
 .text.HAL_IncTick
                0x08000770       0x18 build/debug/stm32h7xx_hal.o
                0x08000770                HAL_IncTick
 .text.HAL_GetTick
                0x08000788        0xc build/debug/stm32h7xx_hal.o
                0x08000788                HAL_GetTick
 .text.HAL_GetREVID
                0x08000794        0xc build/debug/stm32h7xx_hal.o
                0x08000794                HAL_GetREVID
 .text.__NVIC_EnableIRQ
                0x080007a0       0x1c build/debug/stm32h7xx_hal_cortex.o
 .text.__NVIC_SetPriority
                0x080007bc       0x24 build/debug/stm32h7xx_hal_cortex.o
 .text.NVIC_EncodePriority
                0x080007e0       0x3e build/debug/stm32h7xx_hal_cortex.o
 *fill*         0x0800081e        0x2 
 .text.HAL_NVIC_SetPriorityGrouping
                0x08000820       0x24 build/debug/stm32h7xx_hal_cortex.o
                0x08000820                HAL_NVIC_SetPriorityGrouping
 .text.HAL_NVIC_SetPriority
                0x08000844       0x20 build/debug/stm32h7xx_hal_cortex.o
                0x08000844                HAL_NVIC_SetPriority
 .text.HAL_NVIC_EnableIRQ
                0x08000864        0x8 build/debug/stm32h7xx_hal_cortex.o
                0x08000864                HAL_NVIC_EnableIRQ
 .text.HAL_SYSTICK_Config
                0x0800086c       0x28 build/debug/stm32h7xx_hal_cortex.o
                0x0800086c                HAL_SYSTICK_Config
 .text.HAL_MPU_Disable
                0x08000894       0x1c build/debug/stm32h7xx_hal_cortex.o
                0x08000894                HAL_MPU_Disable
 .text.HAL_MPU_Enable
                0x080008b0       0x20 build/debug/stm32h7xx_hal_cortex.o
                0x080008b0                HAL_MPU_Enable
 .text.HAL_MPU_ConfigRegion
                0x080008d0       0x58 build/debug/stm32h7xx_hal_cortex.o
                0x080008d0                HAL_MPU_ConfigRegion
 .text.HAL_GPIO_Init
                0x08000928      0x220 build/debug/stm32h7xx_hal_gpio.o
                0x08000928                HAL_GPIO_Init
 .text.LTDC_SetConfig
                0x08000b48      0x18c build/debug/stm32h7xx_hal_ltdc.o
 .text.HAL_LTDC_Init
                0x08000cd4       0xbc build/debug/stm32h7xx_hal_ltdc.o
                0x08000cd4                HAL_LTDC_Init
 .text.HAL_LTDC_ConfigLayer
                0x08000d90       0x68 build/debug/stm32h7xx_hal_ltdc.o
                0x08000d90                HAL_LTDC_ConfigLayer
 .text.HAL_LTDC_ProgramLineEvent
                0x08000df8       0x48 build/debug/stm32h7xx_hal_ltdc.o
                0x08000df8                HAL_LTDC_ProgramLineEvent
 .text.HAL_MspInit
                0x08000e40       0x24 build/debug/stm32h7xx_hal_msp.o
                0x08000e40                HAL_MspInit
 .text.HAL_LTDC_MspInit
                0x08000e64      0x1f0 build/debug/stm32h7xx_hal_msp.o
                0x08000e64                HAL_LTDC_MspInit
 .text.HAL_UART_MspInit
                0x08001054        0x2 build/debug/stm32h7xx_hal_msp.o
                0x08001054                HAL_UART_MspInit
 *fill*         0x08001056        0x2 
 .text.HAL_PWREx_ConfigSupply
                0x08001058       0x54 build/debug/stm32h7xx_hal_pwr_ex.o
                0x08001058                HAL_PWREx_ConfigSupply
 .text.HAL_RCC_OscConfig
                0x080010ac      0x6b0 build/debug/stm32h7xx_hal_rcc.o
                0x080010ac                HAL_RCC_OscConfig
 .text.HAL_RCC_GetSysClockFreq
                0x0800175c      0x1f8 build/debug/stm32h7xx_hal_rcc.o
                0x0800175c                HAL_RCC_GetSysClockFreq
 .text.HAL_RCC_ClockConfig
                0x08001954      0x294 build/debug/stm32h7xx_hal_rcc.o
                0x08001954                HAL_RCC_ClockConfig
 .text.HAL_RCC_GetHCLKFreq
                0x08001be8       0x44 build/debug/stm32h7xx_hal_rcc.o
                0x08001be8                HAL_RCC_GetHCLKFreq
 .text.HAL_RCC_GetPCLK1Freq
                0x08001c2c       0x24 build/debug/stm32h7xx_hal_rcc.o
                0x08001c2c                HAL_RCC_GetPCLK1Freq
 .text.HAL_RCC_GetPCLK2Freq
                0x08001c50       0x24 build/debug/stm32h7xx_hal_rcc.o
                0x08001c50                HAL_RCC_GetPCLK2Freq
 .text.RCCEx_PLL2_Config
                0x08001c74      0x108 build/debug/stm32h7xx_hal_rcc_ex.o
 .text.RCCEx_PLL3_Config
                0x08001d7c      0x108 build/debug/stm32h7xx_hal_rcc_ex.o
 .text.HAL_RCCEx_PeriphCLKConfig
                0x08001e84      0xab8 build/debug/stm32h7xx_hal_rcc_ex.o
                0x08001e84                HAL_RCCEx_PeriphCLKConfig
 .text.HAL_RCCEx_GetD3PCLK1Freq
                0x0800293c       0x24 build/debug/stm32h7xx_hal_rcc_ex.o
                0x0800293c                HAL_RCCEx_GetD3PCLK1Freq
 .text.HAL_RCCEx_GetPLL2ClockFreq
                0x08002960      0x200 build/debug/stm32h7xx_hal_rcc_ex.o
                0x08002960                HAL_RCCEx_GetPLL2ClockFreq
 .text.HAL_RCCEx_GetPLL3ClockFreq
                0x08002b60      0x200 build/debug/stm32h7xx_hal_rcc_ex.o
                0x08002b60                HAL_RCCEx_GetPLL3ClockFreq
 .text.UART_EndRxTransfer
                0x08002d60       0x58 build/debug/stm32h7xx_hal_uart.o
 .text.UART_SetConfig
                0x08002db8      0x5f4 build/debug/stm32h7xx_hal_uart.o
                0x08002db8                UART_SetConfig
 .text.UART_AdvFeatureConfig
                0x080033ac       0xca build/debug/stm32h7xx_hal_uart.o
                0x080033ac                UART_AdvFeatureConfig
 .text.UART_WaitOnFlagUntilTimeout
                0x08003476       0xa6 build/debug/stm32h7xx_hal_uart.o
                0x08003476                UART_WaitOnFlagUntilTimeout
 .text.HAL_UART_Transmit
                0x0800351c       0xd0 build/debug/stm32h7xx_hal_uart.o
                0x0800351c                HAL_UART_Transmit
 .text.UART_CheckIdleState
                0x080035ec       0xca build/debug/stm32h7xx_hal_uart.o
                0x080035ec                UART_CheckIdleState
 .text.HAL_UART_Init
                0x080036b6       0x66 build/debug/stm32h7xx_hal_uart.o
                0x080036b6                HAL_UART_Init
 .text.NMI_Handler
                0x0800371c        0x2 build/debug/stm32h7xx_it.o
                0x0800371c                NMI_Handler
 .text.HardFault_Handler
                0x0800371e        0x2 build/debug/stm32h7xx_it.o
                0x0800371e                HardFault_Handler
 .text.MemManage_Handler
                0x08003720        0x2 build/debug/stm32h7xx_it.o
                0x08003720                MemManage_Handler
 .text.BusFault_Handler
                0x08003722        0x2 build/debug/stm32h7xx_it.o
                0x08003722                BusFault_Handler
 .text.UsageFault_Handler
                0x08003724        0x2 build/debug/stm32h7xx_it.o
                0x08003724                UsageFault_Handler
 .text.SVC_Handler
                0x08003726        0x2 build/debug/stm32h7xx_it.o
                0x08003726                SVC_Handler
 .text.DebugMon_Handler
                0x08003728        0x2 build/debug/stm32h7xx_it.o
                0x08003728                DebugMon_Handler
 .text.PendSV_Handler
                0x0800372a        0x2 build/debug/stm32h7xx_it.o
                0x0800372a                PendSV_Handler
 .text.SysTick_Handler
                0x0800372c        0x8 build/debug/stm32h7xx_it.o
                0x0800372c                SysTick_Handler
 .text.SystemInit
                0x08003734       0xf0 build/debug/system_stm32h7xx.o
                0x08003734                SystemInit
 .text.ExitRun0Mode
                0x08003824       0x1c build/debug/system_stm32h7xx.o
                0x08003824                ExitRun0Mode
 .text.UART_Init
                0x08003840       0xec build/debug/uart.o
                0x08003840                UART_Init
 .text.UART_HandlePacket
                0x0800392c       0x3c build/debug/uart.o
                0x0800392c                UART_HandlePacket
 .text.USART1_IRQHandler
                0x08003968       0x40 build/debug/uart.o
                0x08003968                USART1_IRQHandler
 .text.Reset_Handler
                0x080039a8       0x54 build/debug/startup_stm32h743xx.o
                0x080039a8                Reset_Handler
 .text.Default_Handler
                0x080039fc        0x2 build/debug/startup_stm32h743xx.o
                0x080039fc                DMA1_Stream3_IRQHandler
                0x080039fc                EXTI2_IRQHandler
                0x080039fc                TIM8_CC_IRQHandler
                0x080039fc                HRTIM1_Master_IRQHandler
                0x080039fc                UART8_IRQHandler
                0x080039fc                SPI4_IRQHandler
                0x080039fc                TIM1_CC_IRQHandler
                0x080039fc                BDMA_Channel6_IRQHandler
                0x080039fc                DMA2_Stream5_IRQHandler
                0x080039fc                HRTIM1_FLT_IRQHandler
                0x080039fc                JPEG_IRQHandler
                0x080039fc                DMA1_Stream5_IRQHandler
                0x080039fc                BDMA_Channel1_IRQHandler
                0x080039fc                HRTIM1_TIMD_IRQHandler
                0x080039fc                TAMP_STAMP_IRQHandler
                0x080039fc                EXTI3_IRQHandler
                0x080039fc                LPTIM4_IRQHandler
                0x080039fc                TIM8_TRG_COM_TIM14_IRQHandler
                0x080039fc                LPTIM2_IRQHandler
                0x080039fc                DFSDM1_FLT1_IRQHandler
                0x080039fc                DMAMUX2_OVR_IRQHandler
                0x080039fc                TIM8_UP_TIM13_IRQHandler
                0x080039fc                I2C3_ER_IRQHandler
                0x080039fc                DFSDM1_FLT2_IRQHandler
                0x080039fc                MDMA_IRQHandler
                0x080039fc                LPTIM3_IRQHandler
                0x080039fc                HSEM1_IRQHandler
                0x080039fc                EXTI0_IRQHandler
                0x080039fc                I2C2_EV_IRQHandler
                0x080039fc                DMA1_Stream2_IRQHandler
                0x080039fc                FPU_IRQHandler
                0x080039fc                OTG_HS_WKUP_IRQHandler
                0x080039fc                FDCAN1_IT1_IRQHandler
                0x080039fc                LTDC_ER_IRQHandler
                0x080039fc                DMA2_Stream2_IRQHandler
                0x080039fc                HRTIM1_TIME_IRQHandler
                0x080039fc                SPI1_IRQHandler
                0x080039fc                TIM6_DAC_IRQHandler
                0x080039fc                DCMI_IRQHandler
                0x080039fc                HRTIM1_TIMC_IRQHandler
                0x080039fc                DMA2_Stream3_IRQHandler
                0x080039fc                SAI2_IRQHandler
                0x080039fc                DFSDM1_FLT3_IRQHandler
                0x080039fc                USART6_IRQHandler
                0x080039fc                TIM17_IRQHandler
                0x080039fc                USART3_IRQHandler
                0x080039fc                BDMA_Channel7_IRQHandler
                0x080039fc                LPTIM5_IRQHandler
                0x080039fc                UART5_IRQHandler
                0x080039fc                ADC3_IRQHandler
                0x080039fc                DMA2_Stream0_IRQHandler
                0x080039fc                TIM4_IRQHandler
                0x080039fc                BDMA_Channel2_IRQHandler
                0x080039fc                QUADSPI_IRQHandler
                0x080039fc                I2C1_EV_IRQHandler
                0x080039fc                DMA1_Stream6_IRQHandler
                0x080039fc                DMAMUX1_OVR_IRQHandler
                0x080039fc                DMA1_Stream1_IRQHandler
                0x080039fc                TIM16_IRQHandler
                0x080039fc                UART4_IRQHandler
                0x080039fc                BDMA_Channel5_IRQHandler
                0x080039fc                TIM3_IRQHandler
                0x080039fc                RCC_IRQHandler
                0x080039fc                TIM8_BRK_TIM12_IRQHandler
                0x080039fc                TIM1_TRG_COM_IRQHandler
                0x080039fc                Default_Handler
                0x080039fc                ECC_IRQHandler
                0x080039fc                CEC_IRQHandler
                0x080039fc                EXTI15_10_IRQHandler
                0x080039fc                BDMA_Channel0_IRQHandler
                0x080039fc                ADC_IRQHandler
                0x080039fc                DMA1_Stream7_IRQHandler
                0x080039fc                HRTIM1_TIMA_IRQHandler
                0x080039fc                SPI5_IRQHandler
                0x080039fc                TIM7_IRQHandler
                0x080039fc                SDMMC1_IRQHandler
                0x080039fc                TIM5_IRQHandler
                0x080039fc                DMA2_Stream7_IRQHandler
                0x080039fc                TIM15_IRQHandler
                0x080039fc                PVD_AVD_IRQHandler
                0x080039fc                I2C3_EV_IRQHandler
                0x080039fc                EXTI9_5_IRQHandler
                0x080039fc                RTC_WKUP_IRQHandler
                0x080039fc                SAI3_IRQHandler
                0x080039fc                ETH_WKUP_IRQHandler
                0x080039fc                SPDIF_RX_IRQHandler
                0x080039fc                SPI2_IRQHandler
                0x080039fc                OTG_HS_EP1_IN_IRQHandler
                0x080039fc                DMA1_Stream0_IRQHandler
                0x080039fc                CRS_IRQHandler
                0x080039fc                EXTI4_IRQHandler
                0x080039fc                RNG_IRQHandler
                0x080039fc                HRTIM1_TIMB_IRQHandler
                0x080039fc                FDCAN2_IT1_IRQHandler
                0x080039fc                ETH_IRQHandler
                0x080039fc                TIM1_UP_IRQHandler
                0x080039fc                BDMA_Channel4_IRQHandler
                0x080039fc                OTG_HS_EP1_OUT_IRQHandler
                0x080039fc                WWDG_IRQHandler
                0x080039fc                SPI6_IRQHandler
                0x080039fc                MDIOS_IRQHandler
                0x080039fc                I2C4_EV_IRQHandler
                0x080039fc                FDCAN2_IT0_IRQHandler
                0x080039fc                LPUART1_IRQHandler
                0x080039fc                FDCAN1_IT0_IRQHandler
                0x080039fc                TIM2_IRQHandler
                0x080039fc                OTG_FS_WKUP_IRQHandler
                0x080039fc                OTG_HS_IRQHandler
                0x080039fc                DMA2D_IRQHandler
                0x080039fc                TIM1_BRK_IRQHandler
                0x080039fc                EXTI1_IRQHandler
                0x080039fc                SDMMC2_IRQHandler
                0x080039fc                OTG_FS_EP1_OUT_IRQHandler
                0x080039fc                BDMA_Channel3_IRQHandler
                0x080039fc                UART7_IRQHandler
                0x080039fc                MDIOS_WKUP_IRQHandler
                0x080039fc                USART2_IRQHandler
                0x080039fc                DFSDM1_FLT0_IRQHandler
                0x080039fc                SAI4_IRQHandler
                0x080039fc                I2C2_ER_IRQHandler
                0x080039fc                DMA2_Stream1_IRQHandler
                0x080039fc                FLASH_IRQHandler
                0x080039fc                DMA2_Stream4_IRQHandler
                0x080039fc                OTG_FS_IRQHandler
                0x080039fc                SPI3_IRQHandler
                0x080039fc                WAKEUP_PIN_IRQHandler
                0x080039fc                DMA1_Stream4_IRQHandler
                0x080039fc                OTG_FS_EP1_IN_IRQHandler
                0x080039fc                I2C1_ER_IRQHandler
                0x080039fc                FMC_IRQHandler
                0x080039fc                FDCAN_CAL_IRQHandler
                0x080039fc                SWPMI1_IRQHandler
                0x080039fc                COMP1_IRQHandler
                0x080039fc                LPTIM1_IRQHandler
                0x080039fc                I2C4_ER_IRQHandler
                0x080039fc                DMA2_Stream6_IRQHandler
                0x080039fc                SAI1_IRQHandler
                0x080039fc                RTC_Alarm_IRQHandler
 .text.memset   0x080039fe       0x10 /Users/rasil/Library/Application Support/Code/User/globalStorage/bmd.stm32-for-vscode/@xpack-dev-tools/arm-none-eabi-gcc/14.2.1-1.1.1/.content/bin/../lib/gcc/arm-none-eabi/14.2.1/../../../../arm-none-eabi/lib/thumb/v7e-m+dp/hard/libc_nano.a(libc_a-memset.o)
                0x080039fe                memset
 .text.strncmp  0x08003a0e       0x24 /Users/rasil/Library/Application Support/Code/User/globalStorage/bmd.stm32-for-vscode/@xpack-dev-tools/arm-none-eabi-gcc/14.2.1-1.1.1/.content/bin/../lib/gcc/arm-none-eabi/14.2.1/../../../../arm-none-eabi/lib/thumb/v7e-m+dp/hard/libc_nano.a(libc_a-strncmp.o)
                0x08003a0e                strncmp
 *fill*         0x08003a32        0x2 
 .text.__libc_init_array
                0x08003a34       0x48 /Users/rasil/Library/Application Support/Code/User/globalStorage/bmd.stm32-for-vscode/@xpack-dev-tools/arm-none-eabi-gcc/14.2.1-1.1.1/.content/bin/../lib/gcc/arm-none-eabi/14.2.1/../../../../arm-none-eabi/lib/thumb/v7e-m+dp/hard/libc_nano.a(libc_a-init.o)
                0x08003a34                __libc_init_array
 .text.__udivmoddi4
                0x08003a7c      0x2f8 /Users/rasil/Library/Application Support/Code/User/globalStorage/bmd.stm32-for-vscode/@xpack-dev-tools/arm-none-eabi-gcc/14.2.1-1.1.1/.content/bin/../lib/gcc/arm-none-eabi/14.2.1/thumb/v7e-m+dp/hard/libgcc.a(_udivmoddi4.o)
                0x08003a7c                __udivmoddi4
 *(.glue_7)
 .glue_7        0x08003d74        0x0 linker stubs
 *(.glue_7t)
 .glue_7t       0x08003d74        0x0 linker stubs
 *(.eh_frame)
 .eh_frame      0x08003d74        0x0 /Users/rasil/Library/Application Support/Code/User/globalStorage/bmd.stm32-for-vscode/@xpack-dev-tools/arm-none-eabi-gcc/14.2.1-1.1.1/.content/bin/../lib/gcc/arm-none-eabi/14.2.1/thumb/v7e-m+dp/hard/crtbegin.o
 *(.init)
 .init          0x08003d74        0x4 /Users/rasil/Library/Application Support/Code/User/globalStorage/bmd.stm32-for-vscode/@xpack-dev-tools/arm-none-eabi-gcc/14.2.1-1.1.1/.content/bin/../lib/gcc/arm-none-eabi/14.2.1/thumb/v7e-m+dp/hard/crti.o
                0x08003d74                _init
 .init          0x08003d78        0x8 /Users/rasil/Library/Application Support/Code/User/globalStorage/bmd.stm32-for-vscode/@xpack-dev-tools/arm-none-eabi-gcc/14.2.1-1.1.1/.content/bin/../lib/gcc/arm-none-eabi/14.2.1/thumb/v7e-m+dp/hard/crtn.o
 *(.fini)
 .fini          0x08003d80        0x4 /Users/rasil/Library/Application Support/Code/User/globalStorage/bmd.stm32-for-vscode/@xpack-dev-tools/arm-none-eabi-gcc/14.2.1-1.1.1/.content/bin/../lib/gcc/arm-none-eabi/14.2.1/thumb/v7e-m+dp/hard/crti.o
                0x08003d80                _fini
 .fini          0x08003d84        0x8 /Users/rasil/Library/Application Support/Code/User/globalStorage/bmd.stm32-for-vscode/@xpack-dev-tools/arm-none-eabi-gcc/14.2.1-1.1.1/.content/bin/../lib/gcc/arm-none-eabi/14.2.1/thumb/v7e-m+dp/hard/crtn.o
                0x08003d8c                        . = ALIGN (0x4)
                0x08003d8c                        _etext = .

.vfp11_veneer   0x08003d8c        0x0
 .vfp11_veneer  0x08003d8c        0x0 linker stubs

.v4_bx          0x08003d8c        0x0
 .v4_bx         0x08003d8c        0x0 linker stubs

.iplt           0x08003d8c        0x0
 .iplt          0x08003d8c        0x0 /Users/rasil/Library/Application Support/Code/User/globalStorage/bmd.stm32-for-vscode/@xpack-dev-tools/arm-none-eabi-gcc/14.2.1-1.1.1/.content/bin/../lib/gcc/arm-none-eabi/14.2.1/thumb/v7e-m+dp/hard/crtbegin.o

.rodata         0x08003d8c       0x40
                0x08003d8c                        . = ALIGN (0x4)
 *(.rodata)
 *(.rodata*)
 .rodata.UARTPrescTable
                0x08003d8c       0x18 build/debug/stm32h7xx_hal_uart.o
                0x08003d8c                UARTPrescTable
 .rodata.D1CorePrescTable
                0x08003da4       0x10 build/debug/system_stm32h7xx.o
                0x08003da4                D1CorePrescTable
 .rodata.UART_Init.str1.4
                0x08003db4       0x18 build/debug/uart.o
                                  0x9 (size before relaxing)
 .rodata.UART_HandlePacket.str1.4
                0x08003dcc        0xc build/debug/uart.o
                0x08003dd8                        . = ALIGN (0x4)

.ARM.extab      0x08003dcc        0x0
                0x08003dcc                        . = ALIGN (0x4)
 *(.ARM.extab* .gnu.linkonce.armextab.*)
                0x08003dcc                        . = ALIGN (0x4)

.ARM            0x08003dcc        0x8
                0x08003dcc                        . = ALIGN (0x4)
                0x08003dcc                        __exidx_start = .
 *(.ARM.exidx*)
 .ARM.exidx.text.__udivmoddi4
                0x08003dcc        0x8 /Users/rasil/Library/Application Support/Code/User/globalStorage/bmd.stm32-for-vscode/@xpack-dev-tools/arm-none-eabi-gcc/14.2.1-1.1.1/.content/bin/../lib/gcc/arm-none-eabi/14.2.1/thumb/v7e-m+dp/hard/libgcc.a(_udivmoddi4.o)
                0x08003dd4                        __exidx_end = .
                0x08003dd4                        . = ALIGN (0x4)

.preinit_array  0x08003dd4        0x0
                0x08003dd4                        . = ALIGN (0x4)
                0x08003dd4                        PROVIDE (__preinit_array_start = .)
 *(.preinit_array*)
                0x08003dd4                        PROVIDE (__preinit_array_end = .)
                0x08003dd4                        . = ALIGN (0x4)

.init_array     0x08003dd4        0x4
                0x08003dd4                        . = ALIGN (0x4)
                0x08003dd4                        PROVIDE (__init_array_start = .)
 *(SORT_BY_NAME(.init_array.*))
 *(.init_array*)
 .init_array    0x08003dd4        0x4 /Users/rasil/Library/Application Support/Code/User/globalStorage/bmd.stm32-for-vscode/@xpack-dev-tools/arm-none-eabi-gcc/14.2.1-1.1.1/.content/bin/../lib/gcc/arm-none-eabi/14.2.1/thumb/v7e-m+dp/hard/crtbegin.o
                0x08003dd8                        PROVIDE (__init_array_end = .)
                0x08003dd8                        . = ALIGN (0x4)

.fini_array     0x08003dd8        0x4
                0x08003dd8                        . = ALIGN (0x4)
                0x08003dd8                        PROVIDE (__fini_array_start = .)
 *(SORT_BY_NAME(.fini_array.*))
 *(.fini_array*)
 .fini_array    0x08003dd8        0x4 /Users/rasil/Library/Application Support/Code/User/globalStorage/bmd.stm32-for-vscode/@xpack-dev-tools/arm-none-eabi-gcc/14.2.1-1.1.1/.content/bin/../lib/gcc/arm-none-eabi/14.2.1/thumb/v7e-m+dp/hard/crtbegin.o
                0x08003ddc                        PROVIDE (__fini_array_end = .)
                0x08003ddc                        . = ALIGN (0x4)
                0x08003ddc                        _sidata = LOADADDR (.data)

.rel.dyn        0x08003ddc        0x0
 .rel.iplt      0x08003ddc        0x0 /Users/rasil/Library/Application Support/Code/User/globalStorage/bmd.stm32-for-vscode/@xpack-dev-tools/arm-none-eabi-gcc/14.2.1-1.1.1/.content/bin/../lib/gcc/arm-none-eabi/14.2.1/thumb/v7e-m+dp/hard/crtbegin.o

.data           0x20000000       0x10 load address 0x08003ddc
                0x20000000                        . = ALIGN (0x4)
                0x20000000                        _sdata = .
 *(.data)
 *(.data*)
 .data.uwTickFreq
                0x20000000        0x1 build/debug/stm32h7xx_hal.o
                0x20000000                uwTickFreq
 *fill*         0x20000001        0x3 
 .data.uwTickPrio
                0x20000004        0x4 build/debug/stm32h7xx_hal.o
                0x20000004                uwTickPrio
 .data.SystemD2Clock
                0x20000008        0x4 build/debug/system_stm32h7xx.o
                0x20000008                SystemD2Clock
 .data.SystemCoreClock
                0x2000000c        0x4 build/debug/system_stm32h7xx.o
                0x2000000c                SystemCoreClock
 *(.RamFunc)
 *(.RamFunc*)
                0x20000010                        . = ALIGN (0x4)
                0x20000010                        _edata = .

.igot.plt       0x20000010        0x0 load address 0x08003dec
 .igot.plt      0x20000010        0x0 /Users/rasil/Library/Application Support/Code/User/globalStorage/bmd.stm32-for-vscode/@xpack-dev-tools/arm-none-eabi-gcc/14.2.1-1.1.1/.content/bin/../lib/gcc/arm-none-eabi/14.2.1/thumb/v7e-m+dp/hard/crtbegin.o
                0x20000010                        . = ALIGN (0x4)

.bss            0x20000010      0x1e4 load address 0x08003dec
                0x20000010                        _sbss = .
                0x20000010                        __bss_start__ = _sbss
 *(.bss)
 *(.bss*)
 .bss.completed.1
                0x20000010        0x1 /Users/rasil/Library/Application Support/Code/User/globalStorage/bmd.stm32-for-vscode/@xpack-dev-tools/arm-none-eabi-gcc/14.2.1-1.1.1/.content/bin/../lib/gcc/arm-none-eabi/14.2.1/thumb/v7e-m+dp/hard/crtbegin.o
 *fill*         0x20000011        0x3 
 .bss.object.0  0x20000014       0x18 /Users/rasil/Library/Application Support/Code/User/globalStorage/bmd.stm32-for-vscode/@xpack-dev-tools/arm-none-eabi-gcc/14.2.1-1.1.1/.content/bin/../lib/gcc/arm-none-eabi/14.2.1/thumb/v7e-m+dp/hard/crtbegin.o
 .bss.MainLTDC  0x2000002c       0xe8 build/debug/main.o
                0x2000002c                MainLTDC
 .bss.flag_ltdc_work
                0x20000114        0x1 build/debug/main.o
                0x20000114                flag_ltdc_work
 *fill*         0x20000115        0x3 
 .bss.uwTick    0x20000118        0x4 build/debug/stm32h7xx_hal.o
                0x20000118                uwTick
 .bss.packet_buffer
                0x2000011c       0x40 build/debug/uart.o
                0x2000011c                packet_buffer
 .bss.packet_index
                0x2000015c        0x1 build/debug/uart.o
                0x2000015c                packet_index
 .bss.packet_received
                0x2000015d        0x1 build/debug/uart.o
                0x2000015d                packet_received
 .bss.flag_uart_irq
                0x2000015e        0x1 build/debug/uart.o
                0x2000015e                flag_uart_irq
 *fill*         0x2000015f        0x1 
 .bss.huart1    0x20000160       0x94 build/debug/uart.o
                0x20000160                huart1
 *(COMMON)
                0x200001f4                        . = ALIGN (0x4)
                0x200001f4                        _ebss = .
                0x200001f4                        __bss_end__ = _ebss

.video_buffers  0x24000000    0x4b000
                0x24000000                        . = ALIGN (0x20)
                0x24000000                        __video_buffer_start__ = .
 *(.video_buffers)
 .video_buffers
                0x24000000    0x4b000 build/debug/main.o
 *(.video_buffers*)
                0x2404b000                        . = ALIGN (0x20)
                0x2404b000                        __video_buffer_end__ = .

._user_heap_stack
                0x200001f4      0x604
                0x200001f8                        . = ALIGN (0x8)
 *fill*         0x200001f4        0x4 
                [!provide]                        PROVIDE (end = .)
                0x200001f8                        PROVIDE (_end = .)
                0x200003f8                        . = (. + _Min_Heap_Size)
 *fill*         0x200001f8      0x200 
                0x200007f8                        . = (. + _Min_Stack_Size)
 *fill*         0x200003f8      0x400 
                0x200007f8                        . = ALIGN (0x8)

/DISCARD/
 libc.a(*)
 libm.a(*)
 libgcc.a(*)
OUTPUT(build/debug/displayController.elf elf32-littlearm)
LOAD linker stubs
LOAD /Users/rasil/Library/Application Support/Code/User/globalStorage/bmd.stm32-for-vscode/@xpack-dev-tools/arm-none-eabi-gcc/14.2.1-1.1.1/.content/bin/../lib/gcc/arm-none-eabi/14.2.1/../../../../arm-none-eabi/lib/thumb/v7e-m+dp/hard/libc.a
LOAD /Users/rasil/Library/Application Support/Code/User/globalStorage/bmd.stm32-for-vscode/@xpack-dev-tools/arm-none-eabi-gcc/14.2.1-1.1.1/.content/bin/../lib/gcc/arm-none-eabi/14.2.1/../../../../arm-none-eabi/lib/thumb/v7e-m+dp/hard/libm.a
LOAD /Users/rasil/Library/Application Support/Code/User/globalStorage/bmd.stm32-for-vscode/@xpack-dev-tools/arm-none-eabi-gcc/14.2.1-1.1.1/.content/bin/../lib/gcc/arm-none-eabi/14.2.1/thumb/v7e-m+dp/hard/libgcc.a

.ARM.attributes
                0x00000000       0x2e
 .ARM.attributes
                0x00000000       0x20 /Users/rasil/Library/Application Support/Code/User/globalStorage/bmd.stm32-for-vscode/@xpack-dev-tools/arm-none-eabi-gcc/14.2.1-1.1.1/.content/bin/../lib/gcc/arm-none-eabi/14.2.1/thumb/v7e-m+dp/hard/crti.o
 .ARM.attributes
                0x00000020       0x32 /Users/rasil/Library/Application Support/Code/User/globalStorage/bmd.stm32-for-vscode/@xpack-dev-tools/arm-none-eabi-gcc/14.2.1-1.1.1/.content/bin/../lib/gcc/arm-none-eabi/14.2.1/thumb/v7e-m+dp/hard/crtbegin.o
 .ARM.attributes
                0x00000052       0x32 build/debug/ltdc_drive.o
 .ARM.attributes
                0x00000084       0x32 build/debug/main.o
 .ARM.attributes
                0x000000b6       0x32 build/debug/stm32h7xx_hal.o
 .ARM.attributes
                0x000000e8       0x32 build/debug/stm32h7xx_hal_cortex.o
 .ARM.attributes
                0x0000011a       0x32 build/debug/stm32h7xx_hal_gpio.o
 .ARM.attributes
                0x0000014c       0x32 build/debug/stm32h7xx_hal_ltdc.o
 .ARM.attributes
                0x0000017e       0x32 build/debug/stm32h7xx_hal_msp.o
 .ARM.attributes
                0x000001b0       0x32 build/debug/stm32h7xx_hal_pwr_ex.o
 .ARM.attributes
                0x000001e2       0x32 build/debug/stm32h7xx_hal_rcc.o
 .ARM.attributes
                0x00000214       0x32 build/debug/stm32h7xx_hal_rcc_ex.o
 .ARM.attributes
                0x00000246       0x32 build/debug/stm32h7xx_hal_uart.o
 .ARM.attributes
                0x00000278       0x32 build/debug/stm32h7xx_it.o
 .ARM.attributes
                0x000002aa       0x32 build/debug/system_stm32h7xx.o
 .ARM.attributes
                0x000002dc       0x32 build/debug/uart.o
 .ARM.attributes
                0x0000030e       0x21 build/debug/startup_stm32h743xx.o
 .ARM.attributes
                0x0000032f       0x32 /Users/rasil/Library/Application Support/Code/User/globalStorage/bmd.stm32-for-vscode/@xpack-dev-tools/arm-none-eabi-gcc/14.2.1-1.1.1/.content/bin/../lib/gcc/arm-none-eabi/14.2.1/../../../../arm-none-eabi/lib/thumb/v7e-m+dp/hard/libc_nano.a(libc_a-memset.o)
 .ARM.attributes
                0x00000361       0x32 /Users/rasil/Library/Application Support/Code/User/globalStorage/bmd.stm32-for-vscode/@xpack-dev-tools/arm-none-eabi-gcc/14.2.1-1.1.1/.content/bin/../lib/gcc/arm-none-eabi/14.2.1/../../../../arm-none-eabi/lib/thumb/v7e-m+dp/hard/libc_nano.a(libc_a-strncmp.o)
 .ARM.attributes
                0x00000393       0x32 /Users/rasil/Library/Application Support/Code/User/globalStorage/bmd.stm32-for-vscode/@xpack-dev-tools/arm-none-eabi-gcc/14.2.1-1.1.1/.content/bin/../lib/gcc/arm-none-eabi/14.2.1/../../../../arm-none-eabi/lib/thumb/v7e-m+dp/hard/libc_nano.a(libc_a-init.o)
 .ARM.attributes
                0x000003c5       0x20 /Users/rasil/Library/Application Support/Code/User/globalStorage/bmd.stm32-for-vscode/@xpack-dev-tools/arm-none-eabi-gcc/14.2.1-1.1.1/.content/bin/../lib/gcc/arm-none-eabi/14.2.1/thumb/v7e-m+dp/hard/libgcc.a(_aeabi_uldivmod.o)
 .ARM.attributes
                0x000003e5       0x32 /Users/rasil/Library/Application Support/Code/User/globalStorage/bmd.stm32-for-vscode/@xpack-dev-tools/arm-none-eabi-gcc/14.2.1-1.1.1/.content/bin/../lib/gcc/arm-none-eabi/14.2.1/thumb/v7e-m+dp/hard/libgcc.a(_udivmoddi4.o)
 .ARM.attributes
                0x00000417       0x20 /Users/rasil/Library/Application Support/Code/User/globalStorage/bmd.stm32-for-vscode/@xpack-dev-tools/arm-none-eabi-gcc/14.2.1-1.1.1/.content/bin/../lib/gcc/arm-none-eabi/14.2.1/thumb/v7e-m+dp/hard/libgcc.a(_dvmd_tls.o)
 .ARM.attributes
                0x00000437       0x20 /Users/rasil/Library/Application Support/Code/User/globalStorage/bmd.stm32-for-vscode/@xpack-dev-tools/arm-none-eabi-gcc/14.2.1-1.1.1/.content/bin/../lib/gcc/arm-none-eabi/14.2.1/thumb/v7e-m+dp/hard/crtn.o

.comment        0x00000000       0x38
 .comment       0x00000000       0x38 /Users/rasil/Library/Application Support/Code/User/globalStorage/bmd.stm32-for-vscode/@xpack-dev-tools/arm-none-eabi-gcc/14.2.1-1.1.1/.content/bin/../lib/gcc/arm-none-eabi/14.2.1/thumb/v7e-m+dp/hard/crtbegin.o
                                 0x39 (size before relaxing)
 .comment       0x00000038       0x39 build/debug/ltdc_drive.o
 .comment       0x00000038       0x39 build/debug/main.o
 .comment       0x00000038       0x39 build/debug/stm32h7xx_hal.o
 .comment       0x00000038       0x39 build/debug/stm32h7xx_hal_cortex.o
 .comment       0x00000038       0x39 build/debug/stm32h7xx_hal_gpio.o
 .comment       0x00000038       0x39 build/debug/stm32h7xx_hal_ltdc.o
 .comment       0x00000038       0x39 build/debug/stm32h7xx_hal_msp.o
 .comment       0x00000038       0x39 build/debug/stm32h7xx_hal_pwr_ex.o
 .comment       0x00000038       0x39 build/debug/stm32h7xx_hal_rcc.o
 .comment       0x00000038       0x39 build/debug/stm32h7xx_hal_rcc_ex.o
 .comment       0x00000038       0x39 build/debug/stm32h7xx_hal_uart.o
 .comment       0x00000038       0x39 build/debug/stm32h7xx_it.o
 .comment       0x00000038       0x39 build/debug/system_stm32h7xx.o
 .comment       0x00000038       0x39 build/debug/uart.o
 .comment       0x00000038       0x39 /Users/rasil/Library/Application Support/Code/User/globalStorage/bmd.stm32-for-vscode/@xpack-dev-tools/arm-none-eabi-gcc/14.2.1-1.1.1/.content/bin/../lib/gcc/arm-none-eabi/14.2.1/../../../../arm-none-eabi/lib/thumb/v7e-m+dp/hard/libc_nano.a(libc_a-memset.o)
 .comment       0x00000038       0x39 /Users/rasil/Library/Application Support/Code/User/globalStorage/bmd.stm32-for-vscode/@xpack-dev-tools/arm-none-eabi-gcc/14.2.1-1.1.1/.content/bin/../lib/gcc/arm-none-eabi/14.2.1/../../../../arm-none-eabi/lib/thumb/v7e-m+dp/hard/libc_nano.a(libc_a-strncmp.o)
 .comment       0x00000038       0x39 /Users/rasil/Library/Application Support/Code/User/globalStorage/bmd.stm32-for-vscode/@xpack-dev-tools/arm-none-eabi-gcc/14.2.1-1.1.1/.content/bin/../lib/gcc/arm-none-eabi/14.2.1/../../../../arm-none-eabi/lib/thumb/v7e-m+dp/hard/libc_nano.a(libc_a-init.o)
 .comment       0x00000038       0x39 /Users/rasil/Library/Application Support/Code/User/globalStorage/bmd.stm32-for-vscode/@xpack-dev-tools/arm-none-eabi-gcc/14.2.1-1.1.1/.content/bin/../lib/gcc/arm-none-eabi/14.2.1/thumb/v7e-m+dp/hard/libgcc.a(_udivmoddi4.o)

.debug_info     0x00000000    0x14c7f
 .debug_info    0x00000000      0xcce build/debug/ltdc_drive.o
 .debug_info    0x00000cce     0x15bd build/debug/main.o
 .debug_info    0x0000228b     0x1639 build/debug/stm32h7xx_hal.o
 .debug_info    0x000038c4     0x131a build/debug/stm32h7xx_hal_cortex.o
 .debug_info    0x00004bde      0xc96 build/debug/stm32h7xx_hal_gpio.o
 .debug_info    0x00005874     0x1504 build/debug/stm32h7xx_hal_ltdc.o
 .debug_info    0x00006d78     0x175a build/debug/stm32h7xx_hal_msp.o
 .debug_info    0x000084d2     0x11a6 build/debug/stm32h7xx_hal_pwr_ex.o
 .debug_info    0x00009678     0x1166 build/debug/stm32h7xx_hal_rcc.o
 .debug_info    0x0000a7de     0x1a0c build/debug/stm32h7xx_hal_rcc_ex.o
 .debug_info    0x0000c1ea     0x655d build/debug/stm32h7xx_hal_uart.o
 .debug_info    0x00012747      0x139 build/debug/stm32h7xx_it.o
 .debug_info    0x00012880      0xddb build/debug/system_stm32h7xx.o
 .debug_info    0x0001365b     0x15f4 build/debug/uart.o
 .debug_info    0x00014c4f       0x30 build/debug/startup_stm32h743xx.o

.debug_abbrev   0x00000000     0x2257
 .debug_abbrev  0x00000000      0x254 build/debug/ltdc_drive.o
 .debug_abbrev  0x00000254      0x2f6 build/debug/main.o
 .debug_abbrev  0x0000054a      0x2ba build/debug/stm32h7xx_hal.o
 .debug_abbrev  0x00000804      0x3ad build/debug/stm32h7xx_hal_cortex.o
 .debug_abbrev  0x00000bb1      0x255 build/debug/stm32h7xx_hal_gpio.o
 .debug_abbrev  0x00000e06      0x24a build/debug/stm32h7xx_hal_ltdc.o
 .debug_abbrev  0x00001050      0x22c build/debug/stm32h7xx_hal_msp.o
 .debug_abbrev  0x0000127c      0x2c7 build/debug/stm32h7xx_hal_pwr_ex.o
 .debug_abbrev  0x00001543      0x2ad build/debug/stm32h7xx_hal_rcc.o
 .debug_abbrev  0x000017f0      0x282 build/debug/stm32h7xx_hal_rcc_ex.o
 .debug_abbrev  0x00001a72      0x37a build/debug/stm32h7xx_hal_uart.o
 .debug_abbrev  0x00001dec       0x7c build/debug/stm32h7xx_it.o
 .debug_abbrev  0x00001e68      0x169 build/debug/system_stm32h7xx.o
 .debug_abbrev  0x00001fd1      0x262 build/debug/uart.o
 .debug_abbrev  0x00002233       0x24 build/debug/startup_stm32h743xx.o

.debug_loclists
                0x00000000     0x766e
 .debug_loclists
                0x00000000       0xc7 build/debug/ltdc_drive.o
 .debug_loclists
                0x000000c7       0x43 build/debug/main.o
 .debug_loclists
                0x0000010a      0x2df build/debug/stm32h7xx_hal.o
 .debug_loclists
                0x000003e9      0x50a build/debug/stm32h7xx_hal_cortex.o
 .debug_loclists
                0x000008f3      0x2a0 build/debug/stm32h7xx_hal_gpio.o
 .debug_loclists
                0x00000b93     0x1159 build/debug/stm32h7xx_hal_ltdc.o
 .debug_loclists
                0x00001cec       0x78 build/debug/stm32h7xx_hal_msp.o
 .debug_loclists
                0x00001d64      0x340 build/debug/stm32h7xx_hal_pwr_ex.o
 .debug_loclists
                0x000020a4      0x649 build/debug/stm32h7xx_hal_rcc.o
 .debug_loclists
                0x000026ed     0x15cc build/debug/stm32h7xx_hal_rcc_ex.o
 .debug_loclists
                0x00003cb9     0x3868 build/debug/stm32h7xx_hal_uart.o
 .debug_loclists
                0x00007521      0x120 build/debug/system_stm32h7xx.o
 .debug_loclists
                0x00007641       0x2d build/debug/uart.o

.debug_aranges  0x00000000      0xb00
 .debug_aranges
                0x00000000       0x38 build/debug/ltdc_drive.o
 .debug_aranges
                0x00000038       0x48 build/debug/main.o
 .debug_aranges
                0x00000080      0x198 build/debug/stm32h7xx_hal.o
 .debug_aranges
                0x00000218       0xf8 build/debug/stm32h7xx_hal_cortex.o
 .debug_aranges
                0x00000310       0x58 build/debug/stm32h7xx_hal_gpio.o
 .debug_aranges
                0x00000368      0x158 build/debug/stm32h7xx_hal_ltdc.o
 .debug_aranges
                0x000004c0       0x38 build/debug/stm32h7xx_hal_msp.o
 .debug_aranges
                0x000004f8      0x158 build/debug/stm32h7xx_hal_pwr_ex.o
 .debug_aranges
                0x00000650       0x88 build/debug/stm32h7xx_hal_rcc.o
 .debug_aranges
                0x000006d8       0xf8 build/debug/stm32h7xx_hal_rcc_ex.o
 .debug_aranges
                0x000007d0      0x248 build/debug/stm32h7xx_hal_uart.o
 .debug_aranges
                0x00000a18       0x60 build/debug/stm32h7xx_it.o
 .debug_aranges
                0x00000a78       0x30 build/debug/system_stm32h7xx.o
 .debug_aranges
                0x00000aa8       0x30 build/debug/uart.o
 .debug_aranges
                0x00000ad8       0x28 build/debug/startup_stm32h743xx.o

.debug_rnglists
                0x00000000      0x8aa
 .debug_rnglists
                0x00000000       0x26 build/debug/ltdc_drive.o
 .debug_rnglists
                0x00000026       0x33 build/debug/main.o
 .debug_rnglists
                0x00000059      0x12f build/debug/stm32h7xx_hal.o
 .debug_rnglists
                0x00000188       0xb5 build/debug/stm32h7xx_hal_cortex.o
 .debug_rnglists
                0x0000023d       0x3f build/debug/stm32h7xx_hal_gpio.o
 .debug_rnglists
                0x0000027c      0x103 build/debug/stm32h7xx_hal_ltdc.o
 .debug_rnglists
                0x0000037f       0x27 build/debug/stm32h7xx_hal_msp.o
 .debug_rnglists
                0x000003a6      0x133 build/debug/stm32h7xx_hal_pwr_ex.o
 .debug_rnglists
                0x000004d9       0xaa build/debug/stm32h7xx_hal_rcc.o
 .debug_rnglists
                0x00000583       0xbf build/debug/stm32h7xx_hal_rcc_ex.o
 .debug_rnglists
                0x00000642      0x1cb build/debug/stm32h7xx_hal_uart.o
 .debug_rnglists
                0x0000080d       0x43 build/debug/stm32h7xx_it.o
 .debug_rnglists
                0x00000850       0x21 build/debug/system_stm32h7xx.o
 .debug_rnglists
                0x00000871       0x20 build/debug/uart.o
 .debug_rnglists
                0x00000891       0x19 build/debug/startup_stm32h743xx.o

.debug_line     0x00000000     0xdcac
 .debug_line    0x00000000      0x501 build/debug/ltdc_drive.o
 .debug_line    0x00000501      0x665 build/debug/main.o
 .debug_line    0x00000b66      0x998 build/debug/stm32h7xx_hal.o
 .debug_line    0x000014fe      0x8e7 build/debug/stm32h7xx_hal_cortex.o
 .debug_line    0x00001de5      0x7c3 build/debug/stm32h7xx_hal_gpio.o
 .debug_line    0x000025a8     0x12c0 build/debug/stm32h7xx_hal_ltdc.o
 .debug_line    0x00003868      0x4dd build/debug/stm32h7xx_hal_msp.o
 .debug_line    0x00003d45      0xbd0 build/debug/stm32h7xx_hal_pwr_ex.o
 .debug_line    0x00004915     0x14e7 build/debug/stm32h7xx_hal_rcc.o
 .debug_line    0x00005dfc     0x210c build/debug/stm32h7xx_hal_rcc_ex.o
 .debug_line    0x00007f08     0x5168 build/debug/stm32h7xx_hal_uart.o
 .debug_line    0x0000d070      0x13d build/debug/stm32h7xx_it.o
 .debug_line    0x0000d1ad      0x5a0 build/debug/system_stm32h7xx.o
 .debug_line    0x0000d74d      0x4e8 build/debug/uart.o
 .debug_line    0x0000dc35       0x77 build/debug/startup_stm32h743xx.o

.debug_str      0x00000000     0x478f
 .debug_str     0x00000000     0x478f build/debug/ltdc_drive.o
                                0xec1 (size before relaxing)
 .debug_str     0x0000478f      0xee3 build/debug/main.o
 .debug_str     0x0000478f     0x1499 build/debug/stm32h7xx_hal.o
 .debug_str     0x0000478f     0x105f build/debug/stm32h7xx_hal_cortex.o
 .debug_str     0x0000478f      0x6b3 build/debug/stm32h7xx_hal_gpio.o
 .debug_str     0x0000478f      0x9b7 build/debug/stm32h7xx_hal_ltdc.o
 .debug_str     0x0000478f     0x14e8 build/debug/stm32h7xx_hal_msp.o
 .debug_str     0x0000478f      0xa28 build/debug/stm32h7xx_hal_pwr_ex.o
 .debug_str     0x0000478f      0x9f9 build/debug/stm32h7xx_hal_rcc.o
 .debug_str     0x0000478f      0xf04 build/debug/stm32h7xx_hal_rcc_ex.o
 .debug_str     0x0000478f     0x1492 build/debug/stm32h7xx_hal_uart.o
 .debug_str     0x0000478f      0x224 build/debug/stm32h7xx_it.o
 .debug_str     0x0000478f      0x74d build/debug/system_stm32h7xx.o
 .debug_str     0x0000478f     0x169e build/debug/uart.o
 .debug_str     0x0000478f       0x5b build/debug/startup_stm32h743xx.o

.debug_frame    0x00000000     0x1a84
 .debug_frame   0x00000000       0x7c build/debug/ltdc_drive.o
 .debug_frame   0x0000007c       0xa8 build/debug/main.o
 .debug_frame   0x00000124      0x360 build/debug/stm32h7xx_hal.o
 .debug_frame   0x00000484      0x214 build/debug/stm32h7xx_hal_cortex.o
 .debug_frame   0x00000698       0xd4 build/debug/stm32h7xx_hal_gpio.o
 .debug_frame   0x0000076c      0x3c0 build/debug/stm32h7xx_hal_ltdc.o
 .debug_frame   0x00000b2c       0x80 build/debug/stm32h7xx_hal_msp.o
 .debug_frame   0x00000bac      0x2f4 build/debug/stm32h7xx_hal_pwr_ex.o
 .debug_frame   0x00000ea0      0x18c build/debug/stm32h7xx_hal_rcc.o
 .debug_frame   0x0000102c      0x284 build/debug/stm32h7xx_hal_rcc_ex.o
 .debug_frame   0x000012b0      0x680 build/debug/stm32h7xx_hal_uart.o
 .debug_frame   0x00001930       0xa8 build/debug/stm32h7xx_it.o
 .debug_frame   0x000019d8       0x50 build/debug/system_stm32h7xx.o
 .debug_frame   0x00001a28       0x5c build/debug/uart.o

.debug_line_str
                0x00000000       0x3f
 .debug_line_str
                0x00000000       0x3f build/debug/startup_stm32h743xx.o

Cross Reference Table

Symbol                                            File
ADC3_IRQHandler                                   build/debug/startup_stm32h743xx.o
ADC_IRQHandler                                    build/debug/startup_stm32h743xx.o
BDMA_Channel0_IRQHandler                          build/debug/startup_stm32h743xx.o
BDMA_Channel1_IRQHandler                          build/debug/startup_stm32h743xx.o
BDMA_Channel2_IRQHandler                          build/debug/startup_stm32h743xx.o
BDMA_Channel3_IRQHandler                          build/debug/startup_stm32h743xx.o
BDMA_Channel4_IRQHandler                          build/debug/startup_stm32h743xx.o
BDMA_Channel5_IRQHandler                          build/debug/startup_stm32h743xx.o
BDMA_Channel6_IRQHandler                          build/debug/startup_stm32h743xx.o
BDMA_Channel7_IRQHandler                          build/debug/startup_stm32h743xx.o
BusFault_Handler                                  build/debug/stm32h7xx_it.o
CEC_IRQHandler                                    build/debug/startup_stm32h743xx.o
COMP1_IRQHandler                                  build/debug/startup_stm32h743xx.o
CRS_IRQHandler                                    build/debug/startup_stm32h743xx.o
D1CorePrescTable                                  build/debug/system_stm32h7xx.o
                                                  build/debug/stm32h7xx_hal_rcc_ex.o
                                                  build/debug/stm32h7xx_hal_rcc.o
                                                  build/debug/stm32h7xx_hal.o
DCMI_IRQHandler                                   build/debug/startup_stm32h743xx.o
DFSDM1_FLT0_IRQHandler                            build/debug/startup_stm32h743xx.o
DFSDM1_FLT1_IRQHandler                            build/debug/startup_stm32h743xx.o
DFSDM1_FLT2_IRQHandler                            build/debug/startup_stm32h743xx.o
DFSDM1_FLT3_IRQHandler                            build/debug/startup_stm32h743xx.o
DMA1_Stream0_IRQHandler                           build/debug/startup_stm32h743xx.o
DMA1_Stream1_IRQHandler                           build/debug/startup_stm32h743xx.o
DMA1_Stream2_IRQHandler                           build/debug/startup_stm32h743xx.o
DMA1_Stream3_IRQHandler                           build/debug/startup_stm32h743xx.o
DMA1_Stream4_IRQHandler                           build/debug/startup_stm32h743xx.o
DMA1_Stream5_IRQHandler                           build/debug/startup_stm32h743xx.o
DMA1_Stream6_IRQHandler                           build/debug/startup_stm32h743xx.o
DMA1_Stream7_IRQHandler                           build/debug/startup_stm32h743xx.o
DMA2D_IRQHandler                                  build/debug/startup_stm32h743xx.o
DMA2_Stream0_IRQHandler                           build/debug/startup_stm32h743xx.o
DMA2_Stream1_IRQHandler                           build/debug/startup_stm32h743xx.o
DMA2_Stream2_IRQHandler                           build/debug/startup_stm32h743xx.o
DMA2_Stream3_IRQHandler                           build/debug/startup_stm32h743xx.o
DMA2_Stream4_IRQHandler                           build/debug/startup_stm32h743xx.o
DMA2_Stream5_IRQHandler                           build/debug/startup_stm32h743xx.o
DMA2_Stream6_IRQHandler                           build/debug/startup_stm32h743xx.o
DMA2_Stream7_IRQHandler                           build/debug/startup_stm32h743xx.o
DMAMUX1_OVR_IRQHandler                            build/debug/startup_stm32h743xx.o
DMAMUX2_OVR_IRQHandler                            build/debug/startup_stm32h743xx.o
DebugMon_Handler                                  build/debug/stm32h7xx_it.o
Default_Handler                                   build/debug/startup_stm32h743xx.o
ECC_IRQHandler                                    build/debug/startup_stm32h743xx.o
ETH_IRQHandler                                    build/debug/startup_stm32h743xx.o
ETH_WKUP_IRQHandler                               build/debug/startup_stm32h743xx.o
EXTI0_IRQHandler                                  build/debug/startup_stm32h743xx.o
EXTI15_10_IRQHandler                              build/debug/startup_stm32h743xx.o
EXTI1_IRQHandler                                  build/debug/startup_stm32h743xx.o
EXTI2_IRQHandler                                  build/debug/startup_stm32h743xx.o
EXTI3_IRQHandler                                  build/debug/startup_stm32h743xx.o
EXTI4_IRQHandler                                  build/debug/startup_stm32h743xx.o
EXTI9_5_IRQHandler                                build/debug/startup_stm32h743xx.o
Error_Handler                                     build/debug/main.o
                                                  build/debug/uart.o
                                                  build/debug/ltdc_drive.o
ExitRun0Mode                                      build/debug/system_stm32h7xx.o
                                                  build/debug/startup_stm32h743xx.o
FDCAN1_IT0_IRQHandler                             build/debug/startup_stm32h743xx.o
FDCAN1_IT1_IRQHandler                             build/debug/startup_stm32h743xx.o
FDCAN2_IT0_IRQHandler                             build/debug/startup_stm32h743xx.o
FDCAN2_IT1_IRQHandler                             build/debug/startup_stm32h743xx.o
FDCAN_CAL_IRQHandler                              build/debug/startup_stm32h743xx.o
FLASH_CRC_WaitForLastOperation                    build/debug/stm32h7xx_hal_flash.o
                                                  build/debug/stm32h7xx_hal_flash_ex.o
FLASH_Erase_Sector                                build/debug/stm32h7xx_hal_flash_ex.o
                                                  build/debug/stm32h7xx_hal_flash.o
FLASH_IRQHandler                                  build/debug/startup_stm32h743xx.o
FLASH_OB_WaitForLastOperation                     build/debug/stm32h7xx_hal_flash.o
                                                  build/debug/stm32h7xx_hal_flash_ex.o
FLASH_WaitForLastOperation                        build/debug/stm32h7xx_hal_flash.o
                                                  build/debug/stm32h7xx_hal_flash_ex.o
FMC_IRQHandler                                    build/debug/startup_stm32h743xx.o
FPU_IRQHandler                                    build/debug/startup_stm32h743xx.o
FillFrameBuffer                                   build/debug/ltdc_drive.o
                                                  build/debug/main.o
HAL_DBGMCU_DisableDBGSleepMode                    build/debug/stm32h7xx_hal.o
HAL_DBGMCU_DisableDBGStandbyMode                  build/debug/stm32h7xx_hal.o
HAL_DBGMCU_DisableDBGStopMode                     build/debug/stm32h7xx_hal.o
HAL_DBGMCU_EnableDBGSleepMode                     build/debug/stm32h7xx_hal.o
HAL_DBGMCU_EnableDBGStandbyMode                   build/debug/stm32h7xx_hal.o
HAL_DBGMCU_EnableDBGStopMode                      build/debug/stm32h7xx_hal.o
HAL_DMAEx_ChangeMemory                            build/debug/stm32h7xx_hal_dma_ex.o
HAL_DMAEx_ConfigMuxRequestGenerator               build/debug/stm32h7xx_hal_dma_ex.o
HAL_DMAEx_ConfigMuxSync                           build/debug/stm32h7xx_hal_dma_ex.o
HAL_DMAEx_DisableMuxRequestGenerator              build/debug/stm32h7xx_hal_dma_ex.o
HAL_DMAEx_EnableMuxRequestGenerator               build/debug/stm32h7xx_hal_dma_ex.o
HAL_DMAEx_MUX_IRQHandler                          build/debug/stm32h7xx_hal_dma_ex.o
HAL_DMAEx_MultiBufferStart                        build/debug/stm32h7xx_hal_dma_ex.o
HAL_DMAEx_MultiBufferStart_IT                     build/debug/stm32h7xx_hal_dma_ex.o
HAL_DMA_Abort                                     build/debug/stm32h7xx_hal_dma.o
                                                  build/debug/stm32h7xx_hal_uart.o
HAL_DMA_Abort_IT                                  build/debug/stm32h7xx_hal_dma.o
                                                  build/debug/stm32h7xx_hal_uart.o
                                                  build/debug/stm32h7xx_hal_i2c.o
HAL_DMA_DeInit                                    build/debug/stm32h7xx_hal_dma.o
HAL_DMA_GetError                                  build/debug/stm32h7xx_hal_dma.o
                                                  build/debug/stm32h7xx_hal_uart.o
                                                  build/debug/stm32h7xx_hal_i2c.o
HAL_DMA_GetState                                  build/debug/stm32h7xx_hal_dma.o
                                                  build/debug/stm32h7xx_hal_i2c.o
HAL_DMA_IRQHandler                                build/debug/stm32h7xx_hal_dma.o
HAL_DMA_Init                                      build/debug/stm32h7xx_hal_dma.o
HAL_DMA_PollForTransfer                           build/debug/stm32h7xx_hal_dma.o
HAL_DMA_RegisterCallback                          build/debug/stm32h7xx_hal_dma.o
HAL_DMA_Start                                     build/debug/stm32h7xx_hal_dma.o
HAL_DMA_Start_IT                                  build/debug/stm32h7xx_hal_dma.o
                                                  build/debug/stm32h7xx_hal_uart.o
                                                  build/debug/stm32h7xx_hal_i2c.o
HAL_DMA_UnRegisterCallback                        build/debug/stm32h7xx_hal_dma.o
HAL_DeInit                                        build/debug/stm32h7xx_hal.o
HAL_Delay                                         build/debug/stm32h7xx_hal.o
HAL_DisableCompensationCell                       build/debug/stm32h7xx_hal.o
HAL_EXTI_ClearConfigLine                          build/debug/stm32h7xx_hal_exti.o
HAL_EXTI_ClearPending                             build/debug/stm32h7xx_hal_exti.o
HAL_EXTI_D1_ClearFlag                             build/debug/stm32h7xx_hal.o
HAL_EXTI_D1_EventInputConfig                      build/debug/stm32h7xx_hal.o
HAL_EXTI_D3_EventInputConfig                      build/debug/stm32h7xx_hal.o
HAL_EXTI_EdgeConfig                               build/debug/stm32h7xx_hal.o
HAL_EXTI_GenerateSWI                              build/debug/stm32h7xx_hal_exti.o
HAL_EXTI_GenerateSWInterrupt                      build/debug/stm32h7xx_hal.o
HAL_EXTI_GetConfigLine                            build/debug/stm32h7xx_hal_exti.o
HAL_EXTI_GetHandle                                build/debug/stm32h7xx_hal_exti.o
HAL_EXTI_GetPending                               build/debug/stm32h7xx_hal_exti.o
HAL_EXTI_IRQHandler                               build/debug/stm32h7xx_hal_exti.o
HAL_EXTI_RegisterCallback                         build/debug/stm32h7xx_hal_exti.o
HAL_EXTI_SetConfigLine                            build/debug/stm32h7xx_hal_exti.o
HAL_EnableCompensationCell                        build/debug/stm32h7xx_hal.o
HAL_FLASHEx_ComputeCRC                            build/debug/stm32h7xx_hal_flash_ex.o
HAL_FLASHEx_Erase                                 build/debug/stm32h7xx_hal_flash_ex.o
HAL_FLASHEx_Erase_IT                              build/debug/stm32h7xx_hal_flash_ex.o
HAL_FLASHEx_Lock_Bank1                            build/debug/stm32h7xx_hal_flash_ex.o
HAL_FLASHEx_Lock_Bank2                            build/debug/stm32h7xx_hal_flash_ex.o
HAL_FLASHEx_OBGetConfig                           build/debug/stm32h7xx_hal_flash_ex.o
HAL_FLASHEx_OBProgram                             build/debug/stm32h7xx_hal_flash_ex.o
HAL_FLASHEx_Unlock_Bank1                          build/debug/stm32h7xx_hal_flash_ex.o
HAL_FLASHEx_Unlock_Bank2                          build/debug/stm32h7xx_hal_flash_ex.o
HAL_FLASH_EndOfOperationCallback                  build/debug/stm32h7xx_hal_flash.o
HAL_FLASH_GetError                                build/debug/stm32h7xx_hal_flash.o
HAL_FLASH_IRQHandler                              build/debug/stm32h7xx_hal_flash.o
HAL_FLASH_Lock                                    build/debug/stm32h7xx_hal_flash.o
HAL_FLASH_OB_Launch                               build/debug/stm32h7xx_hal_flash.o
HAL_FLASH_OB_Lock                                 build/debug/stm32h7xx_hal_flash.o
HAL_FLASH_OB_Unlock                               build/debug/stm32h7xx_hal_flash.o
HAL_FLASH_OperationErrorCallback                  build/debug/stm32h7xx_hal_flash.o
HAL_FLASH_Program                                 build/debug/stm32h7xx_hal_flash.o
HAL_FLASH_Program_IT                              build/debug/stm32h7xx_hal_flash.o
HAL_FLASH_Unlock                                  build/debug/stm32h7xx_hal_flash.o
HAL_GPIO_DeInit                                   build/debug/stm32h7xx_hal_gpio.o
                                                  build/debug/stm32h7xx_hal_msp.o
HAL_GPIO_EXTI_Callback                            build/debug/stm32h7xx_hal_gpio.o
HAL_GPIO_EXTI_IRQHandler                          build/debug/stm32h7xx_hal_gpio.o
HAL_GPIO_Init                                     build/debug/stm32h7xx_hal_gpio.o
                                                  build/debug/uart.o
                                                  build/debug/stm32h7xx_hal_rcc.o
                                                  build/debug/stm32h7xx_hal_msp.o
HAL_GPIO_LockPin                                  build/debug/stm32h7xx_hal_gpio.o
HAL_GPIO_ReadPin                                  build/debug/stm32h7xx_hal_gpio.o
HAL_GPIO_TogglePin                                build/debug/stm32h7xx_hal_gpio.o
HAL_GPIO_WritePin                                 build/debug/stm32h7xx_hal_gpio.o
HAL_GetCurrentCPUID                               build/debug/stm32h7xx_hal_cortex.o
HAL_GetDEVID                                      build/debug/stm32h7xx_hal.o
HAL_GetFMCMemorySwappingConfig                    build/debug/stm32h7xx_hal.o
HAL_GetHalVersion                                 build/debug/stm32h7xx_hal.o
HAL_GetREVID                                      build/debug/stm32h7xx_hal.o
                                                  build/debug/stm32h7xx_hal_rcc_ex.o
                                                  build/debug/stm32h7xx_hal_rcc.o
HAL_GetTick                                       build/debug/stm32h7xx_hal.o
                                                  build/debug/stm32h7xx_hal_uart_ex.o
                                                  build/debug/stm32h7xx_hal_uart.o
                                                  build/debug/stm32h7xx_hal_rcc_ex.o
                                                  build/debug/stm32h7xx_hal_rcc.o
                                                  build/debug/stm32h7xx_hal_pwr_ex.o
                                                  build/debug/stm32h7xx_hal_mdma.o
                                                  build/debug/stm32h7xx_hal_ltdc.o
                                                  build/debug/stm32h7xx_hal_i2c.o
                                                  build/debug/stm32h7xx_hal_flash.o
                                                  build/debug/stm32h7xx_hal_dma.o
HAL_GetTickFreq                                   build/debug/stm32h7xx_hal.o
HAL_GetTickPrio                                   build/debug/stm32h7xx_hal.o
HAL_GetUIDw0                                      build/debug/stm32h7xx_hal.o
HAL_GetUIDw1                                      build/debug/stm32h7xx_hal.o
HAL_GetUIDw2                                      build/debug/stm32h7xx_hal.o
HAL_HSEM_ActivateNotification                     build/debug/stm32h7xx_hal_hsem.o
HAL_HSEM_DeactivateNotification                   build/debug/stm32h7xx_hal_hsem.o
HAL_HSEM_FastTake                                 build/debug/stm32h7xx_hal_hsem.o
HAL_HSEM_FreeCallback                             build/debug/stm32h7xx_hal_hsem.o
HAL_HSEM_GetClearKey                              build/debug/stm32h7xx_hal_hsem.o
HAL_HSEM_IRQHandler                               build/debug/stm32h7xx_hal_hsem.o
HAL_HSEM_IsSemTaken                               build/debug/stm32h7xx_hal_hsem.o
HAL_HSEM_Release                                  build/debug/stm32h7xx_hal_hsem.o
HAL_HSEM_ReleaseAll                               build/debug/stm32h7xx_hal_hsem.o
HAL_HSEM_SetClearKey                              build/debug/stm32h7xx_hal_hsem.o
HAL_HSEM_Take                                     build/debug/stm32h7xx_hal_hsem.o
HAL_HalfDuplex_EnableReceiver                     build/debug/stm32h7xx_hal_uart.o
HAL_HalfDuplex_EnableTransmitter                  build/debug/stm32h7xx_hal_uart.o
HAL_HalfDuplex_Init                               build/debug/stm32h7xx_hal_uart.o
HAL_I2CEx_ConfigAnalogFilter                      build/debug/stm32h7xx_hal_i2c_ex.o
HAL_I2CEx_ConfigDigitalFilter                     build/debug/stm32h7xx_hal_i2c_ex.o
HAL_I2CEx_DisableFastModePlus                     build/debug/stm32h7xx_hal_i2c_ex.o
HAL_I2CEx_DisableWakeUp                           build/debug/stm32h7xx_hal_i2c_ex.o
HAL_I2CEx_EnableFastModePlus                      build/debug/stm32h7xx_hal_i2c_ex.o
HAL_I2CEx_EnableWakeUp                            build/debug/stm32h7xx_hal_i2c_ex.o
HAL_I2C_AbortCpltCallback                         build/debug/stm32h7xx_hal_i2c.o
HAL_I2C_AddrCallback                              build/debug/stm32h7xx_hal_i2c.o
HAL_I2C_DeInit                                    build/debug/stm32h7xx_hal_i2c.o
HAL_I2C_DisableListen_IT                          build/debug/stm32h7xx_hal_i2c.o
HAL_I2C_ER_IRQHandler                             build/debug/stm32h7xx_hal_i2c.o
HAL_I2C_EV_IRQHandler                             build/debug/stm32h7xx_hal_i2c.o
HAL_I2C_EnableListen_IT                           build/debug/stm32h7xx_hal_i2c.o
HAL_I2C_ErrorCallback                             build/debug/stm32h7xx_hal_i2c.o
HAL_I2C_GetError                                  build/debug/stm32h7xx_hal_i2c.o
HAL_I2C_GetMode                                   build/debug/stm32h7xx_hal_i2c.o
HAL_I2C_GetState                                  build/debug/stm32h7xx_hal_i2c.o
HAL_I2C_Init                                      build/debug/stm32h7xx_hal_i2c.o
HAL_I2C_IsDeviceReady                             build/debug/stm32h7xx_hal_i2c.o
HAL_I2C_ListenCpltCallback                        build/debug/stm32h7xx_hal_i2c.o
HAL_I2C_MasterRxCpltCallback                      build/debug/stm32h7xx_hal_i2c.o
HAL_I2C_MasterTxCpltCallback                      build/debug/stm32h7xx_hal_i2c.o
HAL_I2C_Master_Abort_IT                           build/debug/stm32h7xx_hal_i2c.o
HAL_I2C_Master_Receive                            build/debug/stm32h7xx_hal_i2c.o
HAL_I2C_Master_Receive_DMA                        build/debug/stm32h7xx_hal_i2c.o
HAL_I2C_Master_Receive_IT                         build/debug/stm32h7xx_hal_i2c.o
HAL_I2C_Master_Seq_Receive_DMA                    build/debug/stm32h7xx_hal_i2c.o
HAL_I2C_Master_Seq_Receive_IT                     build/debug/stm32h7xx_hal_i2c.o
HAL_I2C_Master_Seq_Transmit_DMA                   build/debug/stm32h7xx_hal_i2c.o
HAL_I2C_Master_Seq_Transmit_IT                    build/debug/stm32h7xx_hal_i2c.o
HAL_I2C_Master_Transmit                           build/debug/stm32h7xx_hal_i2c.o
HAL_I2C_Master_Transmit_DMA                       build/debug/stm32h7xx_hal_i2c.o
HAL_I2C_Master_Transmit_IT                        build/debug/stm32h7xx_hal_i2c.o
HAL_I2C_MemRxCpltCallback                         build/debug/stm32h7xx_hal_i2c.o
HAL_I2C_MemTxCpltCallback                         build/debug/stm32h7xx_hal_i2c.o
HAL_I2C_Mem_Read                                  build/debug/stm32h7xx_hal_i2c.o
HAL_I2C_Mem_Read_DMA                              build/debug/stm32h7xx_hal_i2c.o
HAL_I2C_Mem_Read_IT                               build/debug/stm32h7xx_hal_i2c.o
HAL_I2C_Mem_Write                                 build/debug/stm32h7xx_hal_i2c.o
HAL_I2C_Mem_Write_DMA                             build/debug/stm32h7xx_hal_i2c.o
HAL_I2C_Mem_Write_IT                              build/debug/stm32h7xx_hal_i2c.o
HAL_I2C_MspDeInit                                 build/debug/stm32h7xx_hal_i2c.o
HAL_I2C_MspInit                                   build/debug/stm32h7xx_hal_i2c.o
HAL_I2C_SlaveRxCpltCallback                       build/debug/stm32h7xx_hal_i2c.o
HAL_I2C_SlaveTxCpltCallback                       build/debug/stm32h7xx_hal_i2c.o
HAL_I2C_Slave_Receive                             build/debug/stm32h7xx_hal_i2c.o
HAL_I2C_Slave_Receive_DMA                         build/debug/stm32h7xx_hal_i2c.o
HAL_I2C_Slave_Receive_IT                          build/debug/stm32h7xx_hal_i2c.o
HAL_I2C_Slave_Seq_Receive_DMA                     build/debug/stm32h7xx_hal_i2c.o
HAL_I2C_Slave_Seq_Receive_IT                      build/debug/stm32h7xx_hal_i2c.o
HAL_I2C_Slave_Seq_Transmit_DMA                    build/debug/stm32h7xx_hal_i2c.o
HAL_I2C_Slave_Seq_Transmit_IT                     build/debug/stm32h7xx_hal_i2c.o
HAL_I2C_Slave_Transmit                            build/debug/stm32h7xx_hal_i2c.o
HAL_I2C_Slave_Transmit_DMA                        build/debug/stm32h7xx_hal_i2c.o
HAL_I2C_Slave_Transmit_IT                         build/debug/stm32h7xx_hal_i2c.o
HAL_IncTick                                       build/debug/stm32h7xx_hal.o
                                                  build/debug/stm32h7xx_it.o
HAL_Init                                          build/debug/stm32h7xx_hal.o
                                                  build/debug/main.o
HAL_InitTick                                      build/debug/stm32h7xx_hal.o
                                                  build/debug/stm32h7xx_hal_rcc.o
HAL_LIN_Init                                      build/debug/stm32h7xx_hal_uart.o
HAL_LIN_SendBreak                                 build/debug/stm32h7xx_hal_uart.o
HAL_LTDC_ConfigCLUT                               build/debug/stm32h7xx_hal_ltdc.o
                                                  build/debug/ltdc_drive.o
HAL_LTDC_ConfigColorKeying                        build/debug/stm32h7xx_hal_ltdc.o
HAL_LTDC_ConfigColorKeying_NoReload               build/debug/stm32h7xx_hal_ltdc.o
HAL_LTDC_ConfigLayer                              build/debug/stm32h7xx_hal_ltdc.o
                                                  build/debug/ltdc_drive.o
HAL_LTDC_ConfigLayer_NoReload                     build/debug/stm32h7xx_hal_ltdc.o
HAL_LTDC_DeInit                                   build/debug/stm32h7xx_hal_ltdc.o
HAL_LTDC_DisableCLUT                              build/debug/stm32h7xx_hal_ltdc.o
HAL_LTDC_DisableCLUT_NoReload                     build/debug/stm32h7xx_hal_ltdc.o
HAL_LTDC_DisableColorKeying                       build/debug/stm32h7xx_hal_ltdc.o
HAL_LTDC_DisableColorKeying_NoReload              build/debug/stm32h7xx_hal_ltdc.o
HAL_LTDC_DisableDither                            build/debug/stm32h7xx_hal_ltdc.o
HAL_LTDC_EnableCLUT                               build/debug/stm32h7xx_hal_ltdc.o
                                                  build/debug/ltdc_drive.o
HAL_LTDC_EnableCLUT_NoReload                      build/debug/stm32h7xx_hal_ltdc.o
HAL_LTDC_EnableColorKeying                        build/debug/stm32h7xx_hal_ltdc.o
HAL_LTDC_EnableColorKeying_NoReload               build/debug/stm32h7xx_hal_ltdc.o
HAL_LTDC_EnableDither                             build/debug/stm32h7xx_hal_ltdc.o
HAL_LTDC_ErrorCallback                            build/debug/stm32h7xx_hal_ltdc.o
HAL_LTDC_GetError                                 build/debug/stm32h7xx_hal_ltdc.o
HAL_LTDC_GetState                                 build/debug/stm32h7xx_hal_ltdc.o
HAL_LTDC_IRQHandler                               build/debug/stm32h7xx_hal_ltdc.o
HAL_LTDC_Init                                     build/debug/stm32h7xx_hal_ltdc.o
                                                  build/debug/ltdc_drive.o
HAL_LTDC_LineEventCallback                        build/debug/stm32h7xx_hal_ltdc.o
HAL_LTDC_MspDeInit                                build/debug/stm32h7xx_hal_msp.o
                                                  build/debug/stm32h7xx_hal_ltdc.o
HAL_LTDC_MspInit                                  build/debug/stm32h7xx_hal_msp.o
                                                  build/debug/stm32h7xx_hal_ltdc.o
HAL_LTDC_ProgramLineEvent                         build/debug/stm32h7xx_hal_ltdc.o
                                                  build/debug/ltdc_drive.o
HAL_LTDC_Reload                                   build/debug/stm32h7xx_hal_ltdc.o
HAL_LTDC_ReloadEventCallback                      build/debug/stm32h7xx_hal_ltdc.o
HAL_LTDC_SetAddress                               build/debug/stm32h7xx_hal_ltdc.o
HAL_LTDC_SetAddress_NoReload                      build/debug/stm32h7xx_hal_ltdc.o
HAL_LTDC_SetAlpha                                 build/debug/stm32h7xx_hal_ltdc.o
HAL_LTDC_SetAlpha_NoReload                        build/debug/stm32h7xx_hal_ltdc.o
HAL_LTDC_SetPitch                                 build/debug/stm32h7xx_hal_ltdc.o
HAL_LTDC_SetPitch_NoReload                        build/debug/stm32h7xx_hal_ltdc.o
HAL_LTDC_SetPixelFormat                           build/debug/stm32h7xx_hal_ltdc.o
HAL_LTDC_SetPixelFormat_NoReload                  build/debug/stm32h7xx_hal_ltdc.o
HAL_LTDC_SetWindowPosition                        build/debug/stm32h7xx_hal_ltdc.o
HAL_LTDC_SetWindowPosition_NoReload               build/debug/stm32h7xx_hal_ltdc.o
HAL_LTDC_SetWindowSize                            build/debug/stm32h7xx_hal_ltdc.o
HAL_LTDC_SetWindowSize_NoReload                   build/debug/stm32h7xx_hal_ltdc.o
HAL_MDMA_Abort                                    build/debug/stm32h7xx_hal_mdma.o
HAL_MDMA_Abort_IT                                 build/debug/stm32h7xx_hal_mdma.o
HAL_MDMA_ConfigPostRequestMask                    build/debug/stm32h7xx_hal_mdma.o
HAL_MDMA_DeInit                                   build/debug/stm32h7xx_hal_mdma.o
HAL_MDMA_GenerateSWRequest                        build/debug/stm32h7xx_hal_mdma.o
HAL_MDMA_GetError                                 build/debug/stm32h7xx_hal_mdma.o
HAL_MDMA_GetState                                 build/debug/stm32h7xx_hal_mdma.o
HAL_MDMA_IRQHandler                               build/debug/stm32h7xx_hal_mdma.o
HAL_MDMA_Init                                     build/debug/stm32h7xx_hal_mdma.o
HAL_MDMA_LinkedList_AddNode                       build/debug/stm32h7xx_hal_mdma.o
HAL_MDMA_LinkedList_CreateNode                    build/debug/stm32h7xx_hal_mdma.o
HAL_MDMA_LinkedList_DisableCircularMode           build/debug/stm32h7xx_hal_mdma.o
HAL_MDMA_LinkedList_EnableCircularMode            build/debug/stm32h7xx_hal_mdma.o
HAL_MDMA_LinkedList_RemoveNode                    build/debug/stm32h7xx_hal_mdma.o
HAL_MDMA_PollForTransfer                          build/debug/stm32h7xx_hal_mdma.o
HAL_MDMA_RegisterCallback                         build/debug/stm32h7xx_hal_mdma.o
HAL_MDMA_Start                                    build/debug/stm32h7xx_hal_mdma.o
HAL_MDMA_Start_IT                                 build/debug/stm32h7xx_hal_mdma.o
HAL_MDMA_UnRegisterCallback                       build/debug/stm32h7xx_hal_mdma.o
HAL_MPU_ConfigRegion                              build/debug/stm32h7xx_hal_cortex.o
                                                  build/debug/main.o
HAL_MPU_Disable                                   build/debug/stm32h7xx_hal_cortex.o
                                                  build/debug/main.o
HAL_MPU_DisableRegion                             build/debug/stm32h7xx_hal_cortex.o
HAL_MPU_Enable                                    build/debug/stm32h7xx_hal_cortex.o
                                                  build/debug/main.o
HAL_MPU_EnableRegion                              build/debug/stm32h7xx_hal_cortex.o
HAL_MspDeInit                                     build/debug/stm32h7xx_hal.o
HAL_MspInit                                       build/debug/stm32h7xx_hal_msp.o
                                                  build/debug/stm32h7xx_hal.o
HAL_MultiProcessorEx_AddressLength_Set            build/debug/stm32h7xx_hal_uart_ex.o
HAL_MultiProcessor_DisableMuteMode                build/debug/stm32h7xx_hal_uart.o
HAL_MultiProcessor_EnableMuteMode                 build/debug/stm32h7xx_hal_uart.o
HAL_MultiProcessor_EnterMuteMode                  build/debug/stm32h7xx_hal_uart.o
HAL_MultiProcessor_Init                           build/debug/stm32h7xx_hal_uart.o
HAL_NVIC_ClearPendingIRQ                          build/debug/stm32h7xx_hal_cortex.o
HAL_NVIC_DisableIRQ                               build/debug/stm32h7xx_hal_cortex.o
HAL_NVIC_EnableIRQ                                build/debug/stm32h7xx_hal_cortex.o
                                                  build/debug/uart.o
                                                  build/debug/stm32h7xx_hal_msp.o
                                                  build/debug/ltdc_drive.o
HAL_NVIC_GetActive                                build/debug/stm32h7xx_hal_cortex.o
HAL_NVIC_GetPendingIRQ                            build/debug/stm32h7xx_hal_cortex.o
HAL_NVIC_GetPriority                              build/debug/stm32h7xx_hal_cortex.o
HAL_NVIC_GetPriorityGrouping                      build/debug/stm32h7xx_hal_cortex.o
HAL_NVIC_SetPendingIRQ                            build/debug/stm32h7xx_hal_cortex.o
HAL_NVIC_SetPriority                              build/debug/stm32h7xx_hal_cortex.o
                                                  build/debug/uart.o
                                                  build/debug/stm32h7xx_hal_msp.o
                                                  build/debug/stm32h7xx_hal.o
                                                  build/debug/ltdc_drive.o
HAL_NVIC_SetPriorityGrouping                      build/debug/stm32h7xx_hal_cortex.o
                                                  build/debug/stm32h7xx_hal.o
HAL_NVIC_SystemReset                              build/debug/stm32h7xx_hal_cortex.o
HAL_PWREx_AVDCallback                             build/debug/stm32h7xx_hal_pwr_ex.o
HAL_PWREx_ClearPendingEvent                       build/debug/stm32h7xx_hal_pwr_ex.o
HAL_PWREx_ClearWakeupFlag                         build/debug/stm32h7xx_hal_pwr_ex.o
HAL_PWREx_ConfigAVD                               build/debug/stm32h7xx_hal_pwr_ex.o
HAL_PWREx_ConfigD3Domain                          build/debug/stm32h7xx_hal_pwr_ex.o
HAL_PWREx_ConfigSupply                            build/debug/stm32h7xx_hal_pwr_ex.o
                                                  build/debug/main.o
HAL_PWREx_ControlStopModeVoltageScaling           build/debug/stm32h7xx_hal_pwr_ex.o
HAL_PWREx_ControlVoltageScaling                   build/debug/stm32h7xx_hal_pwr_ex.o
HAL_PWREx_DisableAVD                              build/debug/stm32h7xx_hal_pwr_ex.o
HAL_PWREx_DisableBatteryCharging                  build/debug/stm32h7xx_hal_pwr_ex.o
HAL_PWREx_DisableBkUpReg                          build/debug/stm32h7xx_hal_pwr_ex.o
HAL_PWREx_DisableFlashPowerDown                   build/debug/stm32h7xx_hal_pwr_ex.o
HAL_PWREx_DisableMonitoring                       build/debug/stm32h7xx_hal_pwr_ex.o
HAL_PWREx_DisableUSBReg                           build/debug/stm32h7xx_hal_pwr_ex.o
HAL_PWREx_DisableUSBVoltageDetector               build/debug/stm32h7xx_hal_pwr_ex.o
HAL_PWREx_DisableWakeUpPin                        build/debug/stm32h7xx_hal_pwr_ex.o
HAL_PWREx_EnableAVD                               build/debug/stm32h7xx_hal_pwr_ex.o
HAL_PWREx_EnableBatteryCharging                   build/debug/stm32h7xx_hal_pwr_ex.o
HAL_PWREx_EnableBkUpReg                           build/debug/stm32h7xx_hal_pwr_ex.o
HAL_PWREx_EnableFlashPowerDown                    build/debug/stm32h7xx_hal_pwr_ex.o
HAL_PWREx_EnableMonitoring                        build/debug/stm32h7xx_hal_pwr_ex.o
HAL_PWREx_EnableUSBReg                            build/debug/stm32h7xx_hal_pwr_ex.o
HAL_PWREx_EnableUSBVoltageDetector                build/debug/stm32h7xx_hal_pwr_ex.o
HAL_PWREx_EnableWakeUpPin                         build/debug/stm32h7xx_hal_pwr_ex.o
HAL_PWREx_EnterSTANDBYMode                        build/debug/stm32h7xx_hal_pwr_ex.o
HAL_PWREx_EnterSTOPMode                           build/debug/stm32h7xx_hal_pwr_ex.o
HAL_PWREx_GetStopModeVoltageRange                 build/debug/stm32h7xx_hal_pwr_ex.o
HAL_PWREx_GetSupplyConfig                         build/debug/stm32h7xx_hal_pwr_ex.o
HAL_PWREx_GetTemperatureLevel                     build/debug/stm32h7xx_hal_pwr_ex.o
HAL_PWREx_GetVBATLevel                            build/debug/stm32h7xx_hal_pwr_ex.o
HAL_PWREx_GetVoltageRange                         build/debug/stm32h7xx_hal_pwr_ex.o
HAL_PWREx_GetWakeupFlag                           build/debug/stm32h7xx_hal_pwr_ex.o
HAL_PWREx_PVD_AVD_IRQHandler                      build/debug/stm32h7xx_hal_pwr_ex.o
HAL_PWREx_WAKEUP_PIN_IRQHandler                   build/debug/stm32h7xx_hal_pwr_ex.o
HAL_PWREx_WKUP1_Callback                          build/debug/stm32h7xx_hal_pwr_ex.o
HAL_PWREx_WKUP2_Callback                          build/debug/stm32h7xx_hal_pwr_ex.o
HAL_PWREx_WKUP3_Callback                          build/debug/stm32h7xx_hal_pwr_ex.o
HAL_PWREx_WKUP4_Callback                          build/debug/stm32h7xx_hal_pwr_ex.o
HAL_PWREx_WKUP5_Callback                          build/debug/stm32h7xx_hal_pwr_ex.o
HAL_PWREx_WKUP6_Callback                          build/debug/stm32h7xx_hal_pwr_ex.o
HAL_PWR_ConfigPVD                                 build/debug/stm32h7xx_hal_pwr.o
HAL_PWR_DeInit                                    build/debug/stm32h7xx_hal_pwr.o
HAL_PWR_DisableBkUpAccess                         build/debug/stm32h7xx_hal_pwr.o
HAL_PWR_DisablePVD                                build/debug/stm32h7xx_hal_pwr.o
HAL_PWR_DisableSEVOnPend                          build/debug/stm32h7xx_hal_pwr.o
HAL_PWR_DisableSleepOnExit                        build/debug/stm32h7xx_hal_pwr.o
HAL_PWR_DisableWakeUpPin                          build/debug/stm32h7xx_hal_pwr.o
HAL_PWR_EnableBkUpAccess                          build/debug/stm32h7xx_hal_pwr.o
HAL_PWR_EnablePVD                                 build/debug/stm32h7xx_hal_pwr.o
HAL_PWR_EnableSEVOnPend                           build/debug/stm32h7xx_hal_pwr.o
HAL_PWR_EnableSleepOnExit                         build/debug/stm32h7xx_hal_pwr.o
HAL_PWR_EnableWakeUpPin                           build/debug/stm32h7xx_hal_pwr.o
HAL_PWR_EnterSLEEPMode                            build/debug/stm32h7xx_hal_pwr.o
HAL_PWR_EnterSTANDBYMode                          build/debug/stm32h7xx_hal_pwr.o
HAL_PWR_EnterSTOPMode                             build/debug/stm32h7xx_hal_pwr.o
HAL_PWR_PVDCallback                               build/debug/stm32h7xx_hal_pwr.o
                                                  build/debug/stm32h7xx_hal_pwr_ex.o
HAL_PWR_PVD_IRQHandler                            build/debug/stm32h7xx_hal_pwr.o
HAL_RCCEx_CRSConfig                               build/debug/stm32h7xx_hal_rcc_ex.o
HAL_RCCEx_CRSGetSynchronizationInfo               build/debug/stm32h7xx_hal_rcc_ex.o
HAL_RCCEx_CRSSoftwareSynchronizationGenerate      build/debug/stm32h7xx_hal_rcc_ex.o
HAL_RCCEx_CRSWaitSynchronization                  build/debug/stm32h7xx_hal_rcc_ex.o
HAL_RCCEx_CRS_ErrorCallback                       build/debug/stm32h7xx_hal_rcc_ex.o
HAL_RCCEx_CRS_ExpectedSyncCallback                build/debug/stm32h7xx_hal_rcc_ex.o
HAL_RCCEx_CRS_IRQHandler                          build/debug/stm32h7xx_hal_rcc_ex.o
HAL_RCCEx_CRS_SyncOkCallback                      build/debug/stm32h7xx_hal_rcc_ex.o
HAL_RCCEx_CRS_SyncWarnCallback                    build/debug/stm32h7xx_hal_rcc_ex.o
HAL_RCCEx_DisableLSECSS                           build/debug/stm32h7xx_hal_rcc_ex.o
HAL_RCCEx_EnableLSECSS                            build/debug/stm32h7xx_hal_rcc_ex.o
HAL_RCCEx_EnableLSECSS_IT                         build/debug/stm32h7xx_hal_rcc_ex.o
HAL_RCCEx_GetD1PCLK1Freq                          build/debug/stm32h7xx_hal_rcc_ex.o
HAL_RCCEx_GetD1SysClockFreq                       build/debug/stm32h7xx_hal_rcc_ex.o
HAL_RCCEx_GetD3PCLK1Freq                          build/debug/stm32h7xx_hal_rcc_ex.o
                                                  build/debug/stm32h7xx_hal_uart.o
HAL_RCCEx_GetPLL1ClockFreq                        build/debug/stm32h7xx_hal_rcc_ex.o
HAL_RCCEx_GetPLL2ClockFreq                        build/debug/stm32h7xx_hal_rcc_ex.o
                                                  build/debug/stm32h7xx_hal_uart.o
HAL_RCCEx_GetPLL3ClockFreq                        build/debug/stm32h7xx_hal_rcc_ex.o
                                                  build/debug/stm32h7xx_hal_uart.o
HAL_RCCEx_GetPeriphCLKConfig                      build/debug/stm32h7xx_hal_rcc_ex.o
HAL_RCCEx_GetPeriphCLKFreq                        build/debug/stm32h7xx_hal_rcc_ex.o
HAL_RCCEx_KerWakeUpStopCLKConfig                  build/debug/stm32h7xx_hal_rcc_ex.o
HAL_RCCEx_LSECSS_Callback                         build/debug/stm32h7xx_hal_rcc_ex.o
HAL_RCCEx_LSECSS_IRQHandler                       build/debug/stm32h7xx_hal_rcc_ex.o
HAL_RCCEx_PeriphCLKConfig                         build/debug/stm32h7xx_hal_rcc_ex.o
                                                  build/debug/uart.o
                                                  build/debug/main.o
HAL_RCCEx_WWDGxSysResetConfig                     build/debug/stm32h7xx_hal_rcc_ex.o
HAL_RCCEx_WakeUpStopCLKConfig                     build/debug/stm32h7xx_hal_rcc_ex.o
HAL_RCC_CSSCallback                               build/debug/stm32h7xx_hal_rcc.o
HAL_RCC_ClockConfig                               build/debug/stm32h7xx_hal_rcc.o
                                                  build/debug/main.o
HAL_RCC_DeInit                                    build/debug/stm32h7xx_hal_rcc.o
HAL_RCC_DisableCSS                                build/debug/stm32h7xx_hal_rcc.o
HAL_RCC_EnableCSS                                 build/debug/stm32h7xx_hal_rcc.o
HAL_RCC_GetClockConfig                            build/debug/stm32h7xx_hal_rcc.o
HAL_RCC_GetHCLKFreq                               build/debug/stm32h7xx_hal_rcc.o
                                                  build/debug/stm32h7xx_hal_rcc_ex.o
HAL_RCC_GetOscConfig                              build/debug/stm32h7xx_hal_rcc.o
HAL_RCC_GetPCLK1Freq                              build/debug/stm32h7xx_hal_rcc.o
                                                  build/debug/stm32h7xx_hal_uart.o
                                                  build/debug/stm32h7xx_hal_rcc_ex.o
HAL_RCC_GetPCLK2Freq                              build/debug/stm32h7xx_hal_rcc.o
                                                  build/debug/stm32h7xx_hal_uart.o
HAL_RCC_GetSysClockFreq                           build/debug/stm32h7xx_hal_rcc.o
                                                  build/debug/stm32h7xx_hal_rcc_ex.o
                                                  build/debug/stm32h7xx_hal.o
HAL_RCC_MCOConfig                                 build/debug/stm32h7xx_hal_rcc.o
HAL_RCC_NMI_IRQHandler                            build/debug/stm32h7xx_hal_rcc.o
HAL_RCC_OscConfig                                 build/debug/stm32h7xx_hal_rcc.o
                                                  build/debug/main.o
HAL_RS485Ex_Init                                  build/debug/stm32h7xx_hal_uart_ex.o
HAL_ResumeTick                                    build/debug/stm32h7xx_hal.o
HAL_SYSCFG_AnalogSwitchConfig                     build/debug/stm32h7xx_hal.o
HAL_SYSCFG_CM7BootAddConfig                       build/debug/stm32h7xx_hal.o
HAL_SYSCFG_CompensationCodeConfig                 build/debug/stm32h7xx_hal.o
HAL_SYSCFG_CompensationCodeSelect                 build/debug/stm32h7xx_hal.o
HAL_SYSCFG_DisableBOOST                           build/debug/stm32h7xx_hal.o
HAL_SYSCFG_DisableIOSpeedOptimize                 build/debug/stm32h7xx_hal.o
HAL_SYSCFG_DisableVREFBUF                         build/debug/stm32h7xx_hal.o
HAL_SYSCFG_ETHInterfaceSelect                     build/debug/stm32h7xx_hal.o
HAL_SYSCFG_EnableBOOST                            build/debug/stm32h7xx_hal.o
HAL_SYSCFG_EnableIOSpeedOptimize                  build/debug/stm32h7xx_hal.o
HAL_SYSCFG_EnableVREFBUF                          build/debug/stm32h7xx_hal.o
HAL_SYSCFG_VREFBUF_HighImpedanceConfig            build/debug/stm32h7xx_hal.o
HAL_SYSCFG_VREFBUF_TrimmingConfig                 build/debug/stm32h7xx_hal.o
HAL_SYSCFG_VREFBUF_VoltageScalingConfig           build/debug/stm32h7xx_hal.o
HAL_SYSTICK_CLKSourceConfig                       build/debug/stm32h7xx_hal_cortex.o
HAL_SYSTICK_Callback                              build/debug/stm32h7xx_hal_cortex.o
HAL_SYSTICK_Config                                build/debug/stm32h7xx_hal_cortex.o
                                                  build/debug/stm32h7xx_hal.o
HAL_SYSTICK_IRQHandler                            build/debug/stm32h7xx_hal_cortex.o
HAL_SetFMCMemorySwappingConfig                    build/debug/stm32h7xx_hal.o
HAL_SetTickFreq                                   build/debug/stm32h7xx_hal.o
HAL_SuspendTick                                   build/debug/stm32h7xx_hal.o
HAL_UARTEx_DisableFifoMode                        build/debug/stm32h7xx_hal_uart_ex.o
HAL_UARTEx_DisableStopMode                        build/debug/stm32h7xx_hal_uart_ex.o
HAL_UARTEx_EnableFifoMode                         build/debug/stm32h7xx_hal_uart_ex.o
HAL_UARTEx_EnableStopMode                         build/debug/stm32h7xx_hal_uart_ex.o
HAL_UARTEx_GetRxEventType                         build/debug/stm32h7xx_hal_uart_ex.o
HAL_UARTEx_ReceiveToIdle                          build/debug/stm32h7xx_hal_uart_ex.o
HAL_UARTEx_ReceiveToIdle_DMA                      build/debug/stm32h7xx_hal_uart_ex.o
HAL_UARTEx_ReceiveToIdle_IT                       build/debug/stm32h7xx_hal_uart_ex.o
HAL_UARTEx_RxEventCallback                        build/debug/stm32h7xx_hal_uart.o
HAL_UARTEx_RxFifoFullCallback                     build/debug/stm32h7xx_hal_uart_ex.o
                                                  build/debug/stm32h7xx_hal_uart.o
HAL_UARTEx_SetRxFifoThreshold                     build/debug/stm32h7xx_hal_uart_ex.o
HAL_UARTEx_SetTxFifoThreshold                     build/debug/stm32h7xx_hal_uart_ex.o
HAL_UARTEx_StopModeWakeUpSourceConfig             build/debug/stm32h7xx_hal_uart_ex.o
HAL_UARTEx_TxFifoEmptyCallback                    build/debug/stm32h7xx_hal_uart_ex.o
                                                  build/debug/stm32h7xx_hal_uart.o