Archive member included to satisfy reference by file (symbol)

/Users/rasil/Library/Application Support/Code/User/globalStorage/bmd.stm32-for-vscode/@xpack-dev-tools/arm-none-eabi-gcc/14.2.1-1.1.1/.content/bin/../lib/gcc/arm-none-eabi/14.2.1/../../../../arm-none-eabi/lib/thumb/v7e-m+dp/hard/libc_nano.a(libc_a-atexit.o)
                              /Users/rasil/Library/Application Support/Code/User/globalStorage/bmd.stm32-for-vscode/@xpack-dev-tools/arm-none-eabi-gcc/14.2.1-1.1.1/.content/bin/../lib/gcc/arm-none-eabi/14.2.1/../../../../arm-none-eabi/lib/thumb/v7e-m+dp/hard/crt0.o (atexit)
/Users/rasil/Library/Application Support/Code/User/globalStorage/bmd.stm32-for-vscode/@xpack-dev-tools/arm-none-eabi-gcc/14.2.1-1.1.1/.content/bin/../lib/gcc/arm-none-eabi/14.2.1/../../../../arm-none-eabi/lib/thumb/v7e-m+dp/hard/libc_nano.a(libc_a-exit.o)
                              /Users/rasil/Library/Application Support/Code/User/globalStorage/bmd.stm32-for-vscode/@xpack-dev-tools/arm-none-eabi-gcc/14.2.1-1.1.1/.content/bin/../lib/gcc/arm-none-eabi/14.2.1/../../../../arm-none-eabi/lib/thumb/v7e-m+dp/hard/crt0.o (exit)
/Users/rasil/Library/Application Support/Code/User/globalStorage/bmd.stm32-for-vscode/@xpack-dev-tools/arm-none-eabi-gcc/14.2.1-1.1.1/.content/bin/../lib/gcc/arm-none-eabi/14.2.1/../../../../arm-none-eabi/lib/thumb/v7e-m+dp/hard/libc_nano.a(libc_a-findfp.o)
                              /Users/rasil/Library/Application Support/Code/User/globalStorage/bmd.stm32-for-vscode/@xpack-dev-tools/arm-none-eabi-gcc/14.2.1-1.1.1/.content/bin/../lib/gcc/arm-none-eabi/14.2.1/../../../../arm-none-eabi/lib/thumb/v7e-m+dp/hard/libc_nano.a(libc_a-exit.o) (__stdio_exit_handler)
/Users/rasil/Library/Application Support/Code/User/globalStorage/bmd.stm32-for-vscode/@xpack-dev-tools/arm-none-eabi-gcc/14.2.1-1.1.1/.content/bin/../lib/gcc/arm-none-eabi/14.2.1/../../../../arm-none-eabi/lib/thumb/v7e-m+dp/hard/libc_nano.a(libc_a-fwalk.o)
                              /Users/rasil/Library/Application Support/Code/User/globalStorage/bmd.stm32-for-vscode/@xpack-dev-tools/arm-none-eabi-gcc/14.2.1-1.1.1/.content/bin/../lib/gcc/arm-none-eabi/14.2.1/../../../../arm-none-eabi/lib/thumb/v7e-m+dp/hard/libc_nano.a(libc_a-findfp.o) (_fwalk_sglue)
/Users/rasil/Library/Application Support/Code/User/globalStorage/bmd.stm32-for-vscode/@xpack-dev-tools/arm-none-eabi-gcc/14.2.1-1.1.1/.content/bin/../lib/gcc/arm-none-eabi/14.2.1/../../../../arm-none-eabi/lib/thumb/v7e-m+dp/hard/libc_nano.a(libc_a-memset.o)
                              /Users/rasil/Library/Application Support/Code/User/globalStorage/bmd.stm32-for-vscode/@xpack-dev-tools/arm-none-eabi-gcc/14.2.1-1.1.1/.content/bin/../lib/gcc/arm-none-eabi/14.2.1/../../../../arm-none-eabi/lib/thumb/v7e-m+dp/hard/crt0.o (memset)
/Users/rasil/Library/Application Support/Code/User/globalStorage/bmd.stm32-for-vscode/@xpack-dev-tools/arm-none-eabi-gcc/14.2.1-1.1.1/.content/bin/../lib/gcc/arm-none-eabi/14.2.1/../../../../arm-none-eabi/lib/thumb/v7e-m+dp/hard/libc_nano.a(libc_a-errno.o)
                              build/debug/syscalls.o (__errno)
/Users/rasil/Library/Application Support/Code/User/globalStorage/bmd.stm32-for-vscode/@xpack-dev-tools/arm-none-eabi-gcc/14.2.1-1.1.1/.content/bin/../lib/gcc/arm-none-eabi/14.2.1/../../../../arm-none-eabi/lib/thumb/v7e-m+dp/hard/libc_nano.a(libc_a-init.o)
                              /Users/rasil/Library/Application Support/Code/User/globalStorage/bmd.stm32-for-vscode/@xpack-dev-tools/arm-none-eabi-gcc/14.2.1-1.1.1/.content/bin/../lib/gcc/arm-none-eabi/14.2.1/../../../../arm-none-eabi/lib/thumb/v7e-m+dp/hard/crt0.o (__libc_init_array)
/Users/rasil/Library/Application Support/Code/User/globalStorage/bmd.stm32-for-vscode/@xpack-dev-tools/arm-none-eabi-gcc/14.2.1-1.1.1/.content/bin/../lib/gcc/arm-none-eabi/14.2.1/../../../../arm-none-eabi/lib/thumb/v7e-m+dp/hard/libc_nano.a(libc_a-fini.o)
                              /Users/rasil/Library/Application Support/Code/User/globalStorage/bmd.stm32-for-vscode/@xpack-dev-tools/arm-none-eabi-gcc/14.2.1-1.1.1/.content/bin/../lib/gcc/arm-none-eabi/14.2.1/../../../../arm-none-eabi/lib/thumb/v7e-m+dp/hard/crt0.o (__libc_fini_array)
/Users/rasil/Library/Application Support/Code/User/globalStorage/bmd.stm32-for-vscode/@xpack-dev-tools/arm-none-eabi-gcc/14.2.1-1.1.1/.content/bin/../lib/gcc/arm-none-eabi/14.2.1/../../../../arm-none-eabi/lib/thumb/v7e-m+dp/hard/libc_nano.a(libc_a-lock.o)
                              /Users/rasil/Library/Application Support/Code/User/globalStorage/bmd.stm32-for-vscode/@xpack-dev-tools/arm-none-eabi-gcc/14.2.1-1.1.1/.content/bin/../lib/gcc/arm-none-eabi/14.2.1/../../../../arm-none-eabi/lib/thumb/v7e-m+dp/hard/libc_nano.a(libc_a-findfp.o) (__retarget_lock_init_recursive)
[...]
Memory Configuration

Name             Origin             Length             Attributes
DTCMRAM          0x20000000         0x00020000         xrw
RAM              0x24000000         0x00080000         xrw
RAM_D2           0x30000000         0x00048000         xrw
RAM_D3           0x38000000         0x00010000         xrw
ITCMRAM          0x00000000         0x00010000         xrw
FLASH            0x08000000         0x00200000         xr
*default*        0x00000000         0xffffffff

Linker script and memory map

LOAD /Users/rasil/Library/Application Support/Code/User/globalStorage/bmd.stm32-for-vscode/@xpack-dev-tools/arm-none-eabi-gcc/14.2.1-1.1.1/.content/bin/../lib/gcc/arm-none-eabi/14.2.1/thumb/v7e-m+dp/hard/crti.o
LOAD /Users/rasil/Library/Application Support/Code/User/globalStorage/bmd.stm32-for-vscode/@xpack-dev-tools/arm-none-eabi-gcc/14.2.1-1.1.1/.content/bin/../lib/gcc/arm-none-eabi/14.2.1/thumb/v7e-m+dp/hard/crtbegin.o
LOAD /Users/rasil/Library/Application Support/Code/User/globalStorage/bmd.stm32-for-vscode/@xpack-dev-tools/arm-none-eabi-gcc/14.2.1-1.1.1/.content/bin/../lib/gcc/arm-none-eabi/14.2.1/../../../../arm-none-eabi/lib/thumb/v7e-m+dp/hard/crt0.o
LOAD build/debug/main.o
LOAD build/debug/stm32h7xx_hal.o
LOAD build/debug/stm32h7xx_hal_cortex.o
LOAD build/debug/stm32h7xx_hal_dma.o
LOAD build/debug/stm32h7xx_hal_dma_ex.o
LOAD build/debug/stm32h7xx_hal_exti.o
LOAD build/debug/stm32h7xx_hal_flash.o
LOAD build/debug/stm32h7xx_hal_flash_ex.o
LOAD build/debug/stm32h7xx_hal_gpio.o
LOAD build/debug/stm32h7xx_hal_hsem.o
LOAD build/debug/stm32h7xx_hal_i2c.o
LOAD build/debug/stm32h7xx_hal_i2c_ex.o
LOAD build/debug/stm32h7xx_hal_ltdc.o
LOAD build/debug/stm32h7xx_hal_ltdc_ex.o
LOAD build/debug/stm32h7xx_hal_mdma.o
LOAD build/debug/stm32h7xx_hal_msp.o
LOAD build/debug/stm32h7xx_hal_pwr.o
LOAD build/debug/stm32h7xx_hal_pwr_ex.o
LOAD build/debug/stm32h7xx_hal_rcc.o
LOAD build/debug/stm32h7xx_hal_rcc_ex.o
LOAD build/debug/stm32h7xx_it.o
LOAD build/debug/syscalls.o
LOAD build/debug/sysmem.o
LOAD build/debug/system_stm32h7xx.o
LOAD build/debug/startup_stm32h743xx.o
LOAD /Users/rasil/Library/Application Support/Code/User/globalStorage/bmd.stm32-for-vscode/@xpack-dev-tools/arm-none-eabi-gcc/14.2.1-1.1.1/.content/bin/../lib/gcc/arm-none-eabi/14.2.1/../../../../arm-none-eabi/lib/thumb/v7e-m+dp/hard/libc_nano.a
LOAD /Users/rasil/Library/Application Support/Code/User/globalStorage/bmd.stm32-for-vscode/@xpack-dev-tools/arm-none-eabi-gcc/14.2.1-1.1.1/.content/bin/../lib/gcc/arm-none-eabi/14.2.1/../../../../arm-none-eabi/lib/thumb/v7e-m+dp/hard/libm.a
LOAD /Users/rasil/Library/Application Support/Code/User/globalStorage/bmd.stm32-for-vscode/@xpack-dev-tools/arm-none-eabi-gcc/14.2.1-1.1.1/.content/bin/../lib/gcc/arm-none-eabi/14.2.1/../../../../arm-none-eabi/lib/thumb/v7e-m+dp/hard/libnosys.a
START GROUP
LOAD /Users/rasil/Library/Application Support/Code/User/globalStorage/bmd.stm32-for-vscode/@xpack-dev-tools/arm-none-eabi-gcc/14.2.1-1.1.1/.content/bin/../lib/gcc/arm-none-eabi/14.2.1/thumb/v7e-m+dp/hard/libgcc.a
LOAD /Users/rasil/Library/Application Support/Code/User/globalStorage/bmd.stm32-for-vscode/@xpack-dev-tools/arm-none-eabi-gcc/14.2.1-1.1.1/.content/bin/../lib/gcc/arm-none-eabi/14.2.1/../../../../arm-none-eabi/lib/thumb/v7e-m+dp/hard/libc_nano.a
END GROUP
START GROUP
LOAD /Users/rasil/Library/Application Support/Code/User/globalStorage/bmd.stm32-for-vscode/@xpack-dev-tools/arm-none-eabi-gcc/14.2.1-1.1.1/.content/bin/../lib/gcc/arm-none-eabi/14.2.1/thumb/v7e-m+dp/hard/libgcc.a
LOAD /Users/rasil/Library/Application Support/Code/User/globalStorage/bmd.stm32-for-vscode/@xpack-dev-tools/arm-none-eabi-gcc/14.2.1-1.1.1/.content/bin/../lib/gcc/arm-none-eabi/14.2.1/../../../../arm-none-eabi/lib/thumb/v7e-m+dp/hard/libc_nano.a
END GROUP
LOAD /Users/rasil/Library/Application Support/Code/User/globalStorage/bmd.stm32-for-vscode/@xpack-dev-tools/arm-none-eabi-gcc/14.2.1-1.1.1/.content/bin/../lib/gcc/arm-none-eabi/14.2.1/thumb/v7e-m+dp/hard/crtend.o
LOAD /Users/rasil/Library/Application Support/Code/User/globalStorage/bmd.stm32-for-vscode/@xpack-dev-tools/arm-none-eabi-gcc/14.2.1-1.1.1/.content/bin/../lib/gcc/arm-none-eabi/14.2.1/thumb/v7e-m+dp/hard/crtn.o
                0x20020000                        _estack = (ORIGIN (DTCMRAM) + LENGTH (DTCMRAM))
                0x00000200                        _Min_Heap_Size = 0x200
                0x00000400                        _Min_Stack_Size = 0x400

.isr_vector     0x08000000      0x298
                0x08000000                        . = ALIGN (0x4)
 *(.isr_vector)
 .isr_vector    0x08000000      0x298 build/debug/startup_stm32h743xx.o
                0x08000000                g_pfnVectors
                0x08000298                        . = ALIGN (0x4)

.text           0x08000298     0x27bc
                0x08000298                        . = ALIGN (0x4)
 *(.text)
 *(.text*)
 .text.__do_global_dtors_aux
                0x08000298       0x24 /Users/rasil/Library/Application Support/Code/User/globalStorage/bmd.stm32-for-vscode/@xpack-dev-tools/arm-none-eabi-gcc/14.2.1-1.1.1/.content/bin/../lib/gcc/arm-none-eabi/14.2.1/thumb/v7e-m+dp/hard/crtbegin.o
 .text.frame_dummy
                0x080002bc       0x1c /Users/rasil/Library/Application Support/Code/User/globalStorage/bmd.stm32-for-vscode/@xpack-dev-tools/arm-none-eabi-gcc/14.2.1-1.1.1/.content/bin/../lib/gcc/arm-none-eabi/14.2.1/thumb/v7e-m+dp/hard/crtbegin.o
 .text.MX_GPIO_Init
                0x080002d8       0xb4 build/debug/main.o
 .text.MPU_Config
                0x0800038c       0x52 build/debug/main.o
 .text.Error_Handler
                0x080003de        0x4 build/debug/main.o
                0x080003de                Error_Handler
 *fill*         0x080003e2        0x2 
 .text.MX_LTDC_Init
                0x080003e4       0xf0 build/debug/main.o
 .text.SystemClock_Config
                0x080004d4       0xc4 build/debug/main.o
                0x080004d4                SystemClock_Config
 .text.main     0x08000598       0x18 build/debug/main.o
                0x08000598                main
 .text.HAL_InitTick
                0x080005b0       0x50 build/debug/stm32h7xx_hal.o
                0x080005b0                HAL_InitTick
 .text.HAL_Init
                0x08000600       0x5c build/debug/stm32h7xx_hal.o
                0x08000600                HAL_Init
 .text.HAL_IncTick
                0x0800065c       0x18 build/debug/stm32h7xx_hal.o
                0x0800065c                HAL_IncTick
 .text.HAL_GetTick
                0x08000674        0xc build/debug/stm32h7xx_hal.o
                0x08000674                HAL_GetTick
 .text.HAL_GetREVID
                0x08000680        0xc build/debug/stm32h7xx_hal.o
                0x08000680                HAL_GetREVID
 .text.__NVIC_EnableIRQ
                0x0800068c       0x1c build/debug/stm32h7xx_hal_cortex.o
 .text.__NVIC_SetPriority
                0x080006a8       0x24 build/debug/stm32h7xx_hal_cortex.o
 .text.NVIC_EncodePriority
                0x080006cc       0x3e build/debug/stm32h7xx_hal_cortex.o
 *fill*         0x0800070a        0x2 
 .text.HAL_NVIC_SetPriorityGrouping
                0x0800070c       0x24 build/debug/stm32h7xx_hal_cortex.o
                0x0800070c                HAL_NVIC_SetPriorityGrouping
 .text.HAL_NVIC_SetPriority
                0x08000730       0x20 build/debug/stm32h7xx_hal_cortex.o
                0x08000730                HAL_NVIC_SetPriority
 .text.HAL_NVIC_EnableIRQ
                0x08000750        0x8 build/debug/stm32h7xx_hal_cortex.o
                0x08000750                HAL_NVIC_EnableIRQ
 .text.HAL_SYSTICK_Config
                0x08000758       0x28 build/debug/stm32h7xx_hal_cortex.o
                0x08000758                HAL_SYSTICK_Config
 .text.HAL_MPU_Disable
                0x08000780       0x1c build/debug/stm32h7xx_hal_cortex.o
                0x08000780                HAL_MPU_Disable
 .text.HAL_MPU_Enable
                0x0800079c       0x20 build/debug/stm32h7xx_hal_cortex.o
                0x0800079c                HAL_MPU_Enable
 .text.HAL_MPU_ConfigRegion
                0x080007bc       0x58 build/debug/stm32h7xx_hal_cortex.o
                0x080007bc                HAL_MPU_ConfigRegion
 .text.HAL_GPIO_Init
                0x08000814      0x220 build/debug/stm32h7xx_hal_gpio.o
                0x08000814                HAL_GPIO_Init
 .text.LTDC_SetConfig
                0x08000a34      0x18c build/debug/stm32h7xx_hal_ltdc.o
 .text.HAL_LTDC_Init
                0x08000bc0       0xbc build/debug/stm32h7xx_hal_ltdc.o
                0x08000bc0                HAL_LTDC_Init
 .text.HAL_LTDC_ErrorCallback
                0x08000c7c        0x2 build/debug/stm32h7xx_hal_ltdc.o
                0x08000c7c                HAL_LTDC_ErrorCallback
 .text.HAL_LTDC_LineEventCallback
                0x08000c7e        0x2 build/debug/stm32h7xx_hal_ltdc.o
                0x08000c7e                HAL_LTDC_LineEventCallback
 .text.HAL_LTDC_ReloadEventCallback
                0x08000c80        0x2 build/debug/stm32h7xx_hal_ltdc.o
                0x08000c80                HAL_LTDC_ReloadEventCallback
 .text.HAL_LTDC_IRQHandler
                0x08000c82       0xda build/debug/stm32h7xx_hal_ltdc.o
                0x08000c82                HAL_LTDC_IRQHandler
 .text.HAL_LTDC_ConfigLayer
                0x08000d5c       0x68 build/debug/stm32h7xx_hal_ltdc.o
                0x08000d5c                HAL_LTDC_ConfigLayer
 .text.HAL_MspInit
                0x08000dc4       0x24 build/debug/stm32h7xx_hal_msp.o
                0x08000dc4                HAL_MspInit
 .text.HAL_LTDC_MspInit
                0x08000de8      0x218 build/debug/stm32h7xx_hal_msp.o
                0x08000de8                HAL_LTDC_MspInit
 .text.HAL_PWREx_ConfigSupply
                0x08001000       0x54 build/debug/stm32h7xx_hal_pwr_ex.o
                0x08001000                HAL_PWREx_ConfigSupply
 .text.HAL_RCC_OscConfig
                0x08001054      0x6b0 build/debug/stm32h7xx_hal_rcc.o
                0x08001054                HAL_RCC_OscConfig
 .text.HAL_RCC_GetSysClockFreq
                0x08001704      0x1f8 build/debug/stm32h7xx_hal_rcc.o
                0x08001704                HAL_RCC_GetSysClockFreq
 .text.HAL_RCC_ClockConfig
                0x080018fc      0x294 build/debug/stm32h7xx_hal_rcc.o
                0x080018fc                HAL_RCC_ClockConfig
 .text.RCCEx_PLL2_Config
                0x08001b90      0x108 build/debug/stm32h7xx_hal_rcc_ex.o
 .text.RCCEx_PLL3_Config
                0x08001c98      0x108 build/debug/stm32h7xx_hal_rcc_ex.o
 .text.HAL_RCCEx_PeriphCLKConfig
                0x08001da0      0xab8 build/debug/stm32h7xx_hal_rcc_ex.o
                0x08001da0                HAL_RCCEx_PeriphCLKConfig
 .text.NMI_Handler
                0x08002858        0x2 build/debug/stm32h7xx_it.o
                0x08002858                NMI_Handler
 .text.HardFault_Handler
                0x0800285a        0x2 build/debug/stm32h7xx_it.o
                0x0800285a                HardFault_Handler
 .text.MemManage_Handler
                0x0800285c        0x2 build/debug/stm32h7xx_it.o
                0x0800285c                MemManage_Handler
 .text.BusFault_Handler
                0x0800285e        0x2 build/debug/stm32h7xx_it.o
                0x0800285e                BusFault_Handler
 .text.UsageFault_Handler
                0x08002860        0x2 build/debug/stm32h7xx_it.o
                0x08002860                UsageFault_Handler
 .text.SVC_Handler
                0x08002862        0x2 build/debug/stm32h7xx_it.o
                0x08002862                SVC_Handler
 .text.DebugMon_Handler
                0x08002864        0x2 build/debug/stm32h7xx_it.o
                0x08002864                DebugMon_Handler
 .text.PendSV_Handler
                0x08002866        0x2 build/debug/stm32h7xx_it.o
                0x08002866                PendSV_Handler
 .text.SysTick_Handler
                0x08002868        0x8 build/debug/stm32h7xx_it.o
                0x08002868                SysTick_Handler
 .text.LTDC_IRQHandler
                0x08002870       0x10 build/debug/stm32h7xx_it.o
                0x08002870                LTDC_IRQHandler
 .text.SystemInit
                0x08002880       0xf0 build/debug/system_stm32h7xx.o
                0x08002880                SystemInit
 .text.ExitRun0Mode
                0x08002970       0x1c build/debug/system_stm32h7xx.o
                0x08002970                ExitRun0Mode
 .text.Reset_Handler
                0x0800298c       0x54 build/debug/startup_stm32h743xx.o
                0x0800298c                Reset_Handler
 .text.Default_Handler
                0x080029e0        0x2 build/debug/startup_stm32h743xx.o
                0x080029e0                DMA1_Stream3_IRQHandler
                0x080029e0                EXTI2_IRQHandler
                0x080029e0                TIM8_CC_IRQHandler
                0x080029e0                HRTIM1_Master_IRQHandler
                0x080029e0                UART8_IRQHandler
                0x080029e0                SPI4_IRQHandler
                0x080029e0                TIM1_CC_IRQHandler
                0x080029e0                BDMA_Channel6_IRQHandler
                0x080029e0                DMA2_Stream5_IRQHandler
                0x080029e0                HRTIM1_FLT_IRQHandler
                0x080029e0                JPEG_IRQHandler
                0x080029e0                DMA1_Stream5_IRQHandler
                0x080029e0                BDMA_Channel1_IRQHandler
                0x080029e0                HRTIM1_TIMD_IRQHandler
                0x080029e0                TAMP_STAMP_IRQHandler
                0x080029e0                EXTI3_IRQHandler
                0x080029e0                LPTIM4_IRQHandler
                0x080029e0                TIM8_TRG_COM_TIM14_IRQHandler
                0x080029e0                LPTIM2_IRQHandler
                0x080029e0                DFSDM1_FLT1_IRQHandler
                0x080029e0                DMAMUX2_OVR_IRQHandler
                0x080029e0                TIM8_UP_TIM13_IRQHandler
                0x080029e0                I2C3_ER_IRQHandler
                0x080029e0                DFSDM1_FLT2_IRQHandler
                0x080029e0                MDMA_IRQHandler
                0x080029e0                LPTIM3_IRQHandler
                0x080029e0                HSEM1_IRQHandler
                0x080029e0                EXTI0_IRQHandler
                0x080029e0                I2C2_EV_IRQHandler
                0x080029e0                DMA1_Stream2_IRQHandler
                0x080029e0                FPU_IRQHandler
                0x080029e0                OTG_HS_WKUP_IRQHandler
                0x080029e0                FDCAN1_IT1_IRQHandler
                0x080029e0                LTDC_ER_IRQHandler
                0x080029e0                DMA2_Stream2_IRQHandler
                0x080029e0                HRTIM1_TIME_IRQHandler
                0x080029e0                SPI1_IRQHandler
                0x080029e0                TIM6_DAC_IRQHandler
                0x080029e0                DCMI_IRQHandler
                0x080029e0                HRTIM1_TIMC_IRQHandler
                0x080029e0                DMA2_Stream3_IRQHandler
                0x080029e0                SAI2_IRQHandler
                0x080029e0                DFSDM1_FLT3_IRQHandler
                0x080029e0                USART6_IRQHandler
                0x080029e0                TIM17_IRQHandler
                0x080029e0                USART3_IRQHandler
                0x080029e0                BDMA_Channel7_IRQHandler
                0x080029e0                LPTIM5_IRQHandler
                0x080029e0                UART5_IRQHandler
                0x080029e0                ADC3_IRQHandler
                0x080029e0                DMA2_Stream0_IRQHandler
                0x080029e0                TIM4_IRQHandler
                0x080029e0                BDMA_Channel2_IRQHandler
                0x080029e0                QUADSPI_IRQHandler
                0x080029e0                I2C1_EV_IRQHandler
                0x080029e0                DMA1_Stream6_IRQHandler
                0x080029e0                DMAMUX1_OVR_IRQHandler
                0x080029e0                DMA1_Stream1_IRQHandler
                0x080029e0                TIM16_IRQHandler
                0x080029e0                UART4_IRQHandler
                0x080029e0                BDMA_Channel5_IRQHandler
                0x080029e0                TIM3_IRQHandler
                0x080029e0                RCC_IRQHandler
                0x080029e0                TIM8_BRK_TIM12_IRQHandler
                0x080029e0                TIM1_TRG_COM_IRQHandler
                0x080029e0                Default_Handler
                0x080029e0                ECC_IRQHandler
                0x080029e0                CEC_IRQHandler
                0x080029e0                EXTI15_10_IRQHandler
                0x080029e0                BDMA_Channel0_IRQHandler
                0x080029e0                ADC_IRQHandler
                0x080029e0                DMA1_Stream7_IRQHandler
                0x080029e0                HRTIM1_TIMA_IRQHandler
                0x080029e0                SPI5_IRQHandler
                0x080029e0                TIM7_IRQHandler
                0x080029e0                SDMMC1_IRQHandler
                0x080029e0                TIM5_IRQHandler
                0x080029e0                DMA2_Stream7_IRQHandler
                0x080029e0                TIM15_IRQHandler
                0x080029e0                PVD_AVD_IRQHandler
                0x080029e0                I2C3_EV_IRQHandler
                0x080029e0                EXTI9_5_IRQHandler
                0x080029e0                RTC_WKUP_IRQHandler
                0x080029e0                SAI3_IRQHandler
                0x080029e0                ETH_WKUP_IRQHandler
                0x080029e0                SPDIF_RX_IRQHandler
                0x080029e0                SPI2_IRQHandler
                0x080029e0                OTG_HS_EP1_IN_IRQHandler
                0x080029e0                DMA1_Stream0_IRQHandler
                0x080029e0                CRS_IRQHandler
                0x080029e0                EXTI4_IRQHandler
                0x080029e0                RNG_IRQHandler
                0x080029e0                HRTIM1_TIMB_IRQHandler
                0x080029e0                FDCAN2_IT1_IRQHandler
                0x080029e0                ETH_IRQHandler
                0x080029e0                TIM1_UP_IRQHandler
                0x080029e0                BDMA_Channel4_IRQHandler
                0x080029e0                OTG_HS_EP1_OUT_IRQHandler
                0x080029e0                WWDG_IRQHandler
                0x080029e0                SPI6_IRQHandler
                0x080029e0                MDIOS_IRQHandler
                0x080029e0                I2C4_EV_IRQHandler
                0x080029e0                FDCAN2_IT0_IRQHandler
                0x080029e0                LPUART1_IRQHandler
                0x080029e0                FDCAN1_IT0_IRQHandler
                0x080029e0                TIM2_IRQHandler
                0x080029e0                OTG_FS_WKUP_IRQHandler
                0x080029e0                OTG_HS_IRQHandler
                0x080029e0                DMA2D_IRQHandler
                0x080029e0                TIM1_BRK_IRQHandler
                0x080029e0                EXTI1_IRQHandler
                0x080029e0                SDMMC2_IRQHandler
                0x080029e0                OTG_FS_EP1_OUT_IRQHandler
                0x080029e0                BDMA_Channel3_IRQHandler
                0x080029e0                UART7_IRQHandler
                0x080029e0                MDIOS_WKUP_IRQHandler
                0x080029e0                USART2_IRQHandler
                0x080029e0                DFSDM1_FLT0_IRQHandler
                0x080029e0                SAI4_IRQHandler
                0x080029e0                I2C2_ER_IRQHandler
                0x080029e0                DMA2_Stream1_IRQHandler
                0x080029e0                FLASH_IRQHandler
                0x080029e0                DMA2_Stream4_IRQHandler
                0x080029e0                USART1_IRQHandler
                0x080029e0                OTG_FS_IRQHandler
                0x080029e0                SPI3_IRQHandler
                0x080029e0                WAKEUP_PIN_IRQHandler
                0x080029e0                DMA1_Stream4_IRQHandler
                0x080029e0                OTG_FS_EP1_IN_IRQHandler
                0x080029e0                I2C1_ER_IRQHandler
                0x080029e0                FMC_IRQHandler
                0x080029e0                FDCAN_CAL_IRQHandler
                0x080029e0                SWPMI1_IRQHandler
                0x080029e0                COMP1_IRQHandler
                0x080029e0                LPTIM1_IRQHandler
                0x080029e0                I2C4_ER_IRQHandler
                0x080029e0                DMA2_Stream6_IRQHandler
                0x080029e0                SAI1_IRQHandler
                0x080029e0                RTC_Alarm_IRQHandler
 .text.memset   0x080029e2       0x10 /Users/rasil/Library/Application Support/Code/User/globalStorage/bmd.stm32-for-vscode/@xpack-dev-tools/arm-none-eabi-gcc/14.2.1-1.1.1/.content/bin/../lib/gcc/arm-none-eabi/14.2.1/../../../../arm-none-eabi/lib/thumb/v7e-m+dp/hard/libc_nano.a(libc_a-memset.o)
                0x080029e2                memset
 *fill*         0x080029f2        0x2 
 .text.__libc_init_array
                0x080029f4       0x48 /Users/rasil/Library/Application Support/Code/User/globalStorage/bmd.stm32-for-vscode/@xpack-dev-tools/arm-none-eabi-gcc/14.2.1-1.1.1/.content/bin/../lib/gcc/arm-none-eabi/14.2.1/../../../../arm-none-eabi/lib/thumb/v7e-m+dp/hard/libc_nano.a(libc_a-init.o)
                0x080029f4                __libc_init_array
 *(.glue_7)
 .glue_7        0x08002a3c        0x0 linker stubs
 *(.glue_7t)
 .glue_7t       0x08002a3c        0x0 linker stubs
 *(.eh_frame)
 .eh_frame      0x08002a3c        0x0 /Users/rasil/Library/Application Support/Code/User/globalStorage/bmd.stm32-for-vscode/@xpack-dev-tools/arm-none-eabi-gcc/14.2.1-1.1.1/.content/bin/../lib/gcc/arm-none-eabi/14.2.1/thumb/v7e-m+dp/hard/crtbegin.o
 *(.init)
 .init          0x08002a3c        0x4 /Users/rasil/Library/Application Support/Code/User/globalStorage/bmd.stm32-for-vscode/@xpack-dev-tools/arm-none-eabi-gcc/14.2.1-1.1.1/.content/bin/../lib/gcc/arm-none-eabi/14.2.1/thumb/v7e-m+dp/hard/crti.o
                0x08002a3c                _init
 .init          0x08002a40        0x8 /Users/rasil/Library/Application Support/Code/User/globalStorage/bmd.stm32-for-vscode/@xpack-dev-tools/arm-none-eabi-gcc/14.2.1-1.1.1/.content/bin/../lib/gcc/arm-none-eabi/14.2.1/thumb/v7e-m+dp/hard/crtn.o
 *(.fini)
 .fini          0x08002a48        0x4 /Users/rasil/Library/Application Support/Code/User/globalStorage/bmd.stm32-for-vscode/@xpack-dev-tools/arm-none-eabi-gcc/14.2.1-1.1.1/.content/bin/../lib/gcc/arm-none-eabi/14.2.1/thumb/v7e-m+dp/hard/crti.o
                0x08002a48                _fini
 .fini          0x08002a4c        0x8 /Users/rasil/Library/Application Support/Code/User/globalStorage/bmd.stm32-for-vscode/@xpack-dev-tools/arm-none-eabi-gcc/14.2.1-1.1.1/.content/bin/../lib/gcc/arm-none-eabi/14.2.1/thumb/v7e-m+dp/hard/crtn.o
                0x08002a54                        . = ALIGN (0x4)
                0x08002a54                        _etext = .

.vfp11_veneer   0x08002a54        0x0
 .vfp11_veneer  0x08002a54        0x0 linker stubs

.v4_bx          0x08002a54        0x0
 .v4_bx         0x08002a54        0x0 linker stubs

.iplt           0x08002a54        0x0
 .iplt          0x08002a54        0x0 /Users/rasil/Library/Application Support/Code/User/globalStorage/bmd.stm32-for-vscode/@xpack-dev-tools/arm-none-eabi-gcc/14.2.1-1.1.1/.content/bin/../lib/gcc/arm-none-eabi/14.2.1/thumb/v7e-m+dp/hard/crtbegin.o

.rodata         0x08002a54       0x10
                0x08002a54                        . = ALIGN (0x4)
 *(.rodata)
 *(.rodata*)
 .rodata.D1CorePrescTable
                0x08002a54       0x10 build/debug/system_stm32h7xx.o
                0x08002a54                D1CorePrescTable
                0x08002a64                        . = ALIGN (0x4)

.ARM.extab      0x08002a64        0x0
                0x08002a64                        . = ALIGN (0x4)
 *(.ARM.extab* .gnu.linkonce.armextab.*)
                0x08002a64                        . = ALIGN (0x4)

.ARM            0x08002a64        0x0
                0x08002a64                        . = ALIGN (0x4)
                0x08002a64                        __exidx_start = .
 *(.ARM.exidx*)
                0x08002a64                        __exidx_end = .
                0x08002a64                        . = ALIGN (0x4)

.preinit_array  0x08002a64        0x0
                0x08002a64                        . = ALIGN (0x4)
                0x08002a64                        PROVIDE (__preinit_array_start = .)
 *(.preinit_array*)
                0x08002a64                        PROVIDE (__preinit_array_end = .)
                0x08002a64                        . = ALIGN (0x4)

.init_array     0x08002a64        0x4
                0x08002a64                        . = ALIGN (0x4)
                0x08002a64                        PROVIDE (__init_array_start = .)
 *(SORT_BY_NAME(.init_array.*))
 *(.init_array*)
 .init_array    0x08002a64        0x4 /Users/rasil/Library/Application Support/Code/User/globalStorage/bmd.stm32-for-vscode/@xpack-dev-tools/arm-none-eabi-gcc/14.2.1-1.1.1/.content/bin/../lib/gcc/arm-none-eabi/14.2.1/thumb/v7e-m+dp/hard/crtbegin.o
                0x08002a68                        PROVIDE (__init_array_end = .)
                0x08002a68                        . = ALIGN (0x4)

.fini_array     0x08002a68        0x4
                0x08002a68                        . = ALIGN (0x4)
                0x08002a68                        PROVIDE (__fini_array_start = .)
 *(SORT_BY_NAME(.fini_array.*))
 *(.fini_array*)
 .fini_array    0x08002a68        0x4 /Users/rasil/Library/Application Support/Code/User/globalStorage/bmd.stm32-for-vscode/@xpack-dev-tools/arm-none-eabi-gcc/14.2.1-1.1.1/.content/bin/../lib/gcc/arm-none-eabi/14.2.1/thumb/v7e-m+dp/hard/crtbegin.o
                0x08002a6c                        PROVIDE (__fini_array_end = .)
                0x08002a6c                        . = ALIGN (0x4)
                0x08002a6c                        _sidata = LOADADDR (.data)

.rel.dyn        0x08002a6c        0x0
 .rel.iplt      0x08002a6c        0x0 /Users/rasil/Library/Application Support/Code/User/globalStorage/bmd.stm32-for-vscode/@xpack-dev-tools/arm-none-eabi-gcc/14.2.1-1.1.1/.content/bin/../lib/gcc/arm-none-eabi/14.2.1/thumb/v7e-m+dp/hard/crtbegin.o

.data           0x20000000       0x10 load address 0x08002a6c
                0x20000000                        . = ALIGN (0x4)
                0x20000000                        _sdata = .
 *(.data)
 *(.data*)
 .data.uwTickFreq
                0x20000000        0x1 build/debug/stm32h7xx_hal.o
                0x20000000                uwTickFreq
 *fill*         0x20000001        0x3 
 .data.uwTickPrio
                0x20000004        0x4 build/debug/stm32h7xx_hal.o
                0x20000004                uwTickPrio
 .data.SystemD2Clock
                0x20000008        0x4 build/debug/system_stm32h7xx.o
                0x20000008                SystemD2Clock
 .data.SystemCoreClock
                0x2000000c        0x4 build/debug/system_stm32h7xx.o
                0x2000000c                SystemCoreClock
 *(.RamFunc)
 *(.RamFunc*)
                0x20000010                        . = ALIGN (0x4)
                0x20000010                        _edata = .

.igot.plt       0x20000010        0x0 load address 0x08002a7c
 .igot.plt      0x20000010        0x0 /Users/rasil/Library/Application Support/Code/User/globalStorage/bmd.stm32-for-vscode/@xpack-dev-tools/arm-none-eabi-gcc/14.2.1-1.1.1/.content/bin/../lib/gcc/arm-none-eabi/14.2.1/thumb/v7e-m+dp/hard/crtbegin.o
                0x20000010                        . = ALIGN (0x4)

.bss            0x20000010       0xc8 load address 0x08002a7c
                0x20000010                        _sbss = .
                0x20000010                        __bss_start__ = _sbss
 *(.bss)
 *(.bss*)
 .bss.completed.1
                0x20000010        0x1 /Users/rasil/Library/Application Support/Code/User/globalStorage/bmd.stm32-for-vscode/@xpack-dev-tools/arm-none-eabi-gcc/14.2.1-1.1.1/.content/bin/../lib/gcc/arm-none-eabi/14.2.1/thumb/v7e-m+dp/hard/crtbegin.o
 *fill*         0x20000011        0x3 
 .bss.object.0  0x20000014       0x18 /Users/rasil/Library/Application Support/Code/User/globalStorage/bmd.stm32-for-vscode/@xpack-dev-tools/arm-none-eabi-gcc/14.2.1-1.1.1/.content/bin/../lib/gcc/arm-none-eabi/14.2.1/thumb/v7e-m+dp/hard/crtbegin.o
 .bss.hltdc     0x2000002c       0xa8 build/debug/main.o
                0x2000002c                hltdc
 .bss.uwTick    0x200000d4        0x4 build/debug/stm32h7xx_hal.o
                0x200000d4                uwTick
 *(COMMON)
                0x200000d8                        . = ALIGN (0x4)
                0x200000d8                        _ebss = .
                0x200000d8                        __bss_end__ = _ebss

._user_heap_stack
                0x200000d8      0x600 load address 0x08002a7c
                0x200000d8                        . = ALIGN (0x8)
                [!provide]                        PROVIDE (end = .)
                0x200000d8                        PROVIDE (_end = .)
                0x200002d8                        . = (. + _Min_Heap_Size)
 *fill*         0x200000d8      0x200 
                0x200006d8                        . = (. + _Min_Stack_Size)
 *fill*         0x200002d8      0x400 
                0x200006d8                        . = ALIGN (0x8)

/DISCARD/
 libc.a(*)
 libm.a(*)
 libgcc.a(*)
OUTPUT(build/debug/displayController.elf elf32-littlearm)
LOAD linker stubs
LOAD /Users/rasil/Library/Application Support/Code/User/globalStorage/bmd.stm32-for-vscode/@xpack-dev-tools/arm-none-eabi-gcc/14.2.1-1.1.1/.content/bin/../lib/gcc/arm-none-eabi/14.2.1/../../../../arm-none-eabi/lib/thumb/v7e-m+dp/hard/libc.a
LOAD /Users/rasil/Library/Application Support/Code/User/globalStorage/bmd.stm32-for-vscode/@xpack-dev-tools/arm-none-eabi-gcc/14.2.1-1.1.1/.content/bin/../lib/gcc/arm-none-eabi/14.2.1/../../../../arm-none-eabi/lib/thumb/v7e-m+dp/hard/libm.a
LOAD /Users/rasil/Library/Application Support/Code/User/globalStorage/bmd.stm32-for-vscode/@xpack-dev-tools/arm-none-eabi-gcc/14.2.1-1.1.1/.content/bin/../lib/gcc/arm-none-eabi/14.2.1/thumb/v7e-m+dp/hard/libgcc.a

.ARM.attributes
                0x00000000       0x2e
 .ARM.attributes
                0x00000000       0x20 /Users/rasil/Library/Application Support/Code/User/globalStorage/bmd.stm32-for-vscode/@xpack-dev-tools/arm-none-eabi-gcc/14.2.1-1.1.1/.content/bin/../lib/gcc/arm-none-eabi/14.2.1/thumb/v7e-m+dp/hard/crti.o
 .ARM.attributes
                0x00000020       0x32 /Users/rasil/Library/Application Support/Code/User/globalStorage/bmd.stm32-for-vscode/@xpack-dev-tools/arm-none-eabi-gcc/14.2.1-1.1.1/.content/bin/../lib/gcc/arm-none-eabi/14.2.1/thumb/v7e-m+dp/hard/crtbegin.o
 .ARM.attributes
                0x00000052       0x32 build/debug/main.o
 .ARM.attributes
                0x00000084       0x32 build/debug/stm32h7xx_hal.o
 .ARM.attributes
                0x000000b6       0x32 build/debug/stm32h7xx_hal_cortex.o
 .ARM.attributes
                0x000000e8       0x32 build/debug/stm32h7xx_hal_gpio.o
 .ARM.attributes
                0x0000011a       0x32 build/debug/stm32h7xx_hal_ltdc.o
 .ARM.attributes
                0x0000014c       0x32 build/debug/stm32h7xx_hal_msp.o
 .ARM.attributes
                0x0000017e       0x32 build/debug/stm32h7xx_hal_pwr_ex.o
 .ARM.attributes
                0x000001b0       0x32 build/debug/stm32h7xx_hal_rcc.o
 .ARM.attributes
                0x000001e2       0x32 build/debug/stm32h7xx_hal_rcc_ex.o
 .ARM.attributes
                0x00000214       0x32 build/debug/stm32h7xx_it.o
 .ARM.attributes
                0x00000246       0x32 build/debug/system_stm32h7xx.o
 .ARM.attributes
                0x00000278       0x21 build/debug/startup_stm32h743xx.o
 .ARM.attributes
                0x00000299       0x32 /Users/rasil/Library/Application Support/Code/User/globalStorage/bmd.stm32-for-vscode/@xpack-dev-tools/arm-none-eabi-gcc/14.2.1-1.1.1/.content/bin/../lib/gcc/arm-none-eabi/14.2.1/../../../../arm-none-eabi/lib/thumb/v7e-m+dp/hard/libc_nano.a(libc_a-memset.o)
 .ARM.attributes
                0x000002cb       0x32 /Users/rasil/Library/Application Support/Code/User/globalStorage/bmd.stm32-for-vscode/@xpack-dev-tools/arm-none-eabi-gcc/14.2.1-1.1.1/.content/bin/../lib/gcc/arm-none-eabi/14.2.1/../../../../arm-none-eabi/lib/thumb/v7e-m+dp/hard/libc_nano.a(libc_a-init.o)
 .ARM.attributes
                0x000002fd       0x20 /Users/rasil/Library/Application Support/Code/User/globalStorage/bmd.stm32-for-vscode/@xpack-dev-tools/arm-none-eabi-gcc/14.2.1-1.1.1/.content/bin/../lib/gcc/arm-none-eabi/14.2.1/thumb/v7e-m+dp/hard/crtn.o

.comment        0x00000000       0x38
 .comment       0x00000000       0x38 /Users/rasil/Library/Application Support/Code/User/globalStorage/bmd.stm32-for-vscode/@xpack-dev-tools/arm-none-eabi-gcc/14.2.1-1.1.1/.content/bin/../lib/gcc/arm-none-eabi/14.2.1/thumb/v7e-m+dp/hard/crtbegin.o
                                 0x39 (size before relaxing)
 .comment       0x00000038       0x39 build/debug/main.o
 .comment       0x00000038       0x39 build/debug/stm32h7xx_hal.o
 .comment       0x00000038       0x39 build/debug/stm32h7xx_hal_cortex.o
 .comment       0x00000038       0x39 build/debug/stm32h7xx_hal_gpio.o
 .comment       0x00000038       0x39 build/debug/stm32h7xx_hal_ltdc.o
 .comment       0x00000038       0x39 build/debug/stm32h7xx_hal_msp.o
 .comment       0x00000038       0x39 build/debug/stm32h7xx_hal_pwr_ex.o
 .comment       0x00000038       0x39 build/debug/stm32h7xx_hal_rcc.o
 .comment       0x00000038       0x39 build/debug/stm32h7xx_hal_rcc_ex.o
 .comment       0x00000038       0x39 build/debug/stm32h7xx_it.o
 .comment       0x00000038       0x39 build/debug/system_stm32h7xx.o
 .comment       0x00000038       0x39 /Users/rasil/Library/Application Support/Code/User/globalStorage/bmd.stm32-for-vscode/@xpack-dev-tools/arm-none-eabi-gcc/14.2.1-1.1.1/.content/bin/../lib/gcc/arm-none-eabi/14.2.1/../../../../arm-none-eabi/lib/thumb/v7e-m+dp/hard/libc_nano.a(libc_a-memset.o)
 .comment       0x00000038       0x39 /Users/rasil/Library/Application Support/Code/User/globalStorage/bmd.stm32-for-vscode/@xpack-dev-tools/arm-none-eabi-gcc/14.2.1-1.1.1/.content/bin/../lib/gcc/arm-none-eabi/14.2.1/../../../../arm-none-eabi/lib/thumb/v7e-m+dp/hard/libc_nano.a(libc_a-init.o)

.debug_info     0x00000000     0xc0f6
 .debug_info    0x00000000     0x1169 build/debug/main.o
 .debug_info    0x00001169     0x1639 build/debug/stm32h7xx_hal.o
 .debug_info    0x000027a2     0x131a build/debug/stm32h7xx_hal_cortex.o
 .debug_info    0x00003abc      0xc96 build/debug/stm32h7xx_hal_gpio.o
 .debug_info    0x00004752     0x1504 build/debug/stm32h7xx_hal_ltdc.o
 .debug_info    0x00005c56     0x145d build/debug/stm32h7xx_hal_msp.o
 .debug_info    0x000070b3     0x11a6 build/debug/stm32h7xx_hal_pwr_ex.o
 .debug_info    0x00008259     0x1166 build/debug/stm32h7xx_hal_rcc.o
 .debug_info    0x000093bf     0x1a0c build/debug/stm32h7xx_hal_rcc_ex.o
 .debug_info    0x0000adcb      0x520 build/debug/stm32h7xx_it.o
 .debug_info    0x0000b2eb      0xddb build/debug/system_stm32h7xx.o
 .debug_info    0x0000c0c6       0x30 build/debug/startup_stm32h743xx.o

.debug_abbrev   0x00000000     0x1ac6
 .debug_abbrev  0x00000000      0x2bd build/debug/main.o
 .debug_abbrev  0x000002bd      0x2ba build/debug/stm32h7xx_hal.o
 .debug_abbrev  0x00000577      0x3ad build/debug/stm32h7xx_hal_cortex.o
 .debug_abbrev  0x00000924      0x255 build/debug/stm32h7xx_hal_gpio.o
 .debug_abbrev  0x00000b79      0x24a build/debug/stm32h7xx_hal_ltdc.o
 .debug_abbrev  0x00000dc3      0x20a build/debug/stm32h7xx_hal_msp.o
 .debug_abbrev  0x00000fcd      0x2c7 build/debug/stm32h7xx_hal_pwr_ex.o
 .debug_abbrev  0x00001294      0x2ad build/debug/stm32h7xx_hal_rcc.o
 .debug_abbrev  0x00001541      0x282 build/debug/stm32h7xx_hal_rcc_ex.o
 .debug_abbrev  0x000017c3      0x176 build/debug/stm32h7xx_it.o
 .debug_abbrev  0x00001939      0x169 build/debug/system_stm32h7xx.o
 .debug_abbrev  0x00001aa2       0x24 build/debug/startup_stm32h743xx.o

.debug_aranges  0x00000000      0x850
 .debug_aranges
                0x00000000       0x48 build/debug/main.o
 .debug_aranges
                0x00000048      0x198 build/debug/stm32h7xx_hal.o
 .debug_aranges
                0x000001e0       0xf8 build/debug/stm32h7xx_hal_cortex.o
 .debug_aranges
                0x000002d8       0x58 build/debug/stm32h7xx_hal_gpio.o
 .debug_aranges
                0x00000330      0x158 build/debug/stm32h7xx_hal_ltdc.o
 .debug_aranges
                0x00000488       0x30 build/debug/stm32h7xx_hal_msp.o
 .debug_aranges
                0x000004b8      0x158 build/debug/stm32h7xx_hal_pwr_ex.o
 .debug_aranges
                0x00000610       0x88 build/debug/stm32h7xx_hal_rcc.o
 .debug_aranges
                0x00000698       0xf8 build/debug/stm32h7xx_hal_rcc_ex.o
 .debug_aranges
                0x00000790       0x68 build/debug/stm32h7xx_it.o
 .debug_aranges
                0x000007f8       0x30 build/debug/system_stm32h7xx.o
 .debug_aranges
                0x00000828       0x28 build/debug/startup_stm32h743xx.o

.debug_rnglists
                0x00000000      0x69a
 .debug_rnglists
                0x00000000       0x34 build/debug/main.o
 .debug_rnglists
                0x00000034      0x12f build/debug/stm32h7xx_hal.o
 .debug_rnglists
                0x00000163       0xb5 build/debug/stm32h7xx_hal_cortex.o
 .debug_rnglists
                0x00000218       0x3f build/debug/stm32h7xx_hal_gpio.o
 .debug_rnglists
                0x00000257      0x103 build/debug/stm32h7xx_hal_ltdc.o
 .debug_rnglists
                0x0000035a       0x21 build/debug/stm32h7xx_hal_msp.o
 .debug_rnglists
                0x0000037b      0x133 build/debug/stm32h7xx_hal_pwr_ex.o
 .debug_rnglists
                0x000004ae       0xaa build/debug/stm32h7xx_hal_rcc.o
 .debug_rnglists
                0x00000558       0xbf build/debug/stm32h7xx_hal_rcc_ex.o
 .debug_rnglists
                0x00000617       0x49 build/debug/stm32h7xx_it.o
 .debug_rnglists
                0x00000660       0x21 build/debug/system_stm32h7xx.o
 .debug_rnglists
                0x00000681       0x19 build/debug/startup_stm32h743xx.o

.debug_line     0x00000000     0x83fb
 .debug_line    0x00000000      0x6d0 build/debug/main.o
 .debug_line    0x000006d0      0x998 build/debug/stm32h7xx_hal.o
 .debug_line    0x00001068      0x8e7 build/debug/stm32h7xx_hal_cortex.o
 .debug_line    0x0000194f      0x7c3 build/debug/stm32h7xx_hal_gpio.o
 .debug_line    0x00002112     0x12c0 build/debug/stm32h7xx_hal_ltdc.o
 .debug_line    0x000033d2      0x518 build/debug/stm32h7xx_hal_msp.o
 .debug_line    0x000038ea      0xbd0 build/debug/stm32h7xx_hal_pwr_ex.o
 .debug_line    0x000044ba     0x14e7 build/debug/stm32h7xx_hal_rcc.o
 .debug_line    0x000059a1     0x210c build/debug/stm32h7xx_hal_rcc_ex.o
 .debug_line    0x00007aad      0x337 build/debug/stm32h7xx_it.o
 .debug_line    0x00007de4      0x5a0 build/debug/system_stm32h7xx.o
 .debug_line    0x00008384       0x77 build/debug/startup_stm32h743xx.o

.debug_str      0x00000000     0x37e6
 .debug_str     0x00000000     0x37e6 build/debug/main.o
                                0xa87 (size before relaxing)
 .debug_str     0x000037e6     0x1499 build/debug/stm32h7xx_hal.o
 .debug_str     0x000037e6     0x105f build/debug/stm32h7xx_hal_cortex.o
 .debug_str     0x000037e6      0x6b3 build/debug/stm32h7xx_hal_gpio.o
 .debug_str     0x000037e6      0x9b7 build/debug/stm32h7xx_hal_ltdc.o
 .debug_str     0x000037e6     0x1386 build/debug/stm32h7xx_hal_msp.o
 .debug_str     0x000037e6      0xa28 build/debug/stm32h7xx_hal_pwr_ex.o
 .debug_str     0x000037e6      0x9f9 build/debug/stm32h7xx_hal_rcc.o
 .debug_str     0x000037e6      0xf04 build/debug/stm32h7xx_hal_rcc_ex.o
 .debug_str     0x000037e6      0x532 build/debug/stm32h7xx_it.o
 .debug_str     0x000037e6      0x74d build/debug/system_stm32h7xx.o
 .debug_str     0x000037e6       0x5b build/debug/startup_stm32h743xx.o

.debug_frame    0x00000000     0x133c
 .debug_frame   0x00000000       0xb4 build/debug/main.o
 .debug_frame   0x000000b4      0x360 build/debug/stm32h7xx_hal.o
 .debug_frame   0x00000414      0x214 build/debug/stm32h7xx_hal_cortex.o
 .debug_frame   0x00000628       0xd4 build/debug/stm32h7xx_hal_gpio.o
 .debug_frame   0x000006fc      0x3c0 build/debug/stm32h7xx_hal_ltdc.o
 .debug_frame   0x00000abc       0x6c build/debug/stm32h7xx_hal_msp.o
 .debug_frame   0x00000b28      0x2f4 build/debug/stm32h7xx_hal_pwr_ex.o
 .debug_frame   0x00000e1c      0x18c build/debug/stm32h7xx_hal_rcc.o
 .debug_frame   0x00000fa8      0x284 build/debug/stm32h7xx_hal_rcc_ex.o
 .debug_frame   0x0000122c       0xc0 build/debug/stm32h7xx_it.o
 .debug_frame   0x000012ec       0x50 build/debug/system_stm32h7xx.o

.debug_loclists
                0x00000000     0x3cdf
 .debug_loclists
                0x00000000      0x2df build/debug/stm32h7xx_hal.o
 .debug_loclists
                0x000002df      0x50a build/debug/stm32h7xx_hal_cortex.o
 .debug_loclists
                0x000007e9      0x2a0 build/debug/stm32h7xx_hal_gpio.o
 .debug_loclists
                0x00000a89     0x1159 build/debug/stm32h7xx_hal_ltdc.o
 .debug_loclists
                0x00001be2       0x88 build/debug/stm32h7xx_hal_msp.o
 .debug_loclists
                0x00001c6a      0x340 build/debug/stm32h7xx_hal_pwr_ex.o
 .debug_loclists
                0x00001faa      0x649 build/debug/stm32h7xx_hal_rcc.o
 .debug_loclists
                0x000025f3     0x15cc build/debug/stm32h7xx_hal_rcc_ex.o
 .debug_loclists
                0x00003bbf      0x120 build/debug/system_stm32h7xx.o

.debug_line_str
                0x00000000       0x3f
 .debug_line_str
                0x00000000       0x3f build/debug/startup_stm32h743xx.o

Cross Reference Table

Symbol                                            File
ADC3_IRQHandler                                   build/debug/startup_stm32h743xx.o
ADC_IRQHandler                                    build/debug/startup_stm32h743xx.o
BDMA_Channel0_IRQHandler                          build/debug/startup_stm32h743xx.o
BDMA_Channel1_IRQHandler                          build/debug/startup_stm32h743xx.o
BDMA_Channel2_IRQHandler                          build/debug/startup_stm32h743xx.o
BDMA_Channel3_IRQHandler                          build/debug/startup_stm32h743xx.o
BDMA_Channel4_IRQHandler                          build/debug/startup_stm32h743xx.o
BDMA_Channel5_IRQHandler                          build/debug/startup_stm32h743xx.o
BDMA_Channel6_IRQHandler                          build/debug/startup_stm32h743xx.o
BDMA_Channel7_IRQHandler                          build/debug/startup_stm32h743xx.o
BusFault_Handler                                  build/debug/stm32h7xx_it.o
CEC_IRQHandler                                    build/debug/startup_stm32h743xx.o
COMP1_IRQHandler                                  build/debug/startup_stm32h743xx.o
CRS_IRQHandler                                    build/debug/startup_stm32h743xx.o
D1CorePrescTable                                  build/debug/system_stm32h7xx.o
                                                  build/debug/stm32h7xx_hal_rcc_ex.o
                                                  build/debug/stm32h7xx_hal_rcc.o
                                                  build/debug/stm32h7xx_hal.o
DCMI_IRQHandler                                   build/debug/startup_stm32h743xx.o
DFSDM1_FLT0_IRQHandler                            build/debug/startup_stm32h743xx.o
DFSDM1_FLT1_IRQHandler                            build/debug/startup_stm32h743xx.o
DFSDM1_FLT2_IRQHandler                            build/debug/startup_stm32h743xx.o
DFSDM1_FLT3_IRQHandler                            build/debug/startup_stm32h743xx.o
DMA1_Stream0_IRQHandler                           build/debug/startup_stm32h743xx.o
DMA1_Stream1_IRQHandler                           build/debug/startup_stm32h743xx.o
DMA1_Stream2_IRQHandler                           build/debug/startup_stm32h743xx.o
DMA1_Stream3_IRQHandler                           build/debug/startup_stm32h743xx.o
DMA1_Stream4_IRQHandler                           build/debug/startup_stm32h743xx.o
DMA1_Stream5_IRQHandler                           build/debug/startup_stm32h743xx.o
DMA1_Stream6_IRQHandler                           build/debug/startup_stm32h743xx.o
DMA1_Stream7_IRQHandler                           build/debug/startup_stm32h743xx.o
DMA2D_IRQHandler                                  build/debug/startup_stm32h743xx.o
DMA2_Stream0_IRQHandler                           build/debug/startup_stm32h743xx.o
DMA2_Stream1_IRQHandler                           build/debug/startup_stm32h743xx.o
DMA2_Stream2_IRQHandler                           build/debug/startup_stm32h743xx.o
DMA2_Stream3_IRQHandler                           build/debug/startup_stm32h743xx.o
DMA2_Stream4_IRQHandler                           build/debug/startup_stm32h743xx.o
DMA2_Stream5_IRQHandler                           build/debug/startup_stm32h743xx.o
DMA2_Stream6_IRQHandler                           build/debug/startup_stm32h743xx.o
DMA2_Stream7_IRQHandler                           build/debug/startup_stm32h743xx.o
DMAMUX1_OVR_IRQHandler                            build/debug/startup_stm32h743xx.o
DMAMUX2_OVR_IRQHandler                            build/debug/startup_stm32h743xx.o
DebugMon_Handler                                  build/debug/stm32h7xx_it.o
Default_Handler                                   build/debug/startup_stm32h743xx.o
ECC_IRQHandler                                    build/debug/startup_stm32h743xx.o
ETH_IRQHandler                                    build/debug/startup_stm32h743xx.o
ETH_WKUP_IRQHandler                               build/debug/startup_stm32h743xx.o
EXTI0_IRQHandler                                  build/debug/startup_stm32h743xx.o
EXTI15_10_IRQHandler                              build/debug/startup_stm32h743xx.o
EXTI1_IRQHandler                                  build/debug/startup_stm32h743xx.o
EXTI2_IRQHandler                                  build/debug/startup_stm32h743xx.o
EXTI3_IRQHandler                                  build/debug/startup_stm32h743xx.o
EXTI4_IRQHandler                                  build/debug/startup_stm32h743xx.o
EXTI9_5_IRQHandler                                build/debug/startup_stm32h743xx.o
Error_Handler                                     build/debug/main.o
                                                  build/debug/stm32h7xx_hal_msp.o
ExitRun0Mode                                      build/debug/system_stm32h7xx.o
                                                  build/debug/startup_stm32h743xx.o
FDCAN1_IT0_IRQHandler                             build/debug/startup_stm32h743xx.o
FDCAN1_IT1_IRQHandler                             build/debug/startup_stm32h743xx.o
FDCAN2_IT0_IRQHandler                             build/debug/startup_stm32h743xx.o
FDCAN2_IT1_IRQHandler                             build/debug/startup_stm32h743xx.o
FDCAN_CAL_IRQHandler                              build/debug/startup_stm32h743xx.o
FLASH_CRC_WaitForLastOperation                    build/debug/stm32h7xx_hal_flash.o
                                                  build/debug/stm32h7xx_hal_flash_ex.o
FLASH_Erase_Sector                                build/debug/stm32h7xx_hal_flash_ex.o
                                                  build/debug/stm32h7xx_hal_flash.o
FLASH_IRQHandler                                  build/debug/startup_stm32h743xx.o
FLASH_OB_WaitForLastOperation                     build/debug/stm32h7xx_hal_flash.o
                                                  build/debug/stm32h7xx_hal_flash_ex.o
FLASH_WaitForLastOperation                        build/debug/stm32h7xx_hal_flash.o
                                                  build/debug/stm32h7xx_hal_flash_ex.o
FMC_IRQHandler                                    build/debug/startup_stm32h743xx.o
FPU_IRQHandler                                    build/debug/startup_stm32h743xx.o
HAL_DBGMCU_DisableDBGSleepMode                    build/debug/stm32h7xx_hal.o
HAL_DBGMCU_DisableDBGStandbyMode                  build/debug/stm32h7xx_hal.o
HAL_DBGMCU_DisableDBGStopMode                     build/debug/stm32h7xx_hal.o
HAL_DBGMCU_EnableDBGSleepMode                     build/debug/stm32h7xx_hal.o
HAL_DBGMCU_EnableDBGStandbyMode                   build/debug/stm32h7xx_hal.o
HAL_DBGMCU_EnableDBGStopMode                      build/debug/stm32h7xx_hal.o
HAL_DMAEx_ChangeMemory                            build/debug/stm32h7xx_hal_dma_ex.o
HAL_DMAEx_ConfigMuxRequestGenerator               build/debug/stm32h7xx_hal_dma_ex.o
HAL_DMAEx_ConfigMuxSync                           build/debug/stm32h7xx_hal_dma_ex.o
HAL_DMAEx_DisableMuxRequestGenerator              build/debug/stm32h7xx_hal_dma_ex.o
HAL_DMAEx_EnableMuxRequestGenerator               build/debug/stm32h7xx_hal_dma_ex.o
HAL_DMAEx_MUX_IRQHandler                          build/debug/stm32h7xx_hal_dma_ex.o
HAL_DMAEx_MultiBufferStart                        build/debug/stm32h7xx_hal_dma_ex.o
HAL_DMAEx_MultiBufferStart_IT                     build/debug/stm32h7xx_hal_dma_ex.o
HAL_DMA_Abort                                     build/debug/stm32h7xx_hal_dma.o
HAL_DMA_Abort_IT                                  build/debug/stm32h7xx_hal_dma.o
                                                  build/debug/stm32h7xx_hal_i2c.o
HAL_DMA_DeInit                                    build/debug/stm32h7xx_hal_dma.o
HAL_DMA_GetError                                  build/debug/stm32h7xx_hal_dma.o
                                                  build/debug/stm32h7xx_hal_i2c.o
HAL_DMA_GetState                                  build/debug/stm32h7xx_hal_dma.o
                                                  build/debug/stm32h7xx_hal_i2c.o
HAL_DMA_IRQHandler                                build/debug/stm32h7xx_hal_dma.o
HAL_DMA_Init                                      build/debug/stm32h7xx_hal_dma.o
HAL_DMA_PollForTransfer                           build/debug/stm32h7xx_hal_dma.o
HAL_DMA_RegisterCallback                          build/debug/stm32h7xx_hal_dma.o
HAL_DMA_Start                                     build/debug/stm32h7xx_hal_dma.o
HAL_DMA_Start_IT                                  build/debug/stm32h7xx_hal_dma.o
                                                  build/debug/stm32h7xx_hal_i2c.o
HAL_DMA_UnRegisterCallback                        build/debug/stm32h7xx_hal_dma.o
HAL_DeInit                                        build/debug/stm32h7xx_hal.o
HAL_Delay                                         build/debug/stm32h7xx_hal.o
HAL_DisableCompensationCell                       build/debug/stm32h7xx_hal.o
HAL_EXTI_ClearConfigLine                          build/debug/stm32h7xx_hal_exti.o
HAL_EXTI_ClearPending                             build/debug/stm32h7xx_hal_exti.o
HAL_EXTI_D1_ClearFlag                             build/debug/stm32h7xx_hal.o
HAL_EXTI_D1_EventInputConfig                      build/debug/stm32h7xx_hal.o
HAL_EXTI_D3_EventInputConfig                      build/debug/stm32h7xx_hal.o
HAL_EXTI_EdgeConfig                               build/debug/stm32h7xx_hal.o
HAL_EXTI_GenerateSWI                              build/debug/stm32h7xx_hal_exti.o
HAL_EXTI_GenerateSWInterrupt                      build/debug/stm32h7xx_hal.o
HAL_EXTI_GetConfigLine                            build/debug/stm32h7xx_hal_exti.o
HAL_EXTI_GetHandle                                build/debug/stm32h7xx_hal_exti.o
HAL_EXTI_GetPending                               build/debug/stm32h7xx_hal_exti.o
HAL_EXTI_IRQHandler                               build/debug/stm32h7xx_hal_exti.o
HAL_EXTI_RegisterCallback                         build/debug/stm32h7xx_hal_exti.o
HAL_EXTI_SetConfigLine                            build/debug/stm32h7xx_hal_exti.o
HAL_EnableCompensationCell                        build/debug/stm32h7xx_hal.o
HAL_FLASHEx_ComputeCRC                            build/debug/stm32h7xx_hal_flash_ex.o
HAL_FLASHEx_Erase                                 build/debug/stm32h7xx_hal_flash_ex.o
HAL_FLASHEx_Erase_IT                              build/debug/stm32h7xx_hal_flash_ex.o
HAL_FLASHEx_Lock_Bank1                            build/debug/stm32h7xx_hal_flash_ex.o
HAL_FLASHEx_Lock_Bank2                            build/debug/stm32h7xx_hal_flash_ex.o
HAL_FLASHEx_OBGetConfig                           build/debug/stm32h7xx_hal_flash_ex.o
HAL_FLASHEx_OBProgram                             build/debug/stm32h7xx_hal_flash_ex.o
HAL_FLASHEx_Unlock_Bank1                          build/debug/stm32h7xx_hal_flash_ex.o
HAL_FLASHEx_Unlock_Bank2                          build/debug/stm32h7xx_hal_flash_ex.o
HAL_FLASH_EndOfOperationCallback                  build/debug/stm32h7xx_hal_flash.o
HAL_FLASH_GetError                                build/debug/stm32h7xx_hal_flash.o
HAL_FLASH_IRQHandler                              build/debug/stm32h7xx_hal_flash.o
HAL_FLASH_Lock                                    build/debug/stm32h7xx_hal_flash.o
HAL_FLASH_OB_Launch                               build/debug/stm32h7xx_hal_flash.o
HAL_FLASH_OB_Lock                                 build/debug/stm32h7xx_hal_flash.o
HAL_FLASH_OB_Unlock                               build/debug/stm32h7xx_hal_flash.o
HAL_FLASH_OperationErrorCallback                  build/debug/stm32h7xx_hal_flash.o
HAL_FLASH_Program                                 build/debug/stm32h7xx_hal_flash.o
HAL_FLASH_Program_IT                              build/debug/stm32h7xx_hal_flash.o
HAL_FLASH_Unlock                                  build/debug/stm32h7xx_hal_flash.o
HAL_GPIO_DeInit                                   build/debug/stm32h7xx_hal_gpio.o
                                                  build/debug/stm32h7xx_hal_msp.o
HAL_GPIO_EXTI_Callback                            build/debug/stm32h7xx_hal_gpio.o
HAL_GPIO_EXTI_IRQHandler                          build/debug/stm32h7xx_hal_gpio.o
HAL_GPIO_Init                                     build/debug/stm32h7xx_hal_gpio.o
                                                  build/debug/stm32h7xx_hal_rcc.o
                                                  build/debug/stm32h7xx_hal_msp.o
HAL_GPIO_LockPin                                  build/debug/stm32h7xx_hal_gpio.o
HAL_GPIO_ReadPin                                  build/debug/stm32h7xx_hal_gpio.o
HAL_GPIO_TogglePin                                build/debug/stm32h7xx_hal_gpio.o
HAL_GPIO_WritePin                                 build/debug/stm32h7xx_hal_gpio.o
HAL_GetCurrentCPUID                               build/debug/stm32h7xx_hal_cortex.o
HAL_GetDEVID                                      build/debug/stm32h7xx_hal.o
HAL_GetFMCMemorySwappingConfig                    build/debug/stm32h7xx_hal.o
HAL_GetHalVersion                                 build/debug/stm32h7xx_hal.o
HAL_GetREVID                                      build/debug/stm32h7xx_hal.o
                                                  build/debug/stm32h7xx_hal_rcc_ex.o
                                                  build/debug/stm32h7xx_hal_rcc.o
HAL_GetTick                                       build/debug/stm32h7xx_hal.o
                                                  build/debug/stm32h7xx_hal_rcc_ex.o
                                                  build/debug/stm32h7xx_hal_rcc.o
                                                  build/debug/stm32h7xx_hal_pwr_ex.o
                                                  build/debug/stm32h7xx_hal_mdma.o
                                                  build/debug/stm32h7xx_hal_ltdc.o
                                                  build/debug/stm32h7xx_hal_i2c.o
                                                  build/debug/stm32h7xx_hal_flash.o
                                                  build/debug/stm32h7xx_hal_dma.o
HAL_GetTickFreq                                   build/debug/stm32h7xx_hal.o
HAL_GetTickPrio                                   build/debug/stm32h7xx_hal.o
HAL_GetUIDw0                                      build/debug/stm32h7xx_hal.o
HAL_GetUIDw1                                      build/debug/stm32h7xx_hal.o
HAL_GetUIDw2                                      build/debug/stm32h7xx_hal.o
HAL_HSEM_ActivateNotification                     build/debug/stm32h7xx_hal_hsem.o
HAL_HSEM_DeactivateNotification                   build/debug/stm32h7xx_hal_hsem.o
HAL_HSEM_FastTake                                 build/debug/stm32h7xx_hal_hsem.o
HAL_HSEM_FreeCallback                             build/debug/stm32h7xx_hal_hsem.o
HAL_HSEM_GetClearKey                              build/debug/stm32h7xx_hal_hsem.o
HAL_HSEM_IRQHandler                               build/debug/stm32h7xx_hal_hsem.o
HAL_HSEM_IsSemTaken                               build/debug/stm32h7xx_hal_hsem.o
HAL_HSEM_Release                                  build/debug/stm32h7xx_hal_hsem.o
HAL_HSEM_ReleaseAll                               build/debug/stm32h7xx_hal_hsem.o
HAL_HSEM_SetClearKey                              build/debug/stm32h7xx_hal_hsem.o
HAL_HSEM_Take                                     build/debug/stm32h7xx_hal_hsem.o
HAL_I2CEx_ConfigAnalogFilter                      build/debug/stm32h7xx_hal_i2c_ex.o
HAL_I2CEx_ConfigDigitalFilter                     build/debug/stm32h7xx_hal_i2c_ex.o
HAL_I2CEx_DisableFastModePlus                     build/debug/stm32h7xx_hal_i2c_ex.o
HAL_I2CEx_DisableWakeUp                           build/debug/stm32h7xx_hal_i2c_ex.o
HAL_I2CEx_EnableFastModePlus                      build/debug/stm32h7xx_hal_i2c_ex.o
HAL_I2CEx_EnableWakeUp                            build/debug/stm32h7xx_hal_i2c_ex.o
HAL_I2C_AbortCpltCallback                         build/debug/stm32h7xx_hal_i2c.o
HAL_I2C_AddrCallback                              build/debug/stm32h7xx_hal_i2c.o
HAL_I2C_DeInit                                    build/debug/stm32h7xx_hal_i2c.o
HAL_I2C_DisableListen_IT                          build/debug/stm32h7xx_hal_i2c.o
HAL_I2C_ER_IRQHandler                             build/debug/stm32h7xx_hal_i2c.o
HAL_I2C_EV_IRQHandler                             build/debug/stm32h7xx_hal_i2c.o
HAL_I2C_EnableListen_IT                           build/debug/stm32h7xx_hal_i2c.o
HAL_I2C_ErrorCallback                             build/debug/stm32h7xx_hal_i2c.o
HAL_I2C_GetError                                  build/debug/stm32h7xx_hal_i2c.o
HAL_I2C_GetMode                                   build/debug/stm32h7xx_hal_i2c.o
HAL_I2C_GetState                                  build/debug/stm32h7xx_hal_i2c.o
HAL_I2C_Init                                      build/debug/stm32h7xx_hal_i2c.o
HAL_I2C_IsDeviceReady                             build/debug/stm32h7xx_hal_i2c.o
HAL_I2C_ListenCpltCallback                        build/debug/stm32h7xx_hal_i2c.o
HAL_I2C_MasterRxCpltCallback                      build/debug/stm32h7xx_hal_i2c.o
HAL_I2C_MasterTxCpltCallback                      build/debug/stm32h7xx_hal_i2c.o
HAL_I2C_Master_Abort_IT                           build/debug/stm32h7xx_hal_i2c.o
HAL_I2C_Master_Receive                            build/debug/stm32h7xx_hal_i2c.o
HAL_I2C_Master_Receive_DMA                        build/debug/stm32h7xx_hal_i2c.o
HAL_I2C_Master_Receive_IT                         build/debug/stm32h7xx_hal_i2c.o
HAL_I2C_Master_Seq_Receive_DMA                    build/debug/stm32h7xx_hal_i2c.o
HAL_I2C_Master_Seq_Receive_IT                     build/debug/stm32h7xx_hal_i2c.o
HAL_I2C_Master_Seq_Transmit_DMA                   build/debug/stm32h7xx_hal_i2c.o
HAL_I2C_Master_Seq_Transmit_IT                    build/debug/stm32h7xx_hal_i2c.o
HAL_I2C_Master_Transmit                           build/debug/stm32h7xx_hal_i2c.o
HAL_I2C_Master_Transmit_DMA                       build/debug/stm32h7xx_hal_i2c.o
HAL_I2C_Master_Transmit_IT                        build/debug/stm32h7xx_hal_i2c.o
HAL_I2C_MemRxCpltCallback                         build/debug/stm32h7xx_hal_i2c.o
HAL_I2C_MemTxCpltCallback                         build/debug/stm32h7xx_hal_i2c.o
HAL_I2C_Mem_Read                                  build/debug/stm32h7xx_hal_i2c.o
HAL_I2C_Mem_Read_DMA                              build/debug/stm32h7xx_hal_i2c.o
HAL_I2C_Mem_Read_IT                               build/debug/stm32h7xx_hal_i2c.o
HAL_I2C_Mem_Write                                 build/debug/stm32h7xx_hal_i2c.o
HAL_I2C_Mem_Write_DMA                             build/debug/stm32h7xx_hal_i2c.o
HAL_I2C_Mem_Write_IT                              build/debug/stm32h7xx_hal_i2c.o
HAL_I2C_MspDeInit                                 build/debug/stm32h7xx_hal_i2c.o
HAL_I2C_MspInit                                   build/debug/stm32h7xx_hal_i2c.o
HAL_I2C_SlaveRxCpltCallback                       build/debug/stm32h7xx_hal_i2c.o
HAL_I2C_SlaveTxCpltCallback                       build/debug/stm32h7xx_hal_i2c.o
HAL_I2C_Slave_Receive                             build/debug/stm32h7xx_hal_i2c.o
HAL_I2C_Slave_Receive_DMA                         build/debug/stm32h7xx_hal_i2c.o
HAL_I2C_Slave_Receive_IT                          build/debug/stm32h7xx_hal_i2c.o
HAL_I2C_Slave_Seq_Receive_DMA                     build/debug/stm32h7xx_hal_i2c.o
HAL_I2C_Slave_Seq_Receive_IT                      build/debug/stm32h7xx_hal_i2c.o
HAL_I2C_Slave_Seq_Transmit_DMA                    build/debug/stm32h7xx_hal_i2c.o
HAL_I2C_Slave_Seq_Transmit_IT                     build/debug/stm32h7xx_hal_i2c.o
HAL_I2C_Slave_Transmit                            build/debug/stm32h7xx_hal_i2c.o
HAL_I2C_Slave_Transmit_DMA                        build/debug/stm32h7xx_hal_i2c.o
HAL_I2C_Slave_Transmit_IT                         build/debug/stm32h7xx_hal_i2c.o
HAL_IncTick                                       build/debug/stm32h7xx_hal.o
                                                  build/debug/stm32h7xx_it.o
HAL_Init                                          build/debug/stm32h7xx_hal.o
                                                  build/debug/main.o
HAL_InitTick                                      build/debug/stm32h7xx_hal.o
                                                  build/debug/stm32h7xx_hal_rcc.o
HAL_LTDC_ConfigCLUT                               build/debug/stm32h7xx_hal_ltdc.o
HAL_LTDC_ConfigColorKeying                        build/debug/stm32h7xx_hal_ltdc.o
HAL_LTDC_ConfigColorKeying_NoReload               build/debug/stm32h7xx_hal_ltdc.o
HAL_LTDC_ConfigLayer                              build/debug/stm32h7xx_hal_ltdc.o
                                                  build/debug/main.o
HAL_LTDC_ConfigLayer_NoReload                     build/debug/stm32h7xx_hal_ltdc.o
HAL_LTDC_DeInit                                   build/debug/stm32h7xx_hal_ltdc.o
HAL_LTDC_DisableCLUT                              build/debug/stm32h7xx_hal_ltdc.o
HAL_LTDC_DisableCLUT_NoReload                     build/debug/stm32h7xx_hal_ltdc.o
HAL_LTDC_DisableColorKeying                       build/debug/stm32h7xx_hal_ltdc.o
HAL_LTDC_DisableColorKeying_NoReload              build/debug/stm32h7xx_hal_ltdc.o
HAL_LTDC_DisableDither                            build/debug/stm32h7xx_hal_ltdc.o
HAL_LTDC_EnableCLUT                               build/debug/stm32h7xx_hal_ltdc.o
HAL_LTDC_EnableCLUT_NoReload                      build/debug/stm32h7xx_hal_ltdc.o
HAL_LTDC_EnableColorKeying                        build/debug/stm32h7xx_hal_ltdc.o
HAL_LTDC_EnableColorKeying_NoReload               build/debug/stm32h7xx_hal_ltdc.o
HAL_LTDC_EnableDither                             build/debug/stm32h7xx_hal_ltdc.o
HAL_LTDC_ErrorCallback                            build/debug/stm32h7xx_hal_ltdc.o
HAL_LTDC_GetError                                 build/debug/stm32h7xx_hal_ltdc.o
HAL_LTDC_GetState                                 build/debug/stm32h7xx_hal_ltdc.o
HAL_LTDC_IRQHandler                               build/debug/stm32h7xx_hal_ltdc.o
                                                  build/debug/stm32h7xx_it.o
HAL_LTDC_Init                                     build/debug/stm32h7xx_hal_ltdc.o
                                                  build/debug/main.o
HAL_LTDC_LineEventCallback                        build/debug/stm32h7xx_hal_ltdc.o
HAL_LTDC_MspDeInit                                build/debug/stm32h7xx_hal_msp.o
                                                  build/debug/stm32h7xx_hal_ltdc.o
HAL_LTDC_MspInit                                  build/debug/stm32h7xx_hal_msp.o
                                                  build/debug/stm32h7xx_hal_ltdc.o
HAL_LTDC_ProgramLineEvent                         build/debug/stm32h7xx_hal_ltdc.o
HAL_LTDC_Reload                                   build/debug/stm32h7xx_hal_ltdc.o
HAL_LTDC_ReloadEventCallback                      build/debug/stm32h7xx_hal_ltdc.o
HAL_LTDC_SetAddress                               build/debug/stm32h7xx_hal_ltdc.o
HAL_LTDC_SetAddress_NoReload                      build/debug/stm32h7xx_hal_ltdc.o
HAL_LTDC_SetAlpha                                 build/debug/stm32h7xx_hal_ltdc.o
HAL_LTDC_SetAlpha_NoReload                        build/debug/stm32h7xx_hal_ltdc.o
HAL_LTDC_SetPitch                                 build/debug/stm32h7xx_hal_ltdc.o
HAL_LTDC_SetPitch_NoReload                        build/debug/stm32h7xx_hal_ltdc.o
HAL_LTDC_SetPixelFormat                           build/debug/stm32h7xx_hal_ltdc.o
HAL_LTDC_SetPixelFormat_NoReload                  build/debug/stm32h7xx_hal_ltdc.o
HAL_LTDC_SetWindowPosition                        build/debug/stm32h7xx_hal_ltdc.o
HAL_LTDC_SetWindowPosition_NoReload               build/debug/stm32h7xx_hal_ltdc.o
HAL_LTDC_SetWindowSize                            build/debug/stm32h7xx_hal_ltdc.o
HAL_LTDC_SetWindowSize_NoReload                   build/debug/stm32h7xx_hal_ltdc.o
HAL_MDMA_Abort                                    build/debug/stm32h7xx_hal_mdma.o
HAL_MDMA_Abort_IT                                 build/debug/stm32h7xx_hal_mdma.o
HAL_MDMA_ConfigPostRequestMask                    build/debug/stm32h7xx_hal_mdma.o
HAL_MDMA_DeInit                                   build/debug/stm32h7xx_hal_mdma.o
HAL_MDMA_GenerateSWRequest                        build/debug/stm32h7xx_hal_mdma.o
HAL_MDMA_GetError                                 build/debug/stm32h7xx_hal_mdma.o
HAL_MDMA_GetState                                 build/debug/stm32h7xx_hal_mdma.o
HAL_MDMA_IRQHandler                               build/debug/stm32h7xx_hal_mdma.o
HAL_MDMA_Init                                     build/debug/stm32h7xx_hal_mdma.o
HAL_MDMA_LinkedList_AddNode                       build/debug/stm32h7xx_hal_mdma.o
HAL_MDMA_LinkedList_CreateNode                    build/debug/stm32h7xx_hal_mdma.o
HAL_MDMA_LinkedList_DisableCircularMode           build/debug/stm32h7xx_hal_mdma.o
HAL_MDMA_LinkedList_EnableCircularMode            build/debug/stm32h7xx_hal_mdma.o
HAL_MDMA_LinkedList_RemoveNode                    build/debug/stm32h7xx_hal_mdma.o
HAL_MDMA_PollForTransfer                          build/debug/stm32h7xx_hal_mdma.o
HAL_MDMA_RegisterCallback                         build/debug/stm32h7xx_hal_mdma.o
HAL_MDMA_Start                                    build/debug/stm32h7xx_hal_mdma.o
HAL_MDMA_Start_IT                                 build/debug/stm32h7xx_hal_mdma.o
HAL_MDMA_UnRegisterCallback                       build/debug/stm32h7xx_hal_mdma.o
HAL_MPU_ConfigRegion                              build/debug/stm32h7xx_hal_cortex.o
                                                  build/debug/main.o
HAL_MPU_Disable                                   build/debug/stm32h7xx_hal_cortex.o
                                                  build/debug/main.o
HAL_MPU_DisableRegion                             build/debug/stm32h7xx_hal_cortex.o
HAL_MPU_Enable                                    build/debug/stm32h7xx_hal_cortex.o
                                                  build/debug/main.o
HAL_MPU_EnableRegion                              build/debug/stm32h7xx_hal_cortex.o
HAL_MspDeInit                                     build/debug/stm32h7xx_hal.o
HAL_MspInit                                       build/debug/stm32h7xx_hal_msp.o
                                                  build/debug/stm32h7xx_hal.o
HAL_NVIC_ClearPendingIRQ                          build/debug/stm32h7xx_hal_cortex.o
HAL_NVIC_DisableIRQ                               build/debug/stm32h7xx_hal_cortex.o
                                                  build/debug/stm32h7xx_hal_msp.o
HAL_NVIC_EnableIRQ                                build/debug/stm32h7xx_hal_cortex.o
                                                  build/debug/stm32h7xx_hal_msp.o
HAL_NVIC_GetActive                                build/debug/stm32h7xx_hal_cortex.o
HAL_NVIC_GetPendingIRQ                            build/debug/stm32h7xx_hal_cortex.o
HAL_NVIC_GetPriority                              build/debug/stm32h7xx_hal_cortex.o
HAL_NVIC_GetPriorityGrouping                      build/debug/stm32h7xx_hal_cortex.o
HAL_NVIC_SetPendingIRQ                            build/debug/stm32h7xx_hal_cortex.o
HAL_NVIC_SetPriority                              build/debug/stm32h7xx_hal_cortex.o
                                                  build/debug/stm32h7xx_hal_msp.o
                                                  build/debug/stm32h7xx_hal.o
HAL_NVIC_SetPriorityGrouping                      build/debug/stm32h7xx_hal_cortex.o
                                                  build/debug/stm32h7xx_hal.o
HAL_NVIC_SystemReset                              build/debug/stm32h7xx_hal_cortex.o
HAL_PWREx_AVDCallback                             build/debug/stm32h7xx_hal_pwr_ex.o
HAL_PWREx_ClearPendingEvent                       build/debug/stm32h7xx_hal_pwr_ex.o
HAL_PWREx_ClearWakeupFlag                         build/debug/stm32h7xx_hal_pwr_ex.o
HAL_PWREx_ConfigAVD                               build/debug/stm32h7xx_hal_pwr_ex.o
HAL_PWREx_ConfigD3Domain                          build/debug/stm32h7xx_hal_pwr_ex.o
HAL_PWREx_ConfigSupply                            build/debug/stm32h7xx_hal_pwr_ex.o
                                                  build/debug/main.o
HAL_PWREx_ControlStopModeVoltageScaling           build/debug/stm32h7xx_hal_pwr_ex.o
HAL_PWREx_ControlVoltageScaling                   build/debug/stm32h7xx_hal_pwr_ex.o
HAL_PWREx_DisableAVD                              build/debug/stm32h7xx_hal_pwr_ex.o
HAL_PWREx_DisableBatteryCharging                  build/debug/stm32h7xx_hal_pwr_ex.o
HAL_PWREx_DisableBkUpReg                          build/debug/stm32h7xx_hal_pwr_ex.o
HAL_PWREx_DisableFlashPowerDown                   build/debug/stm32h7xx_hal_pwr_ex.o
HAL_PWREx_DisableMonitoring                       build/debug/stm32h7xx_hal_pwr_ex.o
HAL_PWREx_DisableUSBReg                           build/debug/stm32h7xx_hal_pwr_ex.o
HAL_PWREx_DisableUSBVoltageDetector               build/debug/stm32h7xx_hal_pwr_ex.o
HAL_PWREx_DisableWakeUpPin                        build/debug/stm32h7xx_hal_pwr_ex.o
HAL_PWREx_EnableAVD                               build/debug/stm32h7xx_hal_pwr_ex.o
HAL_PWREx_EnableBatteryCharging                   build/debug/stm32h7xx_hal_pwr_ex.o
HAL_PWREx_EnableBkUpReg                           build/debug/stm32h7xx_hal_pwr_ex.o
HAL_PWREx_EnableFlashPowerDown                    build/debug/stm32h7xx_hal_pwr_ex.o
HAL_PWREx_EnableMonitoring                        build/debug/stm32h7xx_hal_pwr_ex.o
HAL_PWREx_EnableUSBReg                            build/debug/stm32h7xx_hal_pwr_ex.o
HAL_PWREx_EnableUSBVoltageDetector                build/debug/stm32h7xx_hal_pwr_ex.o
HAL_PWREx_EnableWakeUpPin                         build/debug/stm32h7xx_hal_pwr_ex.o
HAL_PWREx_EnterSTANDBYMode                        build/debug/stm32h7xx_hal_pwr_ex.o
HAL_PWREx_EnterSTOPMode                           build/debug/stm32h7xx_hal_pwr_ex.o
HAL_PWREx_GetStopModeVoltageRange                 build/debug/stm32h7xx_hal_pwr_ex.o
HAL_PWREx_GetSupplyConfig                         build/debug/stm32h7xx_hal_pwr_ex.o
HAL_PWREx_GetTemperatureLevel                     build/debug/stm32h7xx_hal_pwr_ex.o
HAL_PWREx_GetVBATLevel                            build/debug/stm32h7xx_hal_pwr_ex.o
HAL_PWREx_GetVoltageRange                         build/debug/stm32h7xx_hal_pwr_ex.o
HAL_PWREx_GetWakeupFlag                           build/debug/stm32h7xx_hal_pwr_ex.o
HAL_PWREx_PVD_AVD_IRQHandler                      build/debug/stm32h7xx_hal_pwr_ex.o
HAL_PWREx_WAKEUP_PIN_IRQHandler                   build/debug/stm32h7xx_hal_pwr_ex.o
HAL_PWREx_WKUP1_Callback                          build/debug/stm32h7xx_hal_pwr_ex.o
HAL_PWREx_WKUP2_Callback                          build/debug/stm32h7xx_hal_pwr_ex.o
HAL_PWREx_WKUP3_Callback                          build/debug/stm32h7xx_hal_pwr_ex.o
HAL_PWREx_WKUP4_Callback                          build/debug/stm32h7xx_hal_pwr_ex.o
HAL_PWREx_WKUP5_Callback                          build/debug/stm32h7xx_hal_pwr_ex.o
HAL_PWREx_WKUP6_Callback                          build/debug/stm32h7xx_hal_pwr_ex.o
HAL_PWR_ConfigPVD                                 build/debug/stm32h7xx_hal_pwr.o
HAL_PWR_DeInit                                    build/debug/stm32h7xx_hal_pwr.o
HAL_PWR_DisableBkUpAccess                         build/debug/stm32h7xx_hal_pwr.o
HAL_PWR_DisablePVD                                build/debug/stm32h7xx_hal_pwr.o
HAL_PWR_DisableSEVOnPend                          build/debug/stm32h7xx_hal_pwr.o
HAL_PWR_DisableSleepOnExit                        build/debug/stm32h7xx_hal_pwr.o
HAL_PWR_DisableWakeUpPin                          build/debug/stm32h7xx_hal_pwr.o
HAL_PWR_EnableBkUpAccess                          build/debug/stm32h7xx_hal_pwr.o
HAL_PWR_EnablePVD                                 build/debug/stm32h7xx_hal_pwr.o
HAL_PWR_EnableSEVOnPend                           build/debug/stm32h7xx_hal_pwr.o
HAL_PWR_EnableSleepOnExit                         build/debug/stm32h7xx_hal_pwr.o
HAL_PWR_EnableWakeUpPin                           build/debug/stm32h7xx_hal_pwr.o
HAL_PWR_EnterSLEEPMode                            build/debug/stm32h7xx_hal_pwr.o
HAL_PWR_EnterSTANDBYMode                          build/debug/stm32h7xx_hal_pwr.o
HAL_PWR_EnterSTOPMode                             build/debug/stm32h7xx_hal_pwr.o
HAL_PWR_PVDCallback                               build/debug/stm32h7xx_hal_pwr.o
                                                  build/debug/stm32h7xx_hal_pwr_ex.o
HAL_PWR_PVD_IRQHandler                            build/debug/stm32h7xx_hal_pwr.o
HAL_RCCEx_CRSConfig                               build/debug/stm32h7xx_hal_rcc_ex.o
HAL_RCCEx_CRSGetSynchronizationInfo               build/debug/stm32h7xx_hal_rcc_ex.o
HAL_RCCEx_CRSSoftwareSynchronizationGenerate      build/debug/stm32h7xx_hal_rcc_ex.o
HAL_RCCEx_CRSWaitSynchronization                  build/debug/stm32h7xx_hal_rcc_ex.o
HAL_RCCEx_CRS_ErrorCallback                       build/debug/stm32h7xx_hal_rcc_ex.o
HAL_RCCEx_CRS_ExpectedSyncCallback                build/debug/stm32h7xx_hal_rcc_ex.o
HAL_RCCEx_CRS_IRQHandler                          build/debug/stm32h7xx_hal_rcc_ex.o
HAL_RCCEx_CRS_SyncOkCallback                      build/debug/stm32h7xx_hal_rcc_ex.o
HAL_RCCEx_CRS_SyncWarnCallback                    build/debug/stm32h7xx_hal_rcc_ex.o
HAL_RCCEx_DisableLSECSS                           build/debug/stm32h7xx_hal_rcc_ex.o
HAL_RCCEx_EnableLSECSS                            build/debug/stm32h7xx_hal_rcc_ex.o
HAL_RCCEx_EnableLSECSS_IT                         build/debug/stm32h7xx_hal_rcc_ex.o
HAL_RCCEx_GetD1PCLK1Freq                          build/debug/stm32h7xx_hal_rcc_ex.o
HAL_RCCEx_GetD1SysClockFreq                       build/debug/stm32h7xx_hal_rcc_ex.o
HAL_RCCEx_GetD3PCLK1Freq                          build/debug/stm32h7xx_hal_rcc_ex.o
HAL_RCCEx_GetPLL1ClockFreq                        build/debug/stm32h7xx_hal_rcc_ex.o
HAL_RCCEx_GetPLL2ClockFreq                        build/debug/stm32h7xx_hal_rcc_ex.o
HAL_RCCEx_GetPLL3ClockFreq                        build/debug/stm32h7xx_hal_rcc_ex.o
HAL_RCCEx_GetPeriphCLKConfig                      build/debug/stm32h7xx_hal_rcc_ex.o
HAL_RCCEx_GetPeriphCLKFreq                        build/debug/stm32h7xx_hal_rcc_ex.o
HAL_RCCEx_KerWakeUpStopCLKConfig                  build/debug/stm32h7xx_hal_rcc_ex.o
HAL_RCCEx_LSECSS_Callback                         build/debug/stm32h7xx_hal_rcc_ex.o
HAL_RCCEx_LSECSS_IRQHandler                       build/debug/stm32h7xx_hal_rcc_ex.o
HAL_RCCEx_PeriphCLKConfig                         build/debug/stm32h7xx_hal_rcc_ex.o
                                                  build/debug/stm32h7xx_hal_msp.o
HAL_RCCEx_WWDGxSysResetConfig                     build/debug/stm32h7xx_hal_rcc_ex.o
HAL_RCCEx_WakeUpStopCLKConfig                     build/debug/stm32h7xx_hal_rcc_ex.o
HAL_RCC_CSSCallback                               build/debug/stm32h7xx_hal_rcc.o
HAL_RCC_ClockConfig                               build/debug/stm32h7xx_hal_rcc.o
                                                  build/debug/main.o
HAL_RCC_DeInit                                    build/debug/stm32h7xx_hal_rcc.o
HAL_RCC_DisableCSS                                build/debug/stm32h7xx_hal_rcc.o
HAL_RCC_EnableCSS                                 build/debug/stm32h7xx_hal_rcc.o
HAL_RCC_GetClockConfig                            build/debug/stm32h7xx_hal_rcc.o
HAL_RCC_GetHCLKFreq                               build/debug/stm32h7xx_hal_rcc.o
                                                  build/debug/stm32h7xx_hal_rcc_ex.o
HAL_RCC_GetOscConfig                              build/debug/stm32h7xx_hal_rcc.o
HAL_RCC_GetPCLK1Freq                              build/debug/stm32h7xx_hal_rcc.o
                                                  build/debug/stm32h7xx_hal_rcc_ex.o
HAL_RCC_GetPCLK2Freq                              build/debug/stm32h7xx_hal_rcc.o
HAL_RCC_GetSysClockFreq                           build/debug/stm32h7xx_hal_rcc.o
                                                  build/debug/stm32h7xx_hal_rcc_ex.o
                                                  build/debug/stm32h7xx_hal.o
HAL_RCC_MCOConfig                                 build/debug/stm32h7xx_hal_rcc.o
HAL_RCC_NMI_IRQHandler                            build/debug/stm32h7xx_hal_rcc.o
HAL_RCC_OscConfig                                 build/debug/stm32h7xx_hal_rcc.o
                                                  build/debug/main.o
HAL_ResumeTick                                    build/debug/stm32h7xx_hal.o
HAL_SYSCFG_AnalogSwitchConfig                     build/debug/stm32h7xx_hal.o
HAL_SYSCFG_CM7BootAddConfig                       build/debug/stm32h7xx_hal.o
HAL_SYSCFG_CompensationCodeConfig                 build/debug/stm32h7xx_hal.o
HAL_SYSCFG_CompensationCodeSelect                 build/debug/stm32h7xx_hal.o
HAL_SYSCFG_DisableBOOST                           build/debug/stm32h7xx_hal.o
HAL_SYSCFG_DisableIOSpeedOptimize                 build/debug/stm32h7xx_hal.o
HAL_SYSCFG_DisableVREFBUF                         build/debug/stm32h7xx_hal.o
HAL_SYSCFG_ETHInterfaceSelect                     build/debug/stm32h7xx_hal.o
HAL_SYSCFG_EnableBOOST                            build/debug/stm32h7xx_hal.o
HAL_SYSCFG_EnableIOSpeedOptimize                  build/debug/stm32h7xx_hal.o
HAL_SYSCFG_EnableVREFBUF                          build/debug/stm32h7xx_hal.o
HAL_SYSCFG_VREFBUF_HighImpedanceConfig            build/debug/stm32h7xx_hal.o
HAL_SYSCFG_VREFBUF_TrimmingConfig                 build/debug/stm32h7xx_hal.o
HAL_SYSCFG_VREFBUF_VoltageScalingConfig           build/debug/stm32h7xx_hal.o
HAL_SYSTICK_CLKSourceConfig                       build/debug/stm32h7xx_hal_cortex.o
HAL_SYSTICK_Callback                              build/debug/stm32h7xx_hal_cortex.o
HAL_SYSTICK_Config                                build/debug/stm32h7xx_hal_cortex.o
                                                  build/debug/stm32h7xx_hal.o
HAL_SYSTICK_IRQHandler                            build/debug/stm32h7xx_hal_cortex.o
HAL_SetFMCMemorySwappingConfig                    build/debug/stm32h7xx_hal.o
HAL_SetTickFreq                                   build/debug/stm32h7xx_hal.o
HAL_SuspendTick                                   build/debug/stm32h7xx_hal.o
HRTIM1_FLT_IRQHandler                             build/debug/startup_stm32h743xx.o
HRTIM1_Master_IRQHandler                          build/debug/startup_stm32h743xx.o
HRTIM1_TIMA_IRQHandler                            build/debug/startup_stm32h743xx.o
HRTIM1_TIMB_IRQHandler                            build/debug/startup_stm32h743xx.o
HRTIM1_TIMC_IRQHandler                            build/debug/startup_stm32h743xx.o
HRTIM1_TIMD_IRQHandler                            build/debug/startup_stm32h743xx.o
HRTIM1_TIME_IRQHandler                            build/debug/startup_stm32h743xx.o
HSEM1_IRQHandler                                  build/debug/startup_stm32h743xx.o
HardFault_Handler                                 build/debug/stm32h7xx_it.o
I2C1_ER_IRQHandler                                build/debug/startup_stm32h743xx.o
I2C1_EV_IRQHandler                                build/debug/startup_stm32h743xx.o
I2C2_ER_IRQHandler                                build/debug/startup_stm32h743xx.o
I2C2_EV_IRQHandler                                build/debug/startup_stm32h743xx.o
I2C3_ER_IRQHandler                                build/debug/startup_stm32h743xx.o
I2C3_EV_IRQHandler                                build/debug/startup_stm32h743xx.o
I2C4_ER_IRQHandler                                build/debug/startup_stm32h743xx.o
I2C4_EV_IRQHandler                                build/debug/startup_stm32h743xx.o
JPEG_IRQHandler                                   build/debug/startup_stm32h743xx.o
LPTIM1_IRQHandler                                 build/debug/startup_stm32h743xx.o
LPTIM2_IRQHandler                                 build/debug/startup_stm32h743xx.o
LPTIM3_IRQHandler                                 build/debug/startup_stm32h743xx.o
LPTIM4_IRQHandler                                 build/debug/startup_stm32h743xx.o
LPTIM5_IRQHandler                                 build/debug/startup_stm32h743xx.o
LPUART1_IRQHandler                                build/debug/startup_stm32h743xx.o
LTDC_ER_IRQHandler                                build/debug/startup_stm32h743xx.o
LTDC_IRQHandler                                   build/debug/stm32h7xx_it.o
MDIOS_IRQHandler                                  build/debug/startup_stm32h743xx.o
MDIOS_WKUP_IRQHandler                             build/debug/startup_stm32h743xx.o
MDMA_IRQHandler                                   build/debug/startup_stm32h743xx.o
MemManage_Handler                                 build/debug/stm32h7xx_it.o
NMI_Handler                                       build/debug/stm32h7xx_it.o
OTG_FS_EP1_IN_IRQHandler                          build/debug/startup_stm32h743xx.o
OTG_FS_EP1_OUT_IRQHandler                         build/debug/startup_stm32h743xx.o
OTG_FS_IRQHandler                                 build/debug/startup_stm32h743xx.o
OTG_FS_WKUP_IRQHandler                            build/debug/startup_stm32h743xx.o
OTG_HS_EP1_IN_IRQHandler                          build/debug/startup_stm32h743xx.o
OTG_HS_EP1_OUT_IRQHandler                         build/debug/startup_stm32h743xx.o
OTG_HS_IRQHandler                                 build/debug/startup_stm32h743xx.o
OTG_HS_WKUP_IRQHandler                            build/debug/startup_stm32h743xx.o
PVD_AVD_IRQHandler                                build/debug/startup_stm32h743xx.o
PendSV_Handler                                    build/debug/stm32h7xx_it.o
QUADSPI_IRQHandler                                build/debug/startup_stm32h743xx.o
RCC_IRQHandler                                    build/debug/startup_stm32h743xx.o
RNG_IRQHandler                                    build/debug/startup_stm32h743xx.o
RTC_Alarm_IRQHandler                              build/debug/startup_stm32h743xx.o
RTC_WKUP_IRQHandler                               build/debug/startup_stm32h743xx.o
Reset_Handler                                     build/debug/startup_stm32h743xx.o
SAI1_IRQHandler                                   build/debug/startup_stm32h743xx.o
SAI2_IRQHandler                                   build/debug/startup_stm32h743xx.o
SAI3_IRQHandler                                   build/debug/startup_stm32h743xx.o
SAI4_IRQHandler                                   build/debug/startup_stm32h743xx.o
SDMMC1_IRQHandler                                 build/debug/startup_stm32h743xx.o
SDMMC2_IRQHandler                                 build/debug/startup_stm32h743xx.o
SPDIF_RX_IRQHandler                               build/debug/startup_stm32h743xx.o
SPI1_IRQHandler                                   build/debug/startup_stm32h743xx.o
SPI2_IRQHandler                                   build/debug/startup_stm32h743xx.o
SPI3_IRQHandler                                   build/debug/startup_stm32h743xx.o
SPI4_IRQHandler                                   build/debug/startup_stm32h743xx.o
SPI5_IRQHandler                                   build/debug/startup_stm32h743xx.o
SPI6_IRQHandler                                   build/debug/startup_stm32h743xx.o
SVC_Handler                                       build/debug/stm32h7xx_it.o
SWPMI1_IRQHandler                                 build/debug/startup_stm32h743xx.o
SysTick_Handler                                   build/debug/stm32h7xx_it.o
SystemClock_Config                                build/debug/main.o
SystemCoreClock                                   build/debug/system_stm32h7xx.o
                                                  build/debug/stm32h7xx_hal_rcc_ex.o
                                                  build/debug/stm32h7xx_hal_rcc.o
                                                  build/debug/stm32h7xx_hal_mdma.o
                                                  build/debug/stm32h7xx_hal_dma.o
                                                  build/debug/stm32h7xx_hal.o
SystemCoreClockUpdate                             build/debug/system_stm32h7xx.o
SystemD2Clock                                     build/debug/system_stm32h7xx.o
                                                  build/debug/stm32h7xx_hal_rcc_ex.o
                                                  build/debug/stm32h7xx_hal_rcc.o
                                                  build/debug/stm32h7xx_hal.o
SystemInit                                        build/debug/system_stm32h7xx.o
                                                  build/debug/startup_stm32h743xx.o
TAMP_STAMP_IRQHandler                             build/debug/startup_stm32h743xx.o
TIM15_IRQHandler                                  build/debug/startup_stm32h743xx.o
TIM16_IRQHandler                                  build/debug/startup_stm32h743xx.o
TIM17_IRQHandler                                  build/debug/startup_stm32h743xx.o
TIM1_BRK_IRQHandler                               build/debug/startup_stm32h743xx.o
TIM1_CC_IRQHandler                                build/debug/startup_stm32h743xx.o
TIM1_TRG_COM_IRQHandler                           build/debug/startup_stm32h743xx.o
TIM1_UP_IRQHandler                                build/debug/startup_stm32h743xx.o
TIM2_IRQHandler                                   build/debug/startup_stm32h743xx.o
TIM3_IRQHandler                                   build/debug/startup_stm32h743xx.o
TIM4_IRQHandler                                   build/debug/startup_stm32h743xx.o
TIM5_IRQHandler                                   build/debug/startup_stm32h743xx.o
TIM6_DAC_IRQHandler                               build/debug/startup_stm32h743xx.o
TIM7_IRQHandler                                   build/debug/startup_stm32h743xx.o
TIM8_BRK_TIM12_IRQHandler                         build/debug/startup_stm32h743xx.o
TIM8_CC_IRQHandler                                build/debug/startup_stm32h743xx.o
TIM8_TRG_COM_TIM14_IRQHandler                     build/debug/startup_stm32h743xx.o
TIM8_UP_TIM13_IRQHandler                          build/debug/startup_stm32h743xx.o
UART4_IRQHandler                                  build/debug/startup_stm32h743xx.o
UART5_IRQHandler                                  build/debug/startup_stm32h743xx.o
UART7_IRQHandler                                  build/debug/startup_stm32h743xx.o
UART8_IRQHandler                                  build/debug/startup_stm32h743xx.o
USART1_IRQHandler                                 build/debug/startup_stm32h743xx.o
USART2_IRQHandler                                 build/debug/startup_stm32h743xx.o
USART3_IRQHandler                                 build/debug/startup_stm32h743xx.o
USART6_IRQHandler                                 build/debug/startup_stm32h743xx.o
UsageFault_Handler                                build/debug/stm32h7xx_it.o
WAKEUP_PIN_IRQHandler                             build/debug/startup_stm32h743xx.o
WWDG_IRQHandler                                   build/debug/startup_stm32h743xx.o
_Min_Stack_Size                                   build/debug/sysmem.o
__atexit                                          /Users/rasil/Library/Application Support/Code/User/globalStorage/bmd.stm32-for-vscode/@xpack-dev-tools/arm-none-eabi-gcc/14.2.1-1.1.1/.content/bin/../lib/gcc/arm-none-eabi/14.2.1/../../../../arm-none-eabi/lib/thumb/v7e-m+dp/hard/libc_nano.a(libc_a-__call_atexit.o)
                                                  /Users/rasil/Library/Application Support/Code/User/globalStorage/bmd.stm32-for-vscode/@xpack-dev-tools/arm-none-eabi-gcc/14.2.1-1.1.1/.content/bin/../lib/gcc/arm-none-eabi/14.2.1/../../../../arm-none-eabi/lib/thumb/v7e-m+dp/hard/libc_nano.a(libc_a-__atexit.o)
__atexit0                                         /Users/rasil/Library/Application Support/Code/User/globalStorage/bmd.stm32-for-vscode/@xpack-dev-tools/arm-none-eabi-gcc/14.2.1-1.1.1/.content/bin/../lib/gcc/arm-none-eabi/14.2.1/../../../../arm-none-eabi/lib/thumb/v7e-m+dp/hard/libc_nano.a(libc_a-__atexit.o)
__atexit_dummy                                    /Users/rasil/Library/Application Support/Code/User/globalStorage/bmd.stm32-for-vscode/@xpack-dev-tools/arm-none-eabi-gcc/14.2.1-1.1.1/.content/bin/../lib/gcc/arm-none-eabi/14.2.1/../../../../arm-none-eabi/lib/thumb/v7e-m+dp/hard/libc_nano.a(libc_a-__atexit.o)
__atexit_recursive_mutex                          /Users/rasil/Library/Application Support/Code/User/globalStorage/bmd.stm32-for-vscode/@xpack-dev-tools/arm-none-eabi-gcc/14.2.1-1.1.1/.content/bin/../lib/gcc/arm-none-eabi/14.2.1/../../../../arm-none-eabi/lib/thumb/v7e-m+dp/hard/libc_nano.a(libc_a-__call_atexit.o)
                                                  /Users/rasil/Library/Application Support/Code/User/globalStorage/bmd.stm32-for-vscode/@xpack-dev-tools/arm-none-eabi-gcc/14.2.1-1.1.1/.content/bin/../lib/gcc/arm-none-eabi/14.2.1/../../../../arm-none-eabi/lib/thumb/v7e-m+dp/hard/libc_nano.a(libc_a-__atexit.o)
__bss_end__                                       /Users/rasil/Library/Application Support/Code/User/globalStorage/bmd.stm32-for-vscode/@xpack-dev-tools/arm-none-eabi-gcc/14.2.1-1.1.1/.content/bin/../lib/gcc/arm-none-eabi/14.2.1/../../../../arm-none-eabi/lib/thumb/v7e-m+dp/hard/crt0.o
__bss_start__                                     /Users/rasil/Library/Application Support/Code/User/globalStorage/bmd.stm32-for-vscode/@xpack-dev-tools/arm-none-eabi-gcc/14.2.1-1.1.1/.content/bin/../lib/gcc/arm-none-eabi/14.2.1/../../../../arm-none-eabi/lib/thumb/v7e-m+dp/hard/crt0.o
__call_exitprocs                                  /Users/rasil/Library/Application Support/Code/User/globalStorage/bmd.stm32-for-vscode/@xpack-dev-tools/arm-none-eabi-gcc/14.2.1-1.1.1/.content/bin/../lib/gcc/arm-none-eabi/14.2.1/../../../../arm-none-eabi/lib/thumb/v7e-m+dp/hard/libc_nano.a(libc_a-__call_atexit.o)
                                                  /Users/rasil/Library/Application Support/Code/User/globalStorage/bmd.stm32-for-vscode/@xpack-dev-tools/arm-none-eabi-gcc/14.2.1-1.1.1/.content/bin/../lib/gcc/arm-none-eabi/14.2.1/../../../../arm-none-eabi/lib/thumb/v7e-m+dp/hard/libc_nano.a(libc_a-__atexit.o)
                                                  /Users/rasil/Library/Application Support/Code/User/globalStorage/bmd.stm32-for-vscode/@xpack-dev-tools/arm-none-eabi-gcc/14.2.1-1.1.1/.content/bin/../lib/gcc/arm-none-eabi/14.2.1/../../../../arm-none-eabi/lib/thumb/v7e-m+dp/hard/libc_nano.a(libc_a-exit.o)
__deregister_frame_info                           /Users/rasil/Library/Application Support/Code/User/globalStorage/bmd.stm32-for-vscode/@xpack-dev-tools/arm-none-eabi-gcc/14.2.1-1.1.1/.content/bin/../lib/gcc/arm-none-eabi/14.2.1/thumb/v7e-m+dp/hard/crtbegin.o
__dso_handle                                      /Users/rasil/Library/Application Support/Code/User/globalStorage/bmd.stm32-for-vscode/@xpack-dev-tools/arm-none-eabi-gcc/14.2.1-1.1.1/.content/bin/../lib/gcc/arm-none-eabi/14.2.1/thumb/v7e-m+dp/hard/crtbegin.o
__env                                             build/debug/syscalls.o
__errno                                           /Users/rasil/Library/Application Support/Code/User/globalStorage/bmd.stm32-for-vscode/@xpack-dev-tools/arm-none-eabi-gcc/14.2.1-1.1.1/.content/bin/../lib/gcc/arm-none-eabi/14.2.1/../../../../arm-none-eabi/lib/thumb/v7e-m+dp/hard/libc_nano.a(libc_a-errno.o)
                                                  build/debug/sysmem.o
                                                  build/debug/syscalls.o
__fini_array_end                                  /Users/rasil/Library/Application Support/Code/User/globalStorage/bmd.stm32-for-vscode/@xpack-dev-tools/arm-none-eabi-gcc/14.2.1-1.1.1/.content/bin/../lib/gcc/arm-none-eabi/14.2.1/../../../../arm-none-eabi/lib/thumb/v7e-m+dp/hard/libc_nano.a(libc_a-fini.o)